Archive member included to satisfy reference by file (symbol)

/usr/lib/gcc/arm-none-eabi/10.3.1/../../../arm-none-eabi/lib/thumb/v7e-m+fp/hard/libm.a(lib_a-csqrt.o)
                              ./objects/butterworth.o (csqrt)
/usr/lib/gcc/arm-none-eabi/10.3.1/../../../arm-none-eabi/lib/thumb/v7e-m+fp/hard/libm.a(lib_a-s_cos.o)
                              ./objects/biquad.o (cos)
/usr/lib/gcc/arm-none-eabi/10.3.1/../../../arm-none-eabi/lib/thumb/v7e-m+fp/hard/libm.a(lib_a-s_fabs.o)
                              /usr/lib/gcc/arm-none-eabi/10.3.1/../../../arm-none-eabi/lib/thumb/v7e-m+fp/hard/libm.a(lib_a-csqrt.o) (fabs)
/usr/lib/gcc/arm-none-eabi/10.3.1/../../../arm-none-eabi/lib/thumb/v7e-m+fp/hard/libm.a(lib_a-sf_cos.o)
                              ./objects/biquad.o (cosf)
/usr/lib/gcc/arm-none-eabi/10.3.1/../../../arm-none-eabi/lib/thumb/v7e-m+fp/hard/libm.a(lib_a-sf_round.o)
                              ./objects/gpsutilities.o (roundf)
/usr/lib/gcc/arm-none-eabi/10.3.1/../../../arm-none-eabi/lib/thumb/v7e-m+fp/hard/libm.a(lib_a-sf_sin.o)
                              ./objects/biquad.o (sinf)
/usr/lib/gcc/arm-none-eabi/10.3.1/../../../arm-none-eabi/lib/thumb/v7e-m+fp/hard/libm.a(lib_a-sf_tan.o)
                              ./objects/butterworth.o (tanf)
/usr/lib/gcc/arm-none-eabi/10.3.1/../../../arm-none-eabi/lib/thumb/v7e-m+fp/hard/libm.a(lib_a-w_sqrt.o)
                              /usr/lib/gcc/arm-none-eabi/10.3.1/../../../arm-none-eabi/lib/thumb/v7e-m+fp/hard/libm.a(lib_a-csqrt.o) (sqrt)
/usr/lib/gcc/arm-none-eabi/10.3.1/../../../arm-none-eabi/lib/thumb/v7e-m+fp/hard/libm.a(lib_a-wf_acos.o)
                              ./objects/gpsutilities.o (acosf)
/usr/lib/gcc/arm-none-eabi/10.3.1/../../../arm-none-eabi/lib/thumb/v7e-m+fp/hard/libm.a(lib_a-wf_hypot.o)
                              ./objects/butterworth.o (hypotf)
/usr/lib/gcc/arm-none-eabi/10.3.1/../../../arm-none-eabi/lib/thumb/v7e-m+fp/hard/libm.a(lib_a-wf_pow.o)
                              ./objects/main.o (powf)
/usr/lib/gcc/arm-none-eabi/10.3.1/../../../arm-none-eabi/lib/thumb/v7e-m+fp/hard/libm.a(lib_a-wf_sinh.o)
                              ./objects/biquad.o (sinhf)
/usr/lib/gcc/arm-none-eabi/10.3.1/../../../arm-none-eabi/lib/thumb/v7e-m+fp/hard/libm.a(lib_a-wf_sqrt.o)
                              ./objects/butterworth.o (sqrtf)
/usr/lib/gcc/arm-none-eabi/10.3.1/../../../arm-none-eabi/lib/thumb/v7e-m+fp/hard/libm.a(lib_a-cabs.o)
                              /usr/lib/gcc/arm-none-eabi/10.3.1/../../../arm-none-eabi/lib/thumb/v7e-m+fp/hard/libm.a(lib_a-csqrt.o) (cabs)
/usr/lib/gcc/arm-none-eabi/10.3.1/../../../arm-none-eabi/lib/thumb/v7e-m+fp/hard/libm.a(lib_a-cimag.o)
                              /usr/lib/gcc/arm-none-eabi/10.3.1/../../../arm-none-eabi/lib/thumb/v7e-m+fp/hard/libm.a(lib_a-csqrt.o) (cimag)
/usr/lib/gcc/arm-none-eabi/10.3.1/../../../arm-none-eabi/lib/thumb/v7e-m+fp/hard/libm.a(lib_a-creal.o)
                              /usr/lib/gcc/arm-none-eabi/10.3.1/../../../arm-none-eabi/lib/thumb/v7e-m+fp/hard/libm.a(lib_a-csqrt.o) (creal)
/usr/lib/gcc/arm-none-eabi/10.3.1/../../../arm-none-eabi/lib/thumb/v7e-m+fp/hard/libm.a(lib_a-e_rem_pio2.o)
                              /usr/lib/gcc/arm-none-eabi/10.3.1/../../../arm-none-eabi/lib/thumb/v7e-m+fp/hard/libm.a(lib_a-s_cos.o) (__ieee754_rem_pio2)
/usr/lib/gcc/arm-none-eabi/10.3.1/../../../arm-none-eabi/lib/thumb/v7e-m+fp/hard/libm.a(lib_a-e_sqrt.o)
                              /usr/lib/gcc/arm-none-eabi/10.3.1/../../../arm-none-eabi/lib/thumb/v7e-m+fp/hard/libm.a(lib_a-w_sqrt.o) (__ieee754_sqrt)
/usr/lib/gcc/arm-none-eabi/10.3.1/../../../arm-none-eabi/lib/thumb/v7e-m+fp/hard/libm.a(lib_a-ef_acos.o)
                              /usr/lib/gcc/arm-none-eabi/10.3.1/../../../arm-none-eabi/lib/thumb/v7e-m+fp/hard/libm.a(lib_a-wf_acos.o) (__ieee754_acosf)
/usr/lib/gcc/arm-none-eabi/10.3.1/../../../arm-none-eabi/lib/thumb/v7e-m+fp/hard/libm.a(lib_a-ef_hypot.o)
                              /usr/lib/gcc/arm-none-eabi/10.3.1/../../../arm-none-eabi/lib/thumb/v7e-m+fp/hard/libm.a(lib_a-wf_hypot.o) (__ieee754_hypotf)
/usr/lib/gcc/arm-none-eabi/10.3.1/../../../arm-none-eabi/lib/thumb/v7e-m+fp/hard/libm.a(lib_a-ef_pow.o)
                              /usr/lib/gcc/arm-none-eabi/10.3.1/../../../arm-none-eabi/lib/thumb/v7e-m+fp/hard/libm.a(lib_a-wf_pow.o) (__ieee754_powf)
/usr/lib/gcc/arm-none-eabi/10.3.1/../../../arm-none-eabi/lib/thumb/v7e-m+fp/hard/libm.a(lib_a-ef_rem_pio2.o)
                              /usr/lib/gcc/arm-none-eabi/10.3.1/../../../arm-none-eabi/lib/thumb/v7e-m+fp/hard/libm.a(lib_a-sf_cos.o) (__ieee754_rem_pio2f)
/usr/lib/gcc/arm-none-eabi/10.3.1/../../../arm-none-eabi/lib/thumb/v7e-m+fp/hard/libm.a(lib_a-ef_sinh.o)
                              /usr/lib/gcc/arm-none-eabi/10.3.1/../../../arm-none-eabi/lib/thumb/v7e-m+fp/hard/libm.a(lib_a-wf_sinh.o) (__ieee754_sinhf)
[...]
Memory Configuration

Name             Origin             Length             Attributes
FLASH            0x0000000000004000 0x000000000003c000 xr
RAM              0x0000000020000000 0x0000000000008000 xrw
*default*        0x0000000000000000 0xffffffffffffffff

Linker script and memory map

LOAD /usr/lib/gcc/arm-none-eabi/10.3.1/thumb/v7e-m+fp/hard/crti.o
LOAD /usr/lib/gcc/arm-none-eabi/10.3.1/thumb/v7e-m+fp/hard/crtbegin.o
LOAD /usr/lib/gcc/arm-none-eabi/10.3.1/../../../arm-none-eabi/lib/thumb/v7e-m+fp/hard/crt0.o
LOAD ./objects/audioConfig.o
LOAD ./objects/audioMoth.o
LOAD ./objects/biquad.o
LOAD ./objects/butterworth.o
LOAD ./objects/digitalFilter.o
LOAD ./objects/diskio.o
LOAD ./objects/dmactrl.o
LOAD ./objects/em_acmp.o
LOAD ./objects/em_adc.o
LOAD ./objects/em_aes.o
LOAD ./objects/em_assert.o
LOAD ./objects/em_burtc.o
LOAD ./objects/em_can.o
LOAD ./objects/em_cmu.o
LOAD ./objects/em_core.o
LOAD ./objects/em_cryotimer.o
LOAD ./objects/em_crypto.o
LOAD ./objects/em_csen.o
LOAD ./objects/em_dac.o
LOAD ./objects/em_dbg.o
LOAD ./objects/em_dma.o
LOAD ./objects/em_ebi.o
LOAD ./objects/em_emu.o
LOAD ./objects/em_gpcrc.o
LOAD ./objects/em_gpio.o
LOAD ./objects/em_i2c.o
LOAD ./objects/em_idac.o
LOAD ./objects/em_lcd.o
LOAD ./objects/em_ldma.o
LOAD ./objects/em_lesense.o
LOAD ./objects/em_letimer.o
LOAD ./objects/em_leuart.o
LOAD ./objects/em_mpu.o
LOAD ./objects/em_msc.o
LOAD ./objects/em_opamp.o
LOAD ./objects/em_pcnt.o
LOAD ./objects/em_prs.o
LOAD ./objects/em_qspi.o
LOAD ./objects/em_rmu.o
LOAD ./objects/em_rtc.o
LOAD ./objects/em_rtcc.o
LOAD ./objects/em_system.o
LOAD ./objects/em_timer.o
LOAD ./objects/em_usart.o
LOAD ./objects/em_usbd.o
LOAD ./objects/em_usbdch9.o
LOAD ./objects/em_usbdep.o
LOAD ./objects/em_usbdint.o
LOAD ./objects/em_usbhal.o
LOAD ./objects/em_usbtimer.o
LOAD ./objects/em_vcmp.o
LOAD ./objects/em_vdac.o
LOAD ./objects/em_wdog.o
LOAD ./objects/ff.o
LOAD ./objects/ffunicode.o
LOAD ./objects/gps.o
LOAD ./objects/gpsinterface.o
LOAD ./objects/gpsutilities.o
LOAD ./objects/main.o
LOAD ./objects/microsd.o
LOAD ./objects/nmeaparser.o
LOAD ./objects/startup_efm32wg.o
LOAD ./objects/sunrise.o
LOAD ./objects/system_efm32wg.o
LOAD /usr/lib/gcc/arm-none-eabi/10.3.1/../../../arm-none-eabi/lib/thumb/v7e-m+fp/hard/libm.a
START GROUP
LOAD /usr/lib/gcc/arm-none-eabi/10.3.1/thumb/v7e-m+fp/hard/libgcc.a
LOAD /usr/lib/gcc/arm-none-eabi/10.3.1/../../../arm-none-eabi/lib/thumb/v7e-m+fp/hard/libc_nano.a
LOAD /usr/lib/gcc/arm-none-eabi/10.3.1/../../../arm-none-eabi/lib/thumb/v7e-m+fp/hard/libnosys.a
END GROUP
START GROUP
LOAD /usr/lib/gcc/arm-none-eabi/10.3.1/thumb/v7e-m+fp/hard/libgcc.a
LOAD /usr/lib/gcc/arm-none-eabi/10.3.1/../../../arm-none-eabi/lib/thumb/v7e-m+fp/hard/libc_nano.a
END GROUP
START GROUP
LOAD /usr/lib/gcc/arm-none-eabi/10.3.1/thumb/v7e-m+fp/hard/libgcc.a
LOAD /usr/lib/gcc/arm-none-eabi/10.3.1/../../../arm-none-eabi/lib/thumb/v7e-m+fp/hard/libc_nano.a
END GROUP
LOAD /usr/lib/gcc/arm-none-eabi/10.3.1/thumb/v7e-m+fp/hard/crtend.o
LOAD /usr/lib/gcc/arm-none-eabi/10.3.1/thumb/v7e-m+fp/hard/crtn.o

.text           0x0000000000004000    0x2a0cc
 *(.vectors)
 .vectors       0x0000000000004000       0xe0 ./objects/startup_efm32wg.o
                0x0000000000004000                __Vectors
                0x00000000000040e0                __Vectors_End = .
                0x00000000000040e0                __Vectors_Size = (__Vectors_End - __Vectors)
                0x0000000020004190                __end__ = .
 *(.text*)
 .text          0x00000000000040e0       0x88 /usr/lib/gcc/arm-none-eabi/10.3.1/thumb/v7e-m+fp/hard/crtbegin.o
 .text          0x0000000000004168       0x70 /usr/lib/gcc/arm-none-eabi/10.3.1/../../../arm-none-eabi/lib/thumb/v7e-m+fp/hard/crt0.o
                0x0000000000004168                _stack_init
                0x0000000000004170                _mainCRTStartup
                0x0000000000004170                _start
 .text.AudioMoth_handleMicrophoneInterrupt
                0x00000000000041d8       0x14 ./objects/audioConfig.o
                0x00000000000041d8                AudioMoth_handleMicrophoneInterrupt
 .text.AudioConfig_enableAudioConfiguration
                0x00000000000041ec       0x8c ./objects/audioConfig.o
                0x00000000000041ec                AudioConfig_enableAudioConfiguration
 .text.AudioConfig_disableAudioConfiguration
                0x0000000000004278        0x4 ./objects/audioConfig.o
                0x0000000000004278                AudioConfig_disableAudioConfiguration
 .text.AudioConfig_listenForAudioConfigurationTone
                0x000000000000427c      0x228 ./objects/audioConfig.o
                0x000000000000427c                AudioConfig_listenForAudioConfigurationTone
 .text.AudioConfig_listenForAudioConfigurationPackets
                0x00000000000044a4      0x734 ./objects/audioConfig.o
                0x00000000000044a4                AudioConfig_listenForAudioConfigurationPackets
 .text.AudioConfig_cancelAudioConfiguration
                0x0000000000004bd8        0xc ./objects/audioConfig.o
                0x0000000000004bd8                AudioConfig_cancelAudioConfiguration
 .text.setupGPIO
                0x0000000000004be4      0x53c ./objects/audioMoth.o
 .text.transferComplete
                0x0000000000005120       0x40 ./objects/audioMoth.o
 .text.dataSentHIDCallback
                0x0000000000005160       0x1c ./objects/audioMoth.o
                0x0000000000005160                dataSentHIDCallback
 .text.dataSentWebUSBCallback
                0x000000000000517c       0x1c ./objects/audioMoth.o
                0x000000000000517c                dataSentWebUSBCallback
 .text.setupCmd
                0x0000000000005198       0xd0 ./objects/audioMoth.o
                0x0000000000005198                setupCmd
 .text.stateChange
                0x0000000000005268       0x44 ./objects/audioMoth.o
                0x0000000000005268                stateChange
 .text.AudioMoth_delay.part.0
                0x00000000000052ac       0xc8 ./objects/audioMoth.o
 .text.AudioMoth_getExtendedBatteryState.part.0
                0x0000000000005374       0xf4 ./objects/audioMoth.o
 .text.AudioMoth_initialise
                0x0000000000005468      0x2f8 ./objects/audioMoth.o
                0x0000000000005468                AudioMoth_initialise
 .text.AudioMoth_isInitialPowerUp
                0x0000000000005760       0x1c ./objects/audioMoth.o
                0x0000000000005760                AudioMoth_isInitialPowerUp
 .text.AudioMoth_hasInvertedOutput
                0x000000000000577c       0x18 ./objects/audioMoth.o
                0x000000000000577c                AudioMoth_hasInvertedOutput
 .text.AudioMoth_getClockFrequency
                0x0000000000005794        0x8 ./objects/audioMoth.o
                0x0000000000005794                AudioMoth_getClockFrequency
 .text.AudioMoth_setClockDivider
                0x000000000000579c       0x1c ./objects/audioMoth.o
                0x000000000000579c                AudioMoth_setClockDivider
 .text.RTC_IRQHandler
                0x00000000000057b8       0x1c ./objects/audioMoth.o
                0x00000000000057b8                RTC_IRQHandler
 .text.GPIO_EVEN_IRQHandler
                0x00000000000057d4       0x34 ./objects/audioMoth.o
                0x00000000000057d4                GPIO_EVEN_IRQHandler
 .text.ADC0_IRQHandler
                0x0000000000005808       0x28 ./objects/audioMoth.o
                0x0000000000005808                ADC0_IRQHandler
 .text.TIMER1_IRQHandler
                0x0000000000005830       0x1c ./objects/audioMoth.o
                0x0000000000005830                TIMER1_IRQHandler
 .text.AudioMoth_startMicrophoneSamples
                0x000000000000584c       0x68 ./objects/audioMoth.o
                0x000000000000584c                AudioMoth_startMicrophoneSamples
 .text.AudioMoth_initialiseMicrophoneInterrupts
                0x00000000000058b4       0x20 ./objects/audioMoth.o
                0x00000000000058b4                AudioMoth_initialiseMicrophoneInterrupts
 .text.AudioMoth_initialiseDirectMemoryAccess
                0x00000000000058d4       0xac ./objects/audioMoth.o
                0x00000000000058d4                AudioMoth_initialiseDirectMemoryAccess
 .text.AudioMoth_enableMicrophone
                0x0000000000005980      0x2cc ./objects/audioMoth.o
                0x0000000000005980                AudioMoth_enableMicrophone
 .text.AudioMoth_disableMicrophone
                0x0000000000005c4c       0xc4 ./objects/audioMoth.o
                0x0000000000005c4c                AudioMoth_disableMicrophone
 .text.AudioMoth_enableExternalSRAM
                0x0000000000005d10      0x1ec ./objects/audioMoth.o
                0x0000000000005d10                AudioMoth_enableExternalSRAM
 .text.AudioMoth_delay
                0x0000000000005efc        0x8 ./objects/audioMoth.o
                0x0000000000005efc                AudioMoth_delay
 .text.AudioMoth_sleep
                0x0000000000005f04       0x14 ./objects/audioMoth.o
                0x0000000000005f04                AudioMoth_sleep
 .text.AudioMoth_deepSleep
                0x0000000000005f18        0x8 ./objects/audioMoth.o
                0x0000000000005f18                AudioMoth_deepSleep
 .text.AudioMoth_powerDownAndWakeMilliseconds
                0x0000000000005f20       0x50 ./objects/audioMoth.o
                0x0000000000005f20                AudioMoth_powerDownAndWakeMilliseconds
 .text.AudioMoth_handleUSB
                0x0000000000005f70      0x1dc ./objects/audioMoth.o
                0x0000000000005f70                AudioMoth_handleUSB
 .text.AudioMoth_enableSupplyMonitor
                0x000000000000614c       0x44 ./objects/audioMoth.o
                0x000000000000614c                AudioMoth_enableSupplyMonitor
 .text.AudioMoth_disableSupplyMonitor
                0x0000000000006190       0x18 ./objects/audioMoth.o
                0x0000000000006190                AudioMoth_disableSupplyMonitor
 .text.AudioMoth_setSupplyMonitorThreshold
                0x00000000000061a8       0x40 ./objects/audioMoth.o
                0x00000000000061a8                AudioMoth_setSupplyMonitorThreshold
 .text.AudioMoth_isSupplyAboveThreshold
                0x00000000000061e8        0xc ./objects/audioMoth.o
                0x00000000000061e8                AudioMoth_isSupplyAboveThreshold
 .text.AudioMoth_getSupplyVoltage
                0x00000000000061f4       0x94 ./objects/audioMoth.o
                0x00000000000061f4                AudioMoth_getSupplyVoltage
 .text.handleUSBPacket
                0x0000000000006288      0x200 ./objects/audioMoth.o
                0x0000000000006288                handleUSBPacket
 .text.dataReceivedHIDCallback
                0x0000000000006488       0x20 ./objects/audioMoth.o
                0x0000000000006488                dataReceivedHIDCallback
 .text.dataReceivedWebUSBCallback
                0x00000000000064a8       0x20 ./objects/audioMoth.o
                0x00000000000064a8                dataReceivedWebUSBCallback
 .text.AudioMoth_getExtendedBatteryState
                0x00000000000064c8       0x18 ./objects/audioMoth.o
                0x00000000000064c8                AudioMoth_getExtendedBatteryState
 .text.AudioMoth_getBatteryState
                0x00000000000064e0       0x30 ./objects/audioMoth.o
                0x00000000000064e0                AudioMoth_getBatteryState
 .text.AudioMoth_enableTemperature
                0x0000000000006510       0x6c ./objects/audioMoth.o
                0x0000000000006510                AudioMoth_enableTemperature
 .text.AudioMoth_disableTemperature
                0x000000000000657c       0x1c ./objects/audioMoth.o
                0x000000000000657c                AudioMoth_disableTemperature
 .text.AudioMoth_getTemperature
                0x0000000000006598       0x60 ./objects/audioMoth.o
                0x0000000000006598                AudioMoth_getTemperature
 .text.AudioMoth_getSwitchPosition
                0x00000000000065f8       0x40 ./objects/audioMoth.o
                0x00000000000065f8                AudioMoth_getSwitchPosition
 .text.AudioMoth_hasTimeBeenSet
                0x0000000000006638       0x1c ./objects/audioMoth.o
                0x0000000000006638                AudioMoth_hasTimeBeenSet
 .text.AudioMoth_setTime
                0x0000000000006654       0x6c ./objects/audioMoth.o
                0x0000000000006654                AudioMoth_setTime
 .text.AudioMoth_getTime
                0x00000000000066c0       0x98 ./objects/audioMoth.o
                0x00000000000066c0                AudioMoth_getTime
 .text.AudioMoth_startRealTimeClock
                0x0000000000006758       0x8c ./objects/audioMoth.o
                0x0000000000006758                AudioMoth_startRealTimeClock
 .text.AudioMoth_checkAndHandleTimeOverflow
                0x00000000000067e4       0x1c ./objects/audioMoth.o
                0x00000000000067e4                AudioMoth_checkAndHandleTimeOverflow
 .text.get_fattime
                0x0000000000006800       0xb8 ./objects/audioMoth.o
                0x0000000000006800                get_fattime
 .text.AudioMoth_setRedLED
                0x00000000000068b8        0xc ./objects/audioMoth.o
                0x00000000000068b8                AudioMoth_setRedLED
 .text.AudioMoth_setBothLED
                0x00000000000068c4       0x24 ./objects/audioMoth.o
                0x00000000000068c4                AudioMoth_setBothLED
 .text.AudioMoth_setGreenLED
                0x00000000000068e8        0xc ./objects/audioMoth.o
                0x00000000000068e8                AudioMoth_setGreenLED
 .text.AudioMoth_enableFileSystem
                0x00000000000068f4       0x60 ./objects/audioMoth.o
                0x00000000000068f4                AudioMoth_enableFileSystem
 .text.AudioMoth_openFile
                0x0000000000006954       0x18 ./objects/audioMoth.o
                0x0000000000006954                AudioMoth_openFile
 .text.AudioMoth_appendFile
                0x000000000000696c       0x34 ./objects/audioMoth.o
                0x000000000000696c                AudioMoth_appendFile
 .text.AudioMoth_seekInFile
                0x00000000000069a0       0x18 ./objects/audioMoth.o
                0x00000000000069a0                AudioMoth_seekInFile
 .text.AudioMoth_writeToFile
                0x00000000000069b8       0x2c ./objects/audioMoth.o
                0x00000000000069b8                AudioMoth_writeToFile
 .text.AudioMoth_renameFile
                0x00000000000069e4       0x10 ./objects/audioMoth.o
                0x00000000000069e4                AudioMoth_renameFile
 .text.AudioMoth_closeFile
                0x00000000000069f4       0x14 ./objects/audioMoth.o
                0x00000000000069f4                AudioMoth_closeFile
 .text.AudioMoth_doesDirectoryExist
                0x0000000000006a08       0x10 ./objects/audioMoth.o
                0x0000000000006a08                AudioMoth_doesDirectoryExist
 .text.AudioMoth_makeDirectory
                0x0000000000006a18       0x10 ./objects/audioMoth.o
                0x0000000000006a18                AudioMoth_makeDirectory
 .text.Biquad_designLowPassFilter
                0x0000000000006a28       0xe8 ./objects/biquad.o
                0x0000000000006a28                Biquad_designLowPassFilter
 .text.Biquad_initialise
                0x0000000000006b10       0x10 ./objects/biquad.o
                0x0000000000006b10                Biquad_initialise
 .text.Biquad_applyFilter
                0x0000000000006b20       0x68 ./objects/biquad.o
                0x0000000000006b20                Biquad_applyFilter
 .text.expand.constprop.0
                0x0000000000006b88      0x1c4 ./objects/butterworth.o
 .text.expand.constprop.1
                0x0000000000006d4c       0xac ./objects/butterworth.o
 .text.Butterworth_designLowPassFilter
                0x0000000000006df8      0x190 ./objects/butterworth.o
                0x0000000000006df8                Butterworth_designLowPassFilter
 .text.Butterworth_designBandPassFilter
                0x0000000000006f88      0x430 ./objects/butterworth.o
                0x0000000000006f88                Butterworth_designBandPassFilter
 .text.Butterworth_initialise
                0x00000000000073b8       0x10 ./objects/butterworth.o
                0x00000000000073b8                Butterworth_initialise
 .text.Butterworth_applyLowPassFilter
                0x00000000000073c8       0x34 ./objects/butterworth.o
                0x00000000000073c8                Butterworth_applyLowPassFilter
 .text.Butterworth_applyBandPassFilter
                0x00000000000073fc       0x4c ./objects/butterworth.o
                0x00000000000073fc                Butterworth_applyBandPassFilter
 .text.expand.constprop.0
                0x0000000000007448      0x1c4 ./objects/digitalFilter.o
 .text.expand.constprop.1
                0x000000000000760c       0xac ./objects/digitalFilter.o
 .text.designFilter
                0x00000000000076b8      0x590 ./objects/digitalFilter.o
 .text.DigitalFilter_setAdditionalGain
                0x0000000000007c48       0x14 ./objects/digitalFilter.o
                0x0000000000007c48                DigitalFilter_setAdditionalGain
 .text.DigitalFilter_applyFilter
                0x0000000000007c5c      0x6fc ./objects/digitalFilter.o
                0x0000000000007c5c                DigitalFilter_applyFilter
 .text.DigitalFilter_applyFrequencyTrigger
                0x0000000000008358      0x2a8 ./objects/digitalFilter.o
                0x0000000000008358                DigitalFilter_applyFrequencyTrigger
 .text.DigitalFilter_designHighPassFilter
                0x0000000000008600       0x10 ./objects/digitalFilter.o
                0x0000000000008600                DigitalFilter_designHighPassFilter
 .text.DigitalFilter_designBandPassFilter
                0x0000000000008610       0x54 ./objects/digitalFilter.o
                0x0000000000008610                DigitalFilter_designBandPassFilter
 .text.DigitalFilter_setAmplitudeThreshold
                0x0000000000008664        0xc ./objects/digitalFilter.o
                0x0000000000008664                DigitalFilter_setAmplitudeThreshold
 .text.DigitalFilter_setFrequencyTrigger
                0x0000000000008670       0xec ./objects/digitalFilter.o
                0x0000000000008670                DigitalFilter_setFrequencyTrigger
 .text.disk_initialize
                0x000000000000875c      0x140 ./objects/diskio.o
                0x000000000000875c                disk_initialize
 .text.disk_status
                0x000000000000889c       0x10 ./objects/diskio.o
                0x000000000000889c                disk_status
 .text.disk_read
                0x00000000000088ac       0x8c ./objects/diskio.o
                0x00000000000088ac                disk_read
 .text.disk_write
                0x0000000000008938       0xbc ./objects/diskio.o
                0x0000000000008938                disk_write
 .text.disk_ioctl
                0x00000000000089f4      0x218 ./objects/diskio.o
                0x00000000000089f4                disk_ioctl
 .text.ACMP_Disable
                0x0000000000008c0c        0xc ./objects/em_acmp.o
                0x0000000000008c0c                ACMP_Disable
 .text.ACMP_Enable
                0x0000000000008c18        0xc ./objects/em_acmp.o
                0x0000000000008c18                ACMP_Enable
 .text.ACMP_ChannelSet
                0x0000000000008c24       0x10 ./objects/em_acmp.o
                0x0000000000008c24                ACMP_ChannelSet
 .text.ACMP_Init
                0x0000000000008c34       0x5c ./objects/em_acmp.o
                0x0000000000008c34                ACMP_Init
 .text.ADC_Init
                0x0000000000008c90       0x70 ./objects/em_adc.o
                0x0000000000008c90                ADC_Init
 .text.ADC_InitSingle
                0x0000000000008d00       0xec ./objects/em_adc.o
                0x0000000000008d00                ADC_InitSingle
 .text.ADC_PrescaleCalc
                0x0000000000008dec       0x3c ./objects/em_adc.o
                0x0000000000008dec                ADC_PrescaleCalc
 .text.ADC_Reset
                0x0000000000008e28       0x80 ./objects/em_adc.o
                0x0000000000008e28                ADC_Reset
 .text.ADC_TimebaseCalc
                0x0000000000008ea8       0x3c ./objects/em_adc.o
                0x0000000000008ea8                ADC_TimebaseCalc
 .text.BURTC_Init
                0x0000000000008ee4       0x80 ./objects/em_burtc.o
                0x0000000000008ee4                BURTC_Init
 .text.BURTC_CompareSet
                0x0000000000008f64       0x20 ./objects/em_burtc.o
                0x0000000000008f64                BURTC_CompareSet
 .text.lfClkGet
                0x0000000000008f84      0x154 ./objects/em_cmu.o
 .text.CMU_ClockDivSet
                0x00000000000090d8      0x334 ./objects/em_cmu.o
                0x00000000000090d8                CMU_ClockDivSet
 .text.CMU_ClockEnable
                0x000000000000940c       0xc4 ./objects/em_cmu.o
                0x000000000000940c                CMU_ClockEnable
 .text.CMU_ClockFreqGet
                0x00000000000094d0      0x1ec ./objects/em_cmu.o
                0x00000000000094d0                CMU_ClockFreqGet
 .text.CMU_ClockSelectGet
                0x00000000000096bc       0xc4 ./objects/em_cmu.o
                0x00000000000096bc                CMU_ClockSelectGet
 .text.CMU_ClockSelectSet
                0x0000000000009780      0x31c ./objects/em_cmu.o
                0x0000000000009780                CMU_ClockSelectSet
 .text.CMU_OscillatorEnable
                0x0000000000009a9c       0x50 ./objects/em_cmu.o
                0x0000000000009a9c                CMU_OscillatorEnable
 .text.CORE_AtomicDisableIrq
                0x0000000000009aec        0x4 ./objects/em_core.o
                0x0000000000009aec                CORE_AtomicDisableIrq
 .text.CORE_AtomicEnableIrq
                0x0000000000009af0        0x4 ./objects/em_core.o
                0x0000000000009af0                CORE_AtomicEnableIrq
 .text.CORE_EnterAtomic
                0x0000000000009af4        0x8 ./objects/em_core.o
                0x0000000000009af4                CORE_EnterAtomic
 .text.CORE_ExitAtomic
                0x0000000000009afc        0x8 ./objects/em_core.o
                0x0000000000009afc                CORE_ExitAtomic
 .text.DMA_IRQHandler
                0x0000000000009b04       0x80 ./objects/em_dma.o
                0x0000000000009b04                DMA_IRQHandler
 .text.DMA_ActivatePingPong
                0x0000000000009b84       0xfc ./objects/em_dma.o
                0x0000000000009b84                DMA_ActivatePingPong
 .text.DMA_CfgChannel
                0x0000000000009c80       0x58 ./objects/em_dma.o
                0x0000000000009c80                DMA_CfgChannel
 .text.DMA_CfgDescr
                0x0000000000009cd8       0x40 ./objects/em_dma.o
                0x0000000000009cd8                DMA_CfgDescr
 .text.DMA_Init
                0x0000000000009d18       0x90 ./objects/em_dma.o
                0x0000000000009d18                DMA_Init
 .text.DMA_RefreshPingPong
                0x0000000000009da8       0x80 ./objects/em_dma.o
                0x0000000000009da8                DMA_RefreshPingPong
 .text.DMA_Reset
                0x0000000000009e28       0x68 ./objects/em_dma.o
                0x0000000000009e28                DMA_Reset
 .text.EBI_Init
                0x0000000000009e90      0x66c ./objects/em_ebi.o
                0x0000000000009e90                EBI_Init
 .text.EMU_EnterEM2
                0x000000000000a4fc       0xe4 ./objects/em_emu.o
                0x000000000000a4fc                EMU_EnterEM2
 .text.EMU_EnterEM4
                0x000000000000a5e0       0x30 ./objects/em_emu.o
                0x000000000000a5e0                EMU_EnterEM4
 .text.EMU_EM4Init
                0x000000000000a610       0x30 ./objects/em_emu.o
                0x000000000000a610                EMU_EM4Init
 .text.GPIO_ExtIntConfig
                0x000000000000a640       0x78 ./objects/em_gpio.o
                0x000000000000a640                GPIO_ExtIntConfig
 .text.GPIO_PinModeSet
                0x000000000000a6b8       0xa0 ./objects/em_gpio.o
                0x000000000000a6b8                GPIO_PinModeSet
 .text.MSC_Init
                0x000000000000a758       0x74 ./objects/em_msc.o
                0x000000000000a758                MSC_Init
 .text.OPAMP_Enable
                0x000000000000a7cc      0x240 ./objects/em_opamp.o
                0x000000000000a7cc                OPAMP_Enable
 .text.PRS_SourceSignalSet
                0x000000000000aa0c       0x20 ./objects/em_prs.o
                0x000000000000aa0c                PRS_SourceSignalSet
 .text.RMU_ResetControl
                0x000000000000aa2c       0x20 ./objects/em_rmu.o
                0x000000000000aa2c                RMU_ResetControl
 .text.RMU_ResetCauseClear
                0x000000000000aa4c       0x44 ./objects/em_rmu.o
                0x000000000000aa4c                RMU_ResetCauseClear
 .text.RMU_ResetCauseGet
                0x000000000000aa90      0x11c ./objects/em_rmu.o
                0x000000000000aa90                RMU_ResetCauseGet
 .text.RTC_CompareSet
                0x000000000000abac       0x18 ./objects/em_rtc.o
                0x000000000000abac                RTC_CompareSet
 .text.RTC_Init
                0x000000000000abc4       0x1c ./objects/em_rtc.o
                0x000000000000abc4                RTC_Init
 .text.RTC_Reset
                0x000000000000abe0       0x18 ./objects/em_rtc.o
                0x000000000000abe0                RTC_Reset
 .text.SYSTEM_GetCalibrationValue
                0x000000000000abf8       0x2c ./objects/em_system.o
                0x000000000000abf8                SYSTEM_GetCalibrationValue
 .text.TIMER_Init
                0x000000000000ac24       0x70 ./objects/em_timer.o
                0x000000000000ac24                TIMER_Init
 .text.TIMER_InitCC
                0x000000000000ac94       0x54 ./objects/em_timer.o
                0x000000000000ac94                TIMER_InitCC
 .text.TIMER_Reset
                0x000000000000ace8       0x4c ./objects/em_timer.o
                0x000000000000ace8                TIMER_Reset
 .text.USART_BaudrateSyncSet
                0x000000000000ad34       0x24 ./objects/em_usart.o
                0x000000000000ad34                USART_BaudrateSyncSet
 .text.USART_Enable
                0x000000000000ad58       0x10 ./objects/em_usart.o
                0x000000000000ad58                USART_Enable
 .text.USART_InitAsync
                0x000000000000ad68       0xd8 ./objects/em_usart.o
                0x000000000000ad68                USART_InitAsync
 .text.USART_InitSync
                0x000000000000ae40       0xb8 ./objects/em_usart.o
                0x000000000000ae40                USART_InitSync
 .text.USART_Reset
                0x000000000000aef8       0x54 ./objects/em_usart.o
                0x000000000000aef8                USART_Reset
 .text.USART_Rx
                0x000000000000af4c        0xc ./objects/em_usart.o
                0x000000000000af4c                USART_Rx
 .text.USART_SpiTransfer
                0x000000000000af58       0x14 ./objects/em_usart.o
                0x000000000000af58                USART_SpiTransfer
 .text.USBD_AbortAllTransfers
                0x000000000000af6c       0x1c ./objects/em_usbd.o
                0x000000000000af6c                USBD_AbortAllTransfers
 .text.USBD_AbortTransfer
                0x000000000000af88       0xc0 ./objects/em_usbd.o
                0x000000000000af88                USBD_AbortTransfer
 .text.USBD_Disconnect
                0x000000000000b048       0x1c ./objects/em_usbd.o
                0x000000000000b048                USBD_Disconnect
 .text.USBD_GetUsbState
                0x000000000000b064       0x10 ./objects/em_usbd.o
                0x000000000000b064                USBD_GetUsbState
 .text.USBD_Init
                0x000000000000b074      0x29c ./objects/em_usbd.o
                0x000000000000b074                USBD_Init
 .text.USBD_Read
                0x000000000000b310      0x178 ./objects/em_usbd.o
                0x000000000000b310                USBD_Read
 .text.USBD_SafeToEnterEM2
                0x000000000000b488        0xc ./objects/em_usbd.o
                0x000000000000b488                USBD_SafeToEnterEM2
 .text.USBD_SetUsbState
                0x000000000000b494       0x30 ./objects/em_usbd.o
                0x000000000000b494                USBD_SetUsbState
 .text.USBD_Stop
                0x000000000000b4c4       0x6c ./objects/em_usbd.o
                0x000000000000b4c4                USBD_Stop
 .text.USBD_Write
                0x000000000000b530      0x17c ./objects/em_usbd.o
                0x000000000000b530                USBD_Write
 .text.USBDCH9_SetupCmd
                0x000000000000b6ac      0xd44 ./objects/em_usbdch9.o
                0x000000000000b6ac                USBDCH9_SetupCmd
 .text.USBDEP_Ep0Handler
                0x000000000000c3f0      0x308 ./objects/em_usbdep.o
                0x000000000000c3f0                USBDEP_Ep0Handler
 .text.USBDEP_EpHandler
                0x000000000000c6f8       0x6c ./objects/em_usbdep.o
                0x000000000000c6f8                USBDEP_EpHandler
 .text.RestoreEpCtrlRegisters
                0x000000000000c764      0x160 ./objects/em_usbdint.o
 .text.UsbPowerUp.part.0
                0x000000000000c8c4      0x104 ./objects/em_usbdint.o
 .text.UsbPowerDown.part.0.isra.0
                0x000000000000c9c8      0x1d8 ./objects/em_usbdint.o
 .text.USB_IRQHandler
                0x000000000000cba0      0x5c8 ./objects/em_usbdint.o
                0x000000000000cba0                USB_IRQHandler
 .text.USBDHAL_CoreInit
                0x000000000000d168      0x398 ./objects/em_usbhal.o
                0x000000000000d168                USBDHAL_CoreInit
 .text.USBDHAL_Disconnect
                0x000000000000d500       0x1c ./objects/em_usbhal.o
                0x000000000000d500                USBDHAL_Disconnect
 .text.USBDHAL_AbortEpIn
                0x000000000000d51c       0xd4 ./objects/em_usbhal.o
                0x000000000000d51c                USBDHAL_AbortEpIn
 .text.USBDHAL_AbortEpOut
                0x000000000000d5f0      0x110 ./objects/em_usbhal.o
                0x000000000000d5f0                USBDHAL_AbortEpOut
 .text.USBDHAL_AbortAllEps
                0x000000000000d700      0x700 ./objects/em_usbhal.o
                0x000000000000d700                USBDHAL_AbortAllEps
 .text.USBDHAL_AbortAllTransfers
                0x000000000000de00       0xc0 ./objects/em_usbhal.o
                0x000000000000de00                USBDHAL_AbortAllTransfers
 .text.USBTIMER_DelayMs
                0x000000000000dec0       0x78 ./objects/em_usbtimer.o
                0x000000000000dec0                USBTIMER_DelayMs
 .text.USBTIMER_DelayUs
                0x000000000000df38       0xbc ./objects/em_usbtimer.o
                0x000000000000df38                USBTIMER_DelayUs
 .text.USBTIMER_Init
                0x000000000000dff4       0xc8 ./objects/em_usbtimer.o
                0x000000000000dff4                USBTIMER_Init
 .text.VCMP_Init
                0x000000000000e0bc       0xec ./objects/em_vcmp.o
                0x000000000000e0bc                VCMP_Init
 .text.WDOGn_Enable
                0x000000000000e1a8       0x34 ./objects/em_wdog.o
                0x000000000000e1a8                WDOGn_Enable
 .text.WDOGn_Feed
                0x000000000000e1dc       0x18 ./objects/em_wdog.o
                0x000000000000e1dc                WDOGn_Feed
 .text.WDOGn_Init
                0x000000000000e1f4       0x48 ./objects/em_wdog.o
                0x000000000000e1f4                WDOGn_Init
 .text.sync_fs  0x000000000000e23c       0xd4 ./objects/ff.o
 .text.init_alloc_info.isra.0
                0x000000000000e310       0x1c ./objects/ff.o
 .text.get_fileinfo
                0x000000000000e32c      0x2dc ./objects/ff.o
 .text.move_window.part.0
                0x000000000000e608       0x64 ./objects/ff.o
 .text.put_fat.part.0
                0x000000000000e66c      0x148 ./objects/ff.o
 .text.get_fat  0x000000000000e7b4      0x140 ./objects/ff.o
 .text.dir_next.constprop.0
                0x000000000000e8f4       0x94 ./objects/ff.o
 .text.load_xdir
                0x000000000000e988      0x1f4 ./objects/ff.o
 .text.dir_clear
                0x000000000000eb7c       0x90 ./objects/ff.o
 .text.check_fs
                0x000000000000ec0c       0xf0 ./objects/ff.o
 .text.find_volume
                0x000000000000ecfc      0x424 ./objects/ff.o
 .text.dir_read.constprop.0
                0x000000000000f120      0x460 ./objects/ff.o
 .text.dir_sdi  0x000000000000f580      0x224 ./objects/ff.o
 .text.store_xdir
                0x000000000000f7a4      0x1ac ./objects/ff.o
 .text.dir_remove
                0x000000000000f950      0x148 ./objects/ff.o
 .text.dir_find
                0x000000000000fa98      0x394 ./objects/ff.o
 .text.follow_path
                0x000000000000fe2c      0x37c ./objects/ff.o
 .text.create_chain
                0x00000000000101a8      0x420 ./objects/ff.o
 .text.dir_alloc
                0x00000000000105c8      0x180 ./objects/ff.o
 .text.dir_register
                0x0000000000010748      0x8a4 ./objects/ff.o
 .text.remove_chain
                0x0000000000010fec      0x320 ./objects/ff.o
 .text.f_mount  0x000000000001130c       0x64 ./objects/ff.o
                0x000000000001130c                f_mount
 .text.f_open   0x0000000000011370      0x308 ./objects/ff.o
                0x0000000000011370                f_open
 .text.f_write  0x0000000000011678      0x2cc ./objects/ff.o
                0x0000000000011678                f_write
 .text.f_sync   0x0000000000011944      0x2b0 ./objects/ff.o
                0x0000000000011944                f_sync
 .text.f_close  0x0000000000011bf4       0x34 ./objects/ff.o
                0x0000000000011bf4                f_close
 .text.f_lseek  0x0000000000011c28      0x2c4 ./objects/ff.o
                0x0000000000011c28                f_lseek
 .text.f_stat   0x0000000000011eec       0x44 ./objects/ff.o
                0x0000000000011eec                f_stat
 .text.f_mkdir  0x0000000000011f30      0x1f8 ./objects/ff.o
                0x0000000000011f30                f_mkdir
 .text.f_rename
                0x0000000000012128      0x284 ./objects/ff.o
                0x0000000000012128                f_rename
 .text.ff_uni2oem
                0x00000000000123ac      0x1e0 ./objects/ffunicode.o
                0x00000000000123ac                ff_uni2oem
 .text.ff_oem2uni
                0x000000000001258c      0x1d0 ./objects/ffunicode.o
                0x000000000001258c                ff_oem2uni
 .text.ff_wtoupper
                0x000000000001275c       0xa8 ./objects/ffunicode.o
                0x000000000001275c                ff_wtoupper
 .text.GPIO_ODD_IRQHandler
                0x0000000000012804       0x18 ./objects/gps.o
                0x0000000000012804                GPIO_ODD_IRQHandler
 .text.GPSInterface_handleReceivedByte
                0x000000000001281c       0x5c ./objects/gps.o
                0x000000000001281c                GPSInterface_handleReceivedByte
 .text.GPSInterface_handlePulsePerSecond
                0x0000000000012878       0x48 ./objects/gps.o
                0x0000000000012878                GPSInterface_handlePulsePerSecond
 .text.GPSInterface_handleTick
                0x00000000000128c0       0x14 ./objects/gps.o
                0x00000000000128c0                GPSInterface_handleTick
 .text.GPS_powerUpGPS
                0x00000000000128d4        0xc ./objects/gps.o
                0x00000000000128d4                GPS_powerUpGPS
 .text.GPS_powerDownGPS
                0x00000000000128e0        0xc ./objects/gps.o
                0x00000000000128e0                GPS_powerDownGPS
 .text.GPS_enableGPSInterface
                0x00000000000128ec        0x8 ./objects/gps.o
                0x00000000000128ec                GPS_enableGPSInterface
 .text.GPS_disableGPSInterface
                0x00000000000128f4        0x4 ./objects/gps.o
                0x00000000000128f4                GPS_disableGPSInterface
 .text.GPS_enableMagneticSwitch
                0x00000000000128f8       0x38 ./objects/gps.o
                0x00000000000128f8                GPS_enableMagneticSwitch
 .text.GPS_isMagneticSwitchClosed
                0x0000000000012930       0x14 ./objects/gps.o
                0x0000000000012930                GPS_isMagneticSwitchClosed
 .text.GPS_setTimeFromGPS
                0x0000000000012944      0x320 ./objects/gps.o
                0x0000000000012944                GPS_setTimeFromGPS
 .text.GPS_cancelTimeSetting
                0x0000000000012c64       0x1c ./objects/gps.o
                0x0000000000012c64                GPS_cancelTimeSetting
 .text.UART1_RX_IRQHandler
                0x0000000000012c80       0x24 ./objects/gpsinterface.o
                0x0000000000012c80                UART1_RX_IRQHandler
 .text.TIMER2_IRQHandler
                0x0000000000012ca4       0x54 ./objects/gpsinterface.o
                0x0000000000012ca4                TIMER2_IRQHandler
 .text.GPSInterface_disable
                0x0000000000012cf8       0x60 ./objects/gpsinterface.o
                0x0000000000012cf8                GPSInterface_disable
 .text.GPSInterface_enable
                0x0000000000012d58      0x13c ./objects/gpsinterface.o
                0x0000000000012d58                GPSInterface_enable
 .text.GPSUtilities_getTime
                0x0000000000012e94       0x98 ./objects/gpsutilities.o
                0x0000000000012e94                GPSUtilities_getTime
 .text.startWaitingForMagneticSwitch
                0x0000000000012f2c       0x3c ./objects/main.o
 .text.scheduleRecording
                0x0000000000012f68      0x1fc ./objects/main.o
 .text.writeGPSLogMessage
                0x0000000000013164       0x54 ./objects/main.o
 .text.formatPercentage
                0x00000000000131b8       0x4c ./objects/main.o
 .text.setTimeFromGPS
                0x0000000000013204       0xc0 ./objects/main.o
 .text.generateFolderAndFilename.constprop.0
                0x00000000000132c4       0xc0 ./objects/main.o
 .text.copyToBackupDomain.constprop.1
                0x0000000000013384       0x98 ./objects/main.o
 .text.writeConfigurationToFile.constprop.0
                0x000000000001341c      0x984 ./objects/main.o
 .text.enableFileSystem
                0x0000000000013da0       0x2c ./objects/main.o
                0x0000000000013da0                enableFileSystem
 .text.startup.main
                0x0000000000013dcc     0x1914 ./objects/main.o
                0x0000000000013dcc                main
 .text.AudioMoth_timezoneRequested
                0x00000000000156e0       0x14 ./objects/main.o
                0x00000000000156e0                AudioMoth_timezoneRequested
 .text.GPS_handleSetTime
                0x00000000000156f4      0x224 ./objects/main.o
                0x00000000000156f4                GPS_handleSetTime
 .text.GPS_handleGetTime
                0x0000000000015918        0x4 ./objects/main.o
                0x0000000000015918                GPS_handleGetTime
 .text.GPS_handleTickEvent
                0x000000000001591c       0x8c ./objects/main.o
                0x000000000001591c                GPS_handleTickEvent
 .text.GPS_handlePPSEvent
                0x00000000000159a8       0x64 ./objects/main.o
                0x00000000000159a8                GPS_handlePPSEvent
 .text.GPS_handleFixEvent
                0x0000000000015a0c       0xc8 ./objects/main.o
                0x0000000000015a0c                GPS_handleFixEvent
 .text.GPS_handleMessageEvent
                0x0000000000015ad4       0x74 ./objects/main.o
                0x0000000000015ad4                GPS_handleMessageEvent
 .text.GPS_handleMagneticSwitchInterrupt
                0x0000000000015b48       0x10 ./objects/main.o
                0x0000000000015b48                GPS_handleMagneticSwitchInterrupt
 .text.AudioMoth_handleMicrophoneChangeInterrupt
                0x0000000000015b58        0xc ./objects/main.o
                0x0000000000015b58                AudioMoth_handleMicrophoneChangeInterrupt
 .text.AudioMoth_handleSwitchInterrupt
                0x0000000000015b64       0x1c ./objects/main.o
                0x0000000000015b64                AudioMoth_handleSwitchInterrupt
 .text.AudioMoth_handleDirectMemoryAccessInterrupt
                0x0000000000015b80       0xa4 ./objects/main.o
                0x0000000000015b80                AudioMoth_handleDirectMemoryAccessInterrupt
 .text.AudioMoth_usbFirmwareVersionRequested
                0x0000000000015c24        0xc ./objects/main.o
                0x0000000000015c24                AudioMoth_usbFirmwareVersionRequested
 .text.AudioMoth_usbFirmwareDescriptionRequested
                0x0000000000015c30        0xc ./objects/main.o
                0x0000000000015c30                AudioMoth_usbFirmwareDescriptionRequested
 .text.AudioMoth_usbApplicationPacketRequested
                0x0000000000015c3c       0x6c ./objects/main.o
                0x0000000000015c3c                AudioMoth_usbApplicationPacketRequested
 .text.AudioMoth_usbApplicationPacketReceived
                0x0000000000015ca8      0x1e0 ./objects/main.o
                0x0000000000015ca8                AudioMoth_usbApplicationPacketReceived
 .text.AudioConfig_handleAudioConfigurationEvent
                0x0000000000015e88       0xa0 ./objects/main.o
                0x0000000000015e88                AudioConfig_handleAudioConfigurationEvent
 .text.AudioConfig_handleAudioConfigurationPacket
                0x0000000000015f28       0xcc ./objects/main.o
                0x0000000000015f28                AudioConfig_handleAudioConfigurationPacket
 .text.MICROSD_Init
                0x0000000000015ff4       0x9c ./objects/microsd.o
                0x0000000000015ff4                MICROSD_Init
 .text.MICROSD_DoubleSpiClkFast
                0x0000000000016090        0xc ./objects/microsd.o
                0x0000000000016090                MICROSD_DoubleSpiClkFast
 .text.MICROSD_XferSpi
                0x000000000001609c       0x1c ./objects/microsd.o
                0x000000000001609c                MICROSD_XferSpi
 .text.MICROSD_Deselect
                0x00000000000160b8       0x24 ./objects/microsd.o
                0x00000000000160b8                MICROSD_Deselect
 .text.MICROSD_Select
                0x00000000000160dc       0x60 ./objects/microsd.o
                0x00000000000160dc                MICROSD_Select
 .text.MICROSD_PowerOn
                0x000000000001613c        0xc ./objects/microsd.o
                0x000000000001613c                MICROSD_PowerOn
 .text.MICROSD_PowerOff
                0x0000000000016148       0x80 ./objects/microsd.o
                0x0000000000016148                MICROSD_PowerOff
 .text.MICROSD_BlockRx
                0x00000000000161c8       0xc0 ./objects/microsd.o
                0x00000000000161c8                MICROSD_BlockRx
 .text.MICROSD_BlockTx
                0x0000000000016288       0xf0 ./objects/microsd.o
                0x0000000000016288                MICROSD_BlockTx
 .text.MICROSD_SendCmd
                0x0000000000016378      0x150 ./objects/microsd.o
                0x0000000000016378                MICROSD_SendCmd
 .text.MICROSD_SpiClkSlow
                0x00000000000164c8       0x20 ./objects/microsd.o
                0x00000000000164c8                MICROSD_SpiClkSlow
 .text.MICROSD_SpiClkFast
                0x00000000000164e8       0x40 ./objects/microsd.o
                0x00000000000164e8                MICROSD_SpiClkFast
 .text.MICROSD_TimeOutSet
                0x0000000000016528       0x18 ./objects/microsd.o
                0x0000000000016528                MICROSD_TimeOutSet
 .text.MICROSD_TimeOutElapsed
                0x0000000000016540       0x10 ./objects/microsd.o
                0x0000000000016540                MICROSD_TimeOutElapsed
 .text.RMC45    0x0000000000016550       0x5c ./objects/nmeaparser.o
                0x0000000000016550                RMC45
 .text.DEFAULT01
                0x00000000000165ac       0x78 ./objects/nmeaparser.o
                0x00000000000165ac                DEFAULT01
 .text.RMC46    0x0000000000016624       0x5c ./objects/nmeaparser.o
                0x0000000000016624                RMC46
 .text.RMC53    0x0000000000016680       0x58 ./objects/nmeaparser.o
                0x0000000000016680                RMC53
 .text.RMC00    0x00000000000166d8       0x28 ./objects/nmeaparser.o
                0x00000000000166d8                RMC00
 .text.DEFAULT00
                0x0000000000016700       0x28 ./objects/nmeaparser.o
                0x0000000000016700                DEFAULT00
 .text.RMC01    0x0000000000016728       0x40 ./objects/nmeaparser.o
                0x0000000000016728                RMC01
 .text.RMC42    0x0000000000016768       0x40 ./objects/nmeaparser.o
                0x0000000000016768                RMC42
 .text.RMC04    0x00000000000167a8       0x40 ./objects/nmeaparser.o
                0x00000000000167a8                RMC04
 .text.RMC44    0x00000000000167e8       0x40 ./objects/nmeaparser.o
                0x00000000000167e8                RMC44
 .text.RMC24    0x0000000000016828       0x40 ./objects/nmeaparser.o
                0x0000000000016828                RMC24
 .text.RMC29    0x0000000000016868       0x40 ./objects/nmeaparser.o
                0x0000000000016868                RMC29
 .text.RMC31    0x00000000000168a8       0x40 ./objects/nmeaparser.o
                0x00000000000168a8                RMC31
 .text.RMC19    0x00000000000168e8       0x40 ./objects/nmeaparser.o
                0x00000000000168e8                RMC19
 .text.RMC37    0x0000000000016928       0x40 ./objects/nmeaparser.o
                0x0000000000016928                RMC37
 .text.RMC17    0x0000000000016968       0x40 ./objects/nmeaparser.o
                0x0000000000016968                RMC17
 .text.RMC13    0x00000000000169a8       0x40 ./objects/nmeaparser.o
                0x00000000000169a8                RMC13
 .text.RMC06    0x00000000000169e8       0x40 ./objects/nmeaparser.o
                0x00000000000169e8                RMC06
 .text.RMC05    0x0000000000016a28       0x40 ./objects/nmeaparser.o
                0x0000000000016a28                RMC05
 .text.RMC03    0x0000000000016a68       0x40 ./objects/nmeaparser.o
                0x0000000000016a68                RMC03
 .text.RMC18    0x0000000000016aa8       0x44 ./objects/nmeaparser.o
                0x0000000000016aa8                RMC18
 .text.RMC02    0x0000000000016aec       0x50 ./objects/nmeaparser.o
                0x0000000000016aec                RMC02
 .text.RMC07    0x0000000000016b3c       0x4c ./objects/nmeaparser.o
                0x0000000000016b3c                RMC07
 .text.RMC49    0x0000000000016b88       0x4c ./objects/nmeaparser.o
                0x0000000000016b88                RMC49
 .text.RMC22    0x0000000000016bd4       0x4c ./objects/nmeaparser.o
                0x0000000000016bd4                RMC22
 .text.RMC09    0x0000000000016c20       0x4c ./objects/nmeaparser.o
                0x0000000000016c20                RMC09
 .text.RMC11    0x0000000000016c6c       0x4c ./objects/nmeaparser.o
                0x0000000000016c6c                RMC11
 .text.RMC47    0x0000000000016cb8       0x4c ./objects/nmeaparser.o
                0x0000000000016cb8                RMC47
 .text.RMC35    0x0000000000016d04       0x4c ./objects/nmeaparser.o
                0x0000000000016d04                RMC35
 .text.RMC14    0x0000000000016d50       0x54 ./objects/nmeaparser.o
                0x0000000000016d50                RMC14
 .text.RMC38    0x0000000000016da4       0x54 ./objects/nmeaparser.o
                0x0000000000016da4                RMC38
 .text.RMC25    0x0000000000016df8       0x50 ./objects/nmeaparser.o
                0x0000000000016df8                RMC25
 .text.RMC12    0x0000000000016e48       0x4c ./objects/nmeaparser.o
                0x0000000000016e48                RMC12
 .text.RMC16    0x0000000000016e94       0x50 ./objects/nmeaparser.o
                0x0000000000016e94                RMC16
 .text.RMC41    0x0000000000016ee4       0x50 ./objects/nmeaparser.o
                0x0000000000016ee4                RMC41
 .text.RMC23    0x0000000000016f34       0x4c ./objects/nmeaparser.o
                0x0000000000016f34                RMC23
 .text.RMC08    0x0000000000016f80       0x4c ./objects/nmeaparser.o
                0x0000000000016f80                RMC08
 .text.RMC10    0x0000000000016fcc       0x4c ./objects/nmeaparser.o
                0x0000000000016fcc                RMC10
 .text.RMC21    0x0000000000017018       0x4c ./objects/nmeaparser.o
                0x0000000000017018                RMC21
 .text.RMC36    0x0000000000017064       0x4c ./objects/nmeaparser.o
                0x0000000000017064                RMC36
 .text.RMC54    0x00000000000170b0       0x54 ./objects/nmeaparser.o
                0x00000000000170b0                RMC54
 .text.RMC34    0x0000000000017104       0x4c ./objects/nmeaparser.o
                0x0000000000017104                RMC34
 .text.RMC33    0x0000000000017150       0x50 ./objects/nmeaparser.o
                0x0000000000017150                RMC33
 .text.RMC52    0x00000000000171a0       0x50 ./objects/nmeaparser.o
                0x00000000000171a0                RMC52
 .text.RMC48    0x00000000000171f0       0x4c ./objects/nmeaparser.o
                0x00000000000171f0                RMC48
 .text.RMC50    0x000000000001723c       0x4c ./objects/nmeaparser.o
                0x000000000001723c                RMC50
 .text.RMC51    0x0000000000017288       0x54 ./objects/nmeaparser.o
                0x0000000000017288                RMC51
 .text.DEFAULT02
                0x00000000000172dc       0x54 ./objects/nmeaparser.o
                0x00000000000172dc                DEFAULT02
 .text.RMC28    0x0000000000017330       0x4c ./objects/nmeaparser.o
                0x0000000000017330                RMC28
 .text.RMC55    0x000000000001737c       0x6c ./objects/nmeaparser.o
                0x000000000001737c                RMC55
 .text.DEFAULT03
                0x00000000000173e8       0x6c ./objects/nmeaparser.o
                0x00000000000173e8                DEFAULT03
 .text.RMC26    0x0000000000017454       0x54 ./objects/nmeaparser.o
                0x0000000000017454                RMC26
 .text.RMC27    0x00000000000174a8       0x50 ./objects/nmeaparser.o
                0x00000000000174a8                RMC27
 .text.RMC15    0x00000000000174f8       0x54 ./objects/nmeaparser.o
                0x00000000000174f8                RMC15
 .text.RMC39    0x000000000001754c       0x58 ./objects/nmeaparser.o
                0x000000000001754c                RMC39
 .text.RMC40    0x00000000000175a4       0x54 ./objects/nmeaparser.o
                0x00000000000175a4                RMC40
 .text.RMC43    0x00000000000175f8       0x5c ./objects/nmeaparser.o
                0x00000000000175f8                RMC43
 .text.RMC32    0x0000000000017654       0x68 ./objects/nmeaparser.o
                0x0000000000017654                RMC32
 .text.RMC20    0x00000000000176bc       0x64 ./objects/nmeaparser.o
                0x00000000000176bc                RMC20
 .text.RMC30    0x0000000000017720       0x5c ./objects/nmeaparser.o
                0x0000000000017720                RMC30
 .text.NMEAParser_parseRMC
                0x000000000001777c       0x20 ./objects/nmeaparser.o
                0x000000000001777c                NMEAParser_parseRMC
 .text.NMEAParser_parseDEFAULT
                0x000000000001779c       0x20 ./objects/nmeaparser.o
                0x000000000001779c                NMEAParser_parseDEFAULT
 .text          0x00000000000177bc       0x30 ./objects/startup_efm32wg.o
                0x00000000000177bc                Reset_Handler
                0x00000000000177e8                DebugMon_Handler
                0x00000000000177e8                USART0_TX_IRQHandler
                0x00000000000177e8                I2C0_IRQHandler
                0x00000000000177e8                HardFault_Handler
                0x00000000000177e8                LEUART1_IRQHandler
                0x00000000000177e8                SysTick_Handler
                0x00000000000177e8                USART1_RX_IRQHandler
                0x00000000000177e8                PendSV_Handler
                0x00000000000177e8                NMI_Handler
                0x00000000000177e8                I2C1_IRQHandler
                0x00000000000177e8                TIMER3_IRQHandler
                0x00000000000177e8                USART1_TX_IRQHandler
                0x00000000000177e8                MSC_IRQHandler
                0x00000000000177e8                UsageFault_Handler
                0x00000000000177e8                LEUART0_IRQHandler
                0x00000000000177e8                FPUEH_IRQHandler
                0x00000000000177e8                UART0_TX_IRQHandler
                0x00000000000177e8                UART1_TX_IRQHandler
                0x00000000000177e8                TIMER0_IRQHandler
                0x00000000000177e8                LCD_IRQHandler
                0x00000000000177e8                PCNT2_IRQHandler
                0x00000000000177e8                UART0_RX_IRQHandler
                0x00000000000177e8                LETIMER0_IRQHandler
                0x00000000000177e8                USART2_RX_IRQHandler
                0x00000000000177e8                Default_Handler
                0x00000000000177e8                EMU_IRQHandler
                0x00000000000177e8                PCNT0_IRQHandler
                0x00000000000177e8                BURTC_IRQHandler
                0x00000000000177e8                PCNT1_IRQHandler
                0x00000000000177e8                ACMP0_IRQHandler
                0x00000000000177e8                USART0_RX_IRQHandler
                0x00000000000177e8                MemManage_Handler
                0x00000000000177e8                SVC_Handler
                0x00000000000177e8                DAC0_IRQHandler
                0x00000000000177e8                CMU_IRQHandler
                0x00000000000177e8                EBI_IRQHandler
                0x00000000000177e8                LESENSE_IRQHandler
                0x00000000000177e8                AES_IRQHandler
                0x00000000000177e8                VCMP_IRQHandler
                0x00000000000177e8                BusFault_Handler
                0x00000000000177e8                USART2_TX_IRQHandler
 .text.SystemCoreClockGet
                0x00000000000177ec       0xe0 ./objects/system_efm32wg.o
                0x00000000000177ec                SystemCoreClockGet
 .text.SystemMaxCoreClockGet
                0x00000000000178cc        0x8 ./objects/system_efm32wg.o
                0x00000000000178cc                SystemMaxCoreClockGet
 .text.SystemHFClockGet
                0x00000000000178d4       0xd0 ./objects/system_efm32wg.o
                0x00000000000178d4                SystemHFClockGet
 .text.SystemHFXOClockGet
                0x00000000000179a4        0xc ./objects/system_efm32wg.o
                0x00000000000179a4                SystemHFXOClockGet
 .text.SystemInit
                0x00000000000179b0       0x14 ./objects/system_efm32wg.o
                0x00000000000179b0                SystemInit
 .text.SystemLFRCOClockGet
                0x00000000000179c4        0x8 ./objects/system_efm32wg.o
                0x00000000000179c4                SystemLFRCOClockGet
 .text.SystemULFRCOClockGet
                0x00000000000179cc        0x8 ./objects/system_efm32wg.o
                0x00000000000179cc                SystemULFRCOClockGet
 .text.SystemLFXOClockGet
                0x00000000000179d4        0xc ./objects/system_efm32wg.o
                0x00000000000179d4                SystemLFXOClockGet
 .text          0x00000000000179e0      0x37c /usr/lib/gcc/arm-none-eabi/10.3.1/../../../arm-none-eabi/lib/thumb/v7e-m+fp/hard/libm.a(lib_a-csqrt.o)
                0x00000000000179e0                csqrt
 *fill*         0x0000000000017d5c        0x4 
 .text          0x0000000000017d60       0x90 /usr/lib/gcc/arm-none-eabi/10.3.1/../../../arm-none-eabi/lib/thumb/v7e-m+fp/hard/libm.a(lib_a-s_cos.o)
                0x0000000000017d60                cos
 .text          0x0000000000017df0       0x14 /usr/lib/gcc/arm-none-eabi/10.3.1/../../../arm-none-eabi/lib/thumb/v7e-m+fp/hard/libm.a(lib_a-s_fabs.o)
                0x0000000000017df0                fabs
 .text          0x0000000000017e04       0x70 /usr/lib/gcc/arm-none-eabi/10.3.1/../../../arm-none-eabi/lib/thumb/v7e-m+fp/hard/libm.a(lib_a-sf_cos.o)
                0x0000000000017e04                cosf
 .text          0x0000000000017e74       0x74 /usr/lib/gcc/arm-none-eabi/10.3.1/../../../arm-none-eabi/lib/thumb/v7e-m+fp/hard/libm.a(lib_a-sf_sin.o)
                0x0000000000017e74                sinf
 .text          0x0000000000017ee8       0x54 /usr/lib/gcc/arm-none-eabi/10.3.1/../../../arm-none-eabi/lib/thumb/v7e-m+fp/hard/libm.a(lib_a-sf_tan.o)
                0x0000000000017ee8                tanf
 .text          0x0000000000017f3c       0x74 /usr/lib/gcc/arm-none-eabi/10.3.1/../../../arm-none-eabi/lib/thumb/v7e-m+fp/hard/libm.a(lib_a-w_sqrt.o)
                0x0000000000017f3c                sqrt
 .text          0x0000000000017fb0       0x60 /usr/lib/gcc/arm-none-eabi/10.3.1/../../../arm-none-eabi/lib/thumb/v7e-m+fp/hard/libm.a(lib_a-wf_hypot.o)
                0x0000000000017fb0                hypotf
 .text          0x0000000000018010      0x140 /usr/lib/gcc/arm-none-eabi/10.3.1/../../../arm-none-eabi/lib/thumb/v7e-m+fp/hard/libm.a(lib_a-wf_pow.o)
                0x0000000000018010                powf
 .text          0x0000000000018150       0x6c /usr/lib/gcc/arm-none-eabi/10.3.1/../../../arm-none-eabi/lib/thumb/v7e-m+fp/hard/libm.a(lib_a-wf_sinh.o)
                0x0000000000018150                sinhf
 .text          0x00000000000181bc       0x50 /usr/lib/gcc/arm-none-eabi/10.3.1/../../../arm-none-eabi/lib/thumb/v7e-m+fp/hard/libm.a(lib_a-wf_sqrt.o)
                0x00000000000181bc                sqrtf
 .text          0x000000000001820c       0x54 /usr/lib/gcc/arm-none-eabi/10.3.1/../../../arm-none-eabi/lib/thumb/v7e-m+fp/hard/libm.a(lib_a-cabs.o)
                0x000000000001820c                cabs
 .text          0x0000000000018260        0xc /usr/lib/gcc/arm-none-eabi/10.3.1/../../../arm-none-eabi/lib/thumb/v7e-m+fp/hard/libm.a(lib_a-cimag.o)
                0x0000000000018260                cimag
 .text          0x000000000001826c        0x4 /usr/lib/gcc/arm-none-eabi/10.3.1/../../../arm-none-eabi/lib/thumb/v7e-m+fp/hard/libm.a(lib_a-creal.o)
                0x000000000001826c                creal
 .text          0x0000000000018270      0x44c /usr/lib/gcc/arm-none-eabi/10.3.1/../../../arm-none-eabi/lib/thumb/v7e-m+fp/hard/libm.a(lib_a-e_rem_pio2.o)
                0x0000000000018270                __ieee754_rem_pio2
 .text          0x00000000000186bc      0x198 /usr/lib/gcc/arm-none-eabi/10.3.1/../../../arm-none-eabi/lib/thumb/v7e-m+fp/hard/libm.a(lib_a-e_sqrt.o)
                0x00000000000186bc                __ieee754_sqrt
 .text          0x0000000000018854      0x134 /usr/lib/gcc/arm-none-eabi/10.3.1/../../../arm-none-eabi/lib/thumb/v7e-m+fp/hard/libm.a(lib_a-ef_hypot.o)
                0x0000000000018854                __ieee754_hypotf
 .text          0x0000000000018988      0x5f4 /usr/lib/gcc/arm-none-eabi/10.3.1/../../../arm-none-eabi/lib/thumb/v7e-m+fp/hard/libm.a(lib_a-ef_pow.o)
                0x0000000000018988                __ieee754_powf
 .text          0x0000000000018f7c      0x264 /usr/lib/gcc/arm-none-eabi/10.3.1/../../../arm-none-eabi/lib/thumb/v7e-m+fp/hard/libm.a(lib_a-ef_rem_pio2.o)
                0x0000000000018f7c                __ieee754_rem_pio2f
 .text          0x00000000000191e0       0xf8 /usr/lib/gcc/arm-none-eabi/10.3.1/../../../arm-none-eabi/lib/thumb/v7e-m+fp/hard/libm.a(lib_a-ef_sinh.o)
                0x00000000000191e0                __ieee754_sinhf
 .text          0x00000000000192d8        0x8 /usr/lib/gcc/arm-none-eabi/10.3.1/../../../arm-none-eabi/lib/thumb/v7e-m+fp/hard/libm.a(lib_a-ef_sqrt.o)
                0x00000000000192d8                __ieee754_sqrtf
 .text          0x00000000000192e0      0x27c /usr/lib/gcc/arm-none-eabi/10.3.1/../../../arm-none-eabi/lib/thumb/v7e-m+fp/hard/libm.a(lib_a-k_cos.o)
                0x00000000000192e0                __kernel_cos
 *fill*         0x000000000001955c        0x4 
 .text          0x0000000000019560      0x850 /usr/lib/gcc/arm-none-eabi/10.3.1/../../../arm-none-eabi/lib/thumb/v7e-m+fp/hard/libm.a(lib_a-k_rem_pio2.o)
                0x0000000000019560                __kernel_rem_pio2
 .text          0x0000000000019db0      0x17c /usr/lib/gcc/arm-none-eabi/10.3.1/../../../arm-none-eabi/lib/thumb/v7e-m+fp/hard/libm.a(lib_a-k_sin.o)
                0x0000000000019db0                __kernel_sin
 .text          0x0000000000019f2c      0x104 /usr/lib/gcc/arm-none-eabi/10.3.1/../../../arm-none-eabi/lib/thumb/v7e-m+fp/hard/libm.a(lib_a-kf_cos.o)
                0x0000000000019f2c                __kernel_cosf
 .text          0x000000000001a030      0x674 /usr/lib/gcc/arm-none-eabi/10.3.1/../../../arm-none-eabi/lib/thumb/v7e-m+fp/hard/libm.a(lib_a-kf_rem_pio2.o)
                0x000000000001a030                __kernel_rem_pio2f
 .text          0x000000000001a6a4       0x90 /usr/lib/gcc/arm-none-eabi/10.3.1/../../../arm-none-eabi/lib/thumb/v7e-m+fp/hard/libm.a(lib_a-kf_sin.o)
                0x000000000001a6a4                __kernel_sinf
 .text          0x000000000001a734      0x1c0 /usr/lib/gcc/arm-none-eabi/10.3.1/../../../arm-none-eabi/lib/thumb/v7e-m+fp/hard/libm.a(lib_a-kf_tan.o)
                0x000000000001a734                __kernel_tanf
 *fill*         0x000000000001a8f4        0x4 
 .text          0x000000000001a8f8      0x108 /usr/lib/gcc/arm-none-eabi/10.3.1/../../../arm-none-eabi/lib/thumb/v7e-m+fp/hard/libm.a(lib_a-s_floor.o)
                0x000000000001a8f8                floor
 .text          0x000000000001aa00      0x124 /usr/lib/gcc/arm-none-eabi/10.3.1/../../../arm-none-eabi/lib/thumb/v7e-m+fp/hard/libm.a(lib_a-s_scalbn.o)
                0x000000000001aa00                scalbn
 .text          0x000000000001ab24      0x274 /usr/lib/gcc/arm-none-eabi/10.3.1/../../../arm-none-eabi/lib/thumb/v7e-m+fp/hard/libm.a(lib_a-sf_expm1.o)
                0x000000000001ab24                expm1f
 .text          0x000000000001ad98       0x10 /usr/lib/gcc/arm-none-eabi/10.3.1/../../../arm-none-eabi/lib/thumb/v7e-m+fp/hard/libm.a(lib_a-sf_fabs.o)
                0x000000000001ad98                fabsf
 .text          0x000000000001ada8       0x1c /usr/lib/gcc/arm-none-eabi/10.3.1/../../../arm-none-eabi/lib/thumb/v7e-m+fp/hard/libm.a(lib_a-sf_finite.o)
                0x000000000001ada8                finitef
 .text          0x000000000001adc4       0x8c /usr/lib/gcc/arm-none-eabi/10.3.1/../../../arm-none-eabi/lib/thumb/v7e-m+fp/hard/libm.a(lib_a-sf_floor.o)
                0x000000000001adc4                floorf
 .text          0x000000000001ae50        0xc /usr/lib/gcc/arm-none-eabi/10.3.1/../../../arm-none-eabi/lib/thumb/v7e-m+fp/hard/libm.a(lib_a-sf_nan.o)
                0x000000000001ae50                nanf
 .text          0x000000000001ae5c       0xbc /usr/lib/gcc/arm-none-eabi/10.3.1/../../../arm-none-eabi/lib/thumb/v7e-m+fp/hard/libm.a(lib_a-sf_rint.o)
                0x000000000001ae5c                rintf
 .text          0x000000000001af18       0xe4 /usr/lib/gcc/arm-none-eabi/10.3.1/../../../arm-none-eabi/lib/thumb/v7e-m+fp/hard/libm.a(lib_a-sf_scalbn.o)
                0x000000000001af18                scalbnf
 *fill*         0x000000000001affc        0x4 
 .text          0x000000000001b000       0x7c /usr/lib/gcc/arm-none-eabi/10.3.1/../../../arm-none-eabi/lib/thumb/v7e-m+fp/hard/libm.a(lib_a-w_hypot.o)
                0x000000000001b000                hypot
 .text          0x000000000001b07c      0x25c /usr/lib/gcc/arm-none-eabi/10.3.1/../../../arm-none-eabi/lib/thumb/v7e-m+fp/hard/libm.a(lib_a-e_hypot.o)
                0x000000000001b07c                __ieee754_hypot
 .text          0x000000000001b2d8      0x1dc /usr/lib/gcc/arm-none-eabi/10.3.1/../../../arm-none-eabi/lib/thumb/v7e-m+fp/hard/libm.a(lib_a-ef_exp.o)
                0x000000000001b2d8                __ieee754_expf
 .text          0x000000000001b4b4       0x78 /usr/lib/gcc/arm-none-eabi/10.3.1/../../../arm-none-eabi/lib/thumb/v7e-m+fp/hard/libm.a(lib_a-math_errf.o)
                0x000000000001b4ec                __math_oflowf
                0x000000000001b4f0                __math_divzerof
                0x000000000001b510                __math_invalidf
 .text          0x000000000001b52c       0x18 /usr/lib/gcc/arm-none-eabi/10.3.1/../../../arm-none-eabi/lib/thumb/v7e-m+fp/hard/libm.a(lib_a-s_finite.o)
                0x000000000001b52c                finite
 .text          0x000000000001b544      0x378 /usr/lib/gcc/arm-none-eabi/10.3.1/thumb/v7e-m+fp/hard/libgcc.a(_arm_addsubdf3.o)
                0x000000000001b544                __aeabi_drsub
                0x000000000001b54c                __aeabi_dsub
                0x000000000001b54c                __subdf3
                0x000000000001b550                __adddf3
                0x000000000001b550                __aeabi_dadd
                0x000000000001b7c8                __aeabi_ui2d
                0x000000000001b7c8                __floatunsidf
                0x000000000001b7e8                __floatsidf
                0x000000000001b7e8                __aeabi_i2d
                0x000000000001b80c                __extendsfdf2
                0x000000000001b80c                __aeabi_f2d
                0x000000000001b850                __aeabi_ul2d
                0x000000000001b850                __floatundidf
                0x000000000001b860                __floatdidf
                0x000000000001b860                __aeabi_l2d
 .text          0x000000000001b8bc      0x424 /usr/lib/gcc/arm-none-eabi/10.3.1/thumb/v7e-m+fp/hard/libgcc.a(_arm_muldivdf3.o)
                0x000000000001b8bc                __aeabi_dmul
                0x000000000001b8bc                __muldf3
                0x000000000001bb10                __aeabi_ddiv
                0x000000000001bb10                __divdf3
 .text          0x000000000001bce0      0x110 /usr/lib/gcc/arm-none-eabi/10.3.1/thumb/v7e-m+fp/hard/libgcc.a(_arm_cmpdf2.o)
                0x000000000001bce0                __gtdf2
                0x000000000001bce0                __gedf2
                0x000000000001bce8                __ltdf2
                0x000000000001bce8                __ledf2
                0x000000000001bcf0                __cmpdf2
                0x000000000001bcf0                __eqdf2
                0x000000000001bcf0                __nedf2
                0x000000000001bd6c                __aeabi_cdrcmple
                0x000000000001bd7c                __aeabi_cdcmple
                0x000000000001bd7c                __aeabi_cdcmpeq
                0x000000000001bd8c                __aeabi_dcmpeq
                0x000000000001bda0                __aeabi_dcmplt
                0x000000000001bdb4                __aeabi_dcmple
                0x000000000001bdc8                __aeabi_dcmpge
                0x000000000001bddc                __aeabi_dcmpgt
 .text          0x000000000001bdf0       0x2c /usr/lib/gcc/arm-none-eabi/10.3.1/thumb/v7e-m+fp/hard/libgcc.a(_arm_unorddf2.o)
                0x000000000001bdf0                __aeabi_dcmpun
                0x000000000001bdf0                __unorddf2
 .text          0x000000000001be1c       0x50 /usr/lib/gcc/arm-none-eabi/10.3.1/thumb/v7e-m+fp/hard/libgcc.a(_arm_fixdfsi.o)
                0x000000000001be1c                __fixdfsi
                0x000000000001be1c                __aeabi_d2iz
 .text          0x000000000001be6c       0xa0 /usr/lib/gcc/arm-none-eabi/10.3.1/thumb/v7e-m+fp/hard/libgcc.a(_arm_truncdfsf2.o)
                0x000000000001be6c                __aeabi_d2f
                0x000000000001be6c                __truncdfsf2
 .text          0x000000000001bf0c       0xa0 /usr/lib/gcc/arm-none-eabi/10.3.1/thumb/v7e-m+fp/hard/libgcc.a(_aeabi_ldivmod.o)
                0x000000000001bf0c                __aeabi_ldivmod
 .text          0x000000000001bfac       0x30 /usr/lib/gcc/arm-none-eabi/10.3.1/thumb/v7e-m+fp/hard/libgcc.a(_aeabi_uldivmod.o)
                0x000000000001bfac                __aeabi_uldivmod
 .text          0x000000000001bfdc      0x2c0 /usr/lib/gcc/arm-none-eabi/10.3.1/thumb/v7e-m+fp/hard/libgcc.a(_mulsc3.o)
                0x000000000001bfdc                __mulsc3
 .text          0x000000000001c29c      0x22c /usr/lib/gcc/arm-none-eabi/10.3.1/thumb/v7e-m+fp/hard/libgcc.a(_divsc3.o)
                0x000000000001c29c                __divsc3
 .text          0x000000000001c4c8      0x2d0 /usr/lib/gcc/arm-none-eabi/10.3.1/thumb/v7e-m+fp/hard/libgcc.a(_udivmoddi4.o)
                0x000000000001c4c8                __udivmoddi4
 .text          0x000000000001c798        0x4 /usr/lib/gcc/arm-none-eabi/10.3.1/thumb/v7e-m+fp/hard/libgcc.a(_dvmd_tls.o)
                0x000000000001c798                __aeabi_ldiv0
                0x000000000001c798                __aeabi_idiv0
 .text          0x000000000001c79c        0xc /usr/lib/gcc/arm-none-eabi/10.3.1/../../../arm-none-eabi/lib/thumb/v7e-m+fp/hard/libc_nano.a(lib_a-atexit.o)
                0x000000000001c79c                atexit
 .text          0x000000000001c7a8        0xc /usr/lib/gcc/arm-none-eabi/10.3.1/../../../arm-none-eabi/lib/thumb/v7e-m+fp/hard/libc_nano.a(lib_a-errno.o)
                0x000000000001c7a8                __errno
 .text          0x000000000001c7b4       0x28 /usr/lib/gcc/arm-none-eabi/10.3.1/../../../arm-none-eabi/lib/thumb/v7e-m+fp/hard/libc_nano.a(lib_a-exit.o)
                0x000000000001c7b4                exit
 .text          0x000000000001c7dc       0x2c /usr/lib/gcc/arm-none-eabi/10.3.1/../../../arm-none-eabi/lib/thumb/v7e-m+fp/hard/libc_nano.a(lib_a-fini.o)
                0x000000000001c7dc                __libc_fini_array
 .text          0x000000000001c808      0x1d4 /usr/lib/gcc/arm-none-eabi/10.3.1/../../../arm-none-eabi/lib/thumb/v7e-m+fp/hard/libc_nano.a(lib_a-gmtime_r.o)
                0x000000000001c808                gmtime_r
 .text          0x000000000001c9dc       0x48 /usr/lib/gcc/arm-none-eabi/10.3.1/../../../arm-none-eabi/lib/thumb/v7e-m+fp/hard/libc_nano.a(lib_a-init.o)
                0x000000000001c9dc                __libc_init_array
 .text          0x000000000001ca24       0x20 /usr/lib/gcc/arm-none-eabi/10.3.1/../../../arm-none-eabi/lib/thumb/v7e-m+fp/hard/libc_nano.a(lib_a-malloc.o)
                0x000000000001ca24                malloc
                0x000000000001ca34                free
 .text          0x000000000001ca44       0x64 /usr/lib/gcc/arm-none-eabi/10.3.1/../../../arm-none-eabi/lib/thumb/v7e-m+fp/hard/libc_nano.a(lib_a-memcmp.o)
                0x000000000001ca44                memcmp
 .text          0x000000000001caa8      0x134 /usr/lib/gcc/arm-none-eabi/10.3.1/../../../arm-none-eabi/lib/thumb/v7e-m+fp/hard/libc_nano.a(lib_a-memcpy.o)
                0x000000000001caa8                memcpy
 .text          0x000000000001cbdc       0xa4 /usr/lib/gcc/arm-none-eabi/10.3.1/../../../arm-none-eabi/lib/thumb/v7e-m+fp/hard/libc_nano.a(lib_a-memset.o)
                0x000000000001cbdc                memset
 .text          0x000000000001cc80       0xc4 /usr/lib/gcc/arm-none-eabi/10.3.1/../../../arm-none-eabi/lib/thumb/v7e-m+fp/hard/libc_nano.a(lib_a-nano-freer.o)
                0x000000000001cc80                _free_r
 .text          0x000000000001cd44       0xb4 /usr/lib/gcc/arm-none-eabi/10.3.1/../../../arm-none-eabi/lib/thumb/v7e-m+fp/hard/libc_nano.a(lib_a-nano-mallocr.o)
                0x000000000001cd44                _malloc_r
 .text          0x000000000001cdf8       0x24 /usr/lib/gcc/arm-none-eabi/10.3.1/../../../arm-none-eabi/lib/thumb/v7e-m+fp/hard/libc_nano.a(lib_a-sbrkr.o)
                0x000000000001cdf8                _sbrk_r
 .text          0x000000000001ce1c       0x78 /usr/lib/gcc/arm-none-eabi/10.3.1/../../../arm-none-eabi/lib/thumb/v7e-m+fp/hard/libc_nano.a(lib_a-sprintf.o)
                0x000000000001ce1c                _siprintf_r
                0x000000000001ce1c                _sprintf_r
                0x000000000001ce54                sprintf
                0x000000000001ce54                siprintf
 .text          0x000000000001ce94       0xbc /usr/lib/gcc/arm-none-eabi/10.3.1/../../../arm-none-eabi/lib/thumb/v7e-m+fp/hard/libc_nano.a(lib_a-strcpy.o)
                0x000000000001ce94                strcpy
 .text          0x000000000001cf50       0x64 /usr/lib/gcc/arm-none-eabi/10.3.1/../../../arm-none-eabi/lib/thumb/v7e-m+fp/hard/libc_nano.a(lib_a-strncpy.o)
                0x000000000001cf50                strncpy
 .text          0x000000000001cfb4       0xac /usr/lib/gcc/arm-none-eabi/10.3.1/../../../arm-none-eabi/lib/thumb/v7e-m+fp/hard/libc_nano.a(lib_a-__atexit.o)
                0x000000000001cfb4                __register_exitproc
 .text          0x000000000001d060       0xc8 /usr/lib/gcc/arm-none-eabi/10.3.1/../../../arm-none-eabi/lib/thumb/v7e-m+fp/hard/libc_nano.a(lib_a-__call_atexit.o)
                0x000000000001d060                __call_exitprocs
 .text          0x000000000001d128        0x8 /usr/lib/gcc/arm-none-eabi/10.3.1/../../../arm-none-eabi/lib/thumb/v7e-m+fp/hard/libc_nano.a(lib_a-mlock.o)
                0x000000000001d128                __malloc_lock
                0x000000000001d12c                __malloc_unlock
 .text          0x000000000001d130      0x3f0 /usr/lib/gcc/arm-none-eabi/10.3.1/../../../arm-none-eabi/lib/thumb/v7e-m+fp/hard/libc_nano.a(lib_a-nano-svfprintf.o)
                0x000000000001d130                __ssputs_r
                0x000000000001d1f4                __ssprint_r
                0x000000000001d2ec                _svfprintf_r
                0x000000000001d2ec                _svfiprintf_r
 .text          0x000000000001d520      0x3dc /usr/lib/gcc/arm-none-eabi/10.3.1/../../../arm-none-eabi/lib/thumb/v7e-m+fp/hard/libc_nano.a(lib_a-nano-vfprintf_i.o)
                0x000000000001d520                _printf_common
                0x000000000001d64c                _printf_i
 *fill*         0x000000000001d8fc        0x4 
 .text          0x000000000001d900       0xa0 /usr/lib/gcc/arm-none-eabi/10.3.1/../../../arm-none-eabi/lib/thumb/v7e-m+fp/hard/libc_nano.a(lib_a-memchr.o)
                0x000000000001d900                memchr
 .text          0x000000000001d9a0       0xf8 /usr/lib/gcc/arm-none-eabi/10.3.1/../../../arm-none-eabi/lib/thumb/v7e-m+fp/hard/libc_nano.a(lib_a-memmove.o)
                0x000000000001d9a0                memmove
 .text          0x000000000001da98       0x50 /usr/lib/gcc/arm-none-eabi/10.3.1/../../../arm-none-eabi/lib/thumb/v7e-m+fp/hard/libc_nano.a(lib_a-nano-reallocr.o)
                0x000000000001da98                _realloc_r
 .text          0x000000000001dae8       0x14 /usr/lib/gcc/arm-none-eabi/10.3.1/../../../arm-none-eabi/lib/thumb/v7e-m+fp/hard/libc_nano.a(lib_a-nano-msizer.o)
                0x000000000001dae8                _malloc_usable_size_r
 .text          0x000000000001dafc       0x1c /usr/lib/gcc/arm-none-eabi/10.3.1/../../../arm-none-eabi/lib/thumb/v7e-m+fp/hard/libnosys.a(sbrk.o)
                0x000000000001dafc                _sbrk
 .text          0x000000000001db18        0x4 /usr/lib/gcc/arm-none-eabi/10.3.1/../../../arm-none-eabi/lib/thumb/v7e-m+fp/hard/libnosys.a(_exit.o)
                0x000000000001db18                _exit
 *(.init)
 .init          0x000000000001db1c        0x4 /usr/lib/gcc/arm-none-eabi/10.3.1/thumb/v7e-m+fp/hard/crti.o
                0x000000000001db1c                _init
 .init          0x000000000001db20        0x8 /usr/lib/gcc/arm-none-eabi/10.3.1/thumb/v7e-m+fp/hard/crtn.o
 *(.fini)
 .fini          0x000000000001db28        0x4 /usr/lib/gcc/arm-none-eabi/10.3.1/thumb/v7e-m+fp/hard/crti.o
                0x000000000001db28                _fini
 .fini          0x000000000001db2c        0x8 /usr/lib/gcc/arm-none-eabi/10.3.1/thumb/v7e-m+fp/hard/crtn.o
 *fill*         0x000000000001db34        0x4 
 .fini.__stub   0x000000000001db38        0x8 linker stubs
 *crtbegin.o(.ctors)
 *crtbegin?.o(.ctors)
 *(EXCLUDE_FILE(*crtend.o *crtend?.o) .ctors)
 *(SORT_BY_NAME(.ctors.*))
 *(.ctors)
 *crtbegin.o(.dtors)
 *crtbegin?.o(.dtors)
 *(EXCLUDE_FILE(*crtend.o *crtend?.o) .dtors)
 *(SORT_BY_NAME(.dtors.*))
 *(.dtors)
 *(.rodata*)
 .rodata.hammingConversion
                0x000000000001db40       0x80 ./objects/audioConfig.o
 .rodata.sineTable
                0x000000000001dbc0      0x400 ./objects/audioConfig.o
 .rodata.handleUSBPacket.str1.4
                0x000000000001dfc0        0xe ./objects/audioMoth.o
 .rodata.AudioMoth_enableFileSystem.str1.4
                0x000000000001dfce        0xe ./objects/audioMoth.o
                                          0x1 (size before relaxing)
 *fill*         0x000000000001dfce        0x2 
 .rodata        0x000000000001dfd0       0xb0 ./objects/audioMoth.o
 .rodata.BOS_Descriptor
                0x000000000001e080       0x39 ./objects/audioMoth.o
 *fill*         0x000000000001e0b9        0x3 
 .rodata.HID_Descriptor
                0x000000000001e0bc        0x9 ./objects/audioMoth.o
 *fill*         0x000000000001e0c5        0x3 
 .rodata.HID_ReportDescriptor
                0x000000000001e0c8       0x1c ./objects/audioMoth.o
 .rodata.MICROSOFT_Descriptor
                0x000000000001e0e4       0xb2 ./objects/audioMoth.o
 *fill*         0x000000000001e196        0x2 
 .rodata.URL_Descriptor
                0x000000000001e198       0x1b ./objects/audioMoth.o
 *fill*         0x000000000001e1b3        0x1 
 .rodata.bufferingMultiplier
                0x000000000001e1b4        0x5 ./objects/audioMoth.o
 *fill*         0x000000000001e1b9        0x3 
 .rodata.callbacks
                0x000000000001e1bc       0x14 ./objects/audioMoth.o
 .rodata.configDesc
                0x000000000001e1d0       0x40 ./objects/audioMoth.o
 .rodata.deviceDesc
                0x000000000001e210       0x12 ./objects/audioMoth.o
 *fill*         0x000000000001e222        0x2 
 .rodata.iManufacturer
                0x000000000001e224       0x34 ./objects/audioMoth.o
 .rodata.iProduct
                0x000000000001e258       0x16 ./objects/audioMoth.o
 *fill*         0x000000000001e26e        0x2 
 .rodata.iSerialNumber
                0x000000000001e270        0xc ./objects/audioMoth.o
 .rodata.initstruct
                0x000000000001e27c       0x1c ./objects/audioMoth.o
 .rodata.langID
                0x000000000001e298        0x4 ./objects/audioMoth.o
 .rodata.strings
                0x000000000001e29c       0x10 ./objects/audioMoth.o
 .rodata        0x000000000001e2ac       0x18 ./objects/butterworth.o
 .rodata        0x000000000001e2c4       0x18 ./objects/digitalFilter.o
 .rodata.CSWTCH.31
                0x000000000001e2dc        0x3 ./objects/em_cmu.o
 *fill*         0x000000000001e2df        0x1 
 .rodata.CSWTCH.45
                0x000000000001e2e0       0x14 ./objects/em_cmu.o
 .rodata.CSWTCH.46
                0x000000000001e2f4       0x14 ./objects/em_cmu.o
 .rodata.CSWTCH.47
                0x000000000001e308       0x14 ./objects/em_cmu.o
 .rodata.follow_path.str1.4
                0x000000000001e31c       0x13 ./objects/ff.o
 *fill*         0x000000000001e32f        0x1 
 .rodata.LfnOfs
                0x000000000001e330        0xd ./objects/ff.o
 *fill*         0x000000000001e33d        0x3 
 .rodata.cvt1.1
                0x000000000001e340      0x1f2 ./objects/ffunicode.o
 *fill*         0x000000000001e532        0x2 
 .rodata.cvt2.0
                0x000000000001e534       0xbc ./objects/ffunicode.o
 .rodata.oem2uni932
                0x000000000001e5f0     0x7378 ./objects/ffunicode.o
 .rodata.uni2oem932
                0x0000000000025968     0x7378 ./objects/ffunicode.o
 .rodata        0x000000000002cce0       0x18 ./objects/gpsinterface.o
 .rodata.daysByMonth
                0x000000000002ccf8       0x30 ./objects/gpsutilities.o
 .rodata.writeGPSLogMessage.str1.4
                0x000000000002cd28       0x2d ./objects/main.o
 *fill*         0x000000000002cd55        0x3 
 .rodata.formatPercentage.str1.4
                0x000000000002cd58        0xc ./objects/main.o
 .rodata.setTimeFromGPS.str1.4
                0x000000000002cd64       0xbf ./objects/main.o
 *fill*         0x000000000002ce23        0x1 
 .rodata.generateFolderAndFilename.constprop.0.str1.4
                0x000000000002ce24       0x43 ./objects/main.o
 *fill*         0x000000000002ce67        0x1 
 .rodata.writeConfigurationToFile.constprop.0.str1.4
                0x000000000002ce68      0x581 ./objects/main.o
                                        0x585 (size before relaxing)
 *fill*         0x000000000002d3e9        0x3 
 .rodata.main.str1.4
                0x000000000002d3ec      0x2f5 ./objects/main.o
                                        0x2f9 (size before relaxing)
 *fill*         0x000000000002d6e1        0x3 
 .rodata.GPS_handleSetTime.str1.4
                0x000000000002d6e4      0x119 ./objects/main.o
 *fill*         0x000000000002d7fd        0x3 
 .rodata.GPS_handlePPSEvent.str1.4
                0x000000000002d800       0x22 ./objects/main.o
 *fill*         0x000000000002d822        0x2 
 .rodata.GPS_handleFixEvent.str1.4
                0x000000000002d824       0x64 ./objects/main.o
 .rodata.GPS_handleMessageEvent.str1.4
                0x000000000002d888       0x1c ./objects/main.o
 .rodata.str1.4
                0x000000000002d8a4       0x45 ./objects/main.o
                                         0x55 (size before relaxing)
 *fill*         0x000000000002d8e9        0x3 
 .rodata.defaultConfigSettings
                0x000000000002d8ec       0x3e ./objects/main.o
 *fill*         0x000000000002d92a        0x2 
 .rodata.gainSettings.3
                0x000000000002d92c       0x14 ./objects/main.o
 .rodata.gainSettings.7
                0x000000000002d940       0x14 ./objects/main.o
 .rodata        0x000000000002d954       0x18 ./objects/microsd.o
 .rodata.DEFAULTfunctions
                0x000000000002d96c       0x10 ./objects/nmeaparser.o
                0x000000000002d96c                DEFAULTfunctions
 .rodata.RMCfunctions
                0x000000000002d97c       0xe0 ./objects/nmeaparser.o
                0x000000000002d97c                RMCfunctions
 .rodata        0x000000000002da5c      0x188 /usr/lib/gcc/arm-none-eabi/10.3.1/../../../arm-none-eabi/lib/thumb/v7e-m+fp/hard/libm.a(lib_a-e_rem_pio2.o)
 .rodata.str1.4
                0x000000000002dbe4        0x1 /usr/lib/gcc/arm-none-eabi/10.3.1/../../../arm-none-eabi/lib/thumb/v7e-m+fp/hard/libm.a(lib_a-ef_pow.o)
 .rodata        0x000000000002dbe4      0x398 /usr/lib/gcc/arm-none-eabi/10.3.1/../../../arm-none-eabi/lib/thumb/v7e-m+fp/hard/libm.a(lib_a-ef_rem_pio2.o)
 *fill*         0x000000000002df7c        0x4 
 .rodata        0x000000000002df80       0x50 /usr/lib/gcc/arm-none-eabi/10.3.1/../../../arm-none-eabi/lib/thumb/v7e-m+fp/hard/libm.a(lib_a-k_rem_pio2.o)
 .rodata        0x000000000002dfd0       0x38 /usr/lib/gcc/arm-none-eabi/10.3.1/../../../arm-none-eabi/lib/thumb/v7e-m+fp/hard/libm.a(lib_a-kf_rem_pio2.o)
 .rodata        0x000000000002e008        0x8 /usr/lib/gcc/arm-none-eabi/10.3.1/../../../arm-none-eabi/lib/thumb/v7e-m+fp/hard/libm.a(lib_a-sf_rint.o)
 .rodata        0x000000000002e010       0x18 /usr/lib/gcc/arm-none-eabi/10.3.1/../../../arm-none-eabi/lib/thumb/v7e-m+fp/hard/libm.a(lib_a-ef_exp.o)
 .rodata        0x000000000002e028        0x4 /usr/lib/gcc/arm-none-eabi/10.3.1/../../../arm-none-eabi/lib/thumb/v7e-m+fp/hard/libc_nano.a(lib_a-impure.o)
                0x000000000002e028                _global_impure_ptr
 .rodata.str1.4
                0x000000000002e02c       0x13 /usr/lib/gcc/arm-none-eabi/10.3.1/../../../arm-none-eabi/lib/thumb/v7e-m+fp/hard/libc_nano.a(lib_a-nano-svfprintf.o)
 *fill*         0x000000000002e03f        0x1 
 .rodata.str1.4
                0x000000000002e040       0x25 /usr/lib/gcc/arm-none-eabi/10.3.1/../../../arm-none-eabi/lib/thumb/v7e-m+fp/hard/libc_nano.a(lib_a-nano-vfprintf_i.o)
 *fill*         0x000000000002e065        0x3 
 .rodata        0x000000000002e068       0x60 /usr/lib/gcc/arm-none-eabi/10.3.1/../../../arm-none-eabi/lib/thumb/v7e-m+fp/hard/libc_nano.a(lib_a-findfp.o)
                0x000000000002e068                __sf_fake_stderr
                0x000000000002e088                __sf_fake_stdout
                0x000000000002e0a8                __sf_fake_stdin
 *(.eh_frame*)
 .eh_frame      0x000000000002e0c8        0x0 /usr/lib/gcc/arm-none-eabi/10.3.1/thumb/v7e-m+fp/hard/crtbegin.o
 .eh_frame      0x000000000002e0c8        0x4 /usr/lib/gcc/arm-none-eabi/10.3.1/thumb/v7e-m+fp/hard/crtend.o

.glue_7         0x000000000002e0cc        0x0
 .glue_7        0x000000000002e0cc        0x0 linker stubs

.glue_7t        0x000000000002e0cc        0x0
 .glue_7t       0x000000000002e0cc        0x0 linker stubs

.vfp11_veneer   0x000000000002e0cc        0x0
 .vfp11_veneer  0x000000000002e0cc        0x0 linker stubs

.v4_bx          0x000000000002e0cc        0x0
 .v4_bx         0x000000000002e0cc        0x0 linker stubs

.iplt           0x000000000002e0cc        0x0
 .iplt          0x000000000002e0cc        0x0 /usr/lib/gcc/arm-none-eabi/10.3.1/thumb/v7e-m+fp/hard/crtbegin.o

.ARM.extab
 *(.ARM.extab* .gnu.linkonce.armextab.*)
                0x000000000002e0cc                __exidx_start = .

.ARM.exidx      0x000000000002e0cc        0x8
 *(.ARM.exidx* .gnu.linkonce.armexidx.*)
 .ARM.exidx     0x000000000002e0cc        0x8 /usr/lib/gcc/arm-none-eabi/10.3.1/../../../arm-none-eabi/lib/thumb/v7e-m+fp/hard/crt0.o
                                         0x10 (size before relaxing)
 .ARM.exidx     0x000000000002e0d4        0x0 /usr/lib/gcc/arm-none-eabi/10.3.1/thumb/v7e-m+fp/hard/libgcc.a(_udivmoddi4.o)
                                          0x8 (size before relaxing)
                0x000000000002e0d4                __exidx_end = .
                0x000000000002e0d4                __etext = .

.rel.dyn        0x000000000002e0d4        0x0
 .rel.iplt      0x000000000002e0d4        0x0 /usr/lib/gcc/arm-none-eabi/10.3.1/thumb/v7e-m+fp/hard/crtbegin.o

.data           0x0000000020000000      0x790 load address 0x000000000002e0d4
                0x0000000020000000                __data_start__ = .
 *(vtable)
 *(.data*)
 .data.opamp1LowGainRange.3
                0x0000000020000000       0x14 ./objects/audioMoth.o
 .data.opamp1NormalGainRange.2
                0x0000000020000014       0x14 ./objects/audioMoth.o
 .data.opamp2LowGainRange.1
                0x0000000020000028       0x14 ./objects/audioMoth.o
 .data.opamp2NormalGainRange.0
                0x000000002000003c       0x14 ./objects/audioMoth.o
 .data.stat     0x0000000020000050        0x1 ./objects/diskio.o
 *fill*         0x0000000020000051        0x3 
 .data.dev      0x0000000020000054        0x4 ./objects/em_usbd.o
                0x0000000020000054                dev
 .data.firmwareDescription
                0x0000000020000058       0x20 ./objects/main.o
 .data.firmwareVersion
                0x0000000020000078        0x3 ./objects/main.o
 *fill*         0x000000002000007b        0x1 
 .data.gpsTickEventCount
                0x000000002000007c        0x4 ./objects/main.o
 .data.gpsTickEventModulo
                0x0000000020000080        0x4 ./objects/main.o
 .data.wavHeader
                0x0000000020000084      0x1e8 ./objects/main.o
 .data.SystemCoreClock
                0x000000002000026c        0x4 ./objects/system_efm32wg.o
                0x000000002000026c                SystemCoreClock
 .data.SystemHFXOClock
                0x0000000020000270        0x4 ./objects/system_efm32wg.o
 .data.SystemLFXOClock
                0x0000000020000274        0x4 ./objects/system_efm32wg.o
 .data          0x0000000020000278        0x1 /usr/lib/gcc/arm-none-eabi/10.3.1/../../../arm-none-eabi/lib/thumb/v7e-m+fp/hard/libm.a(lib_a-s_lib_ver.o)
                0x0000000020000278                __fdlib_version
 *fill*         0x0000000020000279        0x3 
 .data          0x000000002000027c       0x64 /usr/lib/gcc/arm-none-eabi/10.3.1/../../../arm-none-eabi/lib/thumb/v7e-m+fp/hard/libc_nano.a(lib_a-impure.o)
                0x000000002000027c                _impure_ptr
                0x00000000200002e0                . = ALIGN (0x4)
 *(.ram)
 .ram           0x00000000200002e0       0x4c ./objects/audioMoth.o
                0x00000000200002e0                AudioMoth_writeToFlashUserDataPage
 .ram           0x000000002000032c      0x444 ./objects/em_msc.o
                0x000000002000032c                MSC_WriteWord
                0x000000002000040c                MSC_WriteWordFast
                0x0000000020000528                MSC_ErasePage
                0x00000000200005a0                MSC_MassErase
                0x00000000200005c8                MSC_LoadWriteData
                0x0000000020000668                MSC_WriteWordI
                0x000000002000071c                MSC_LoadVerifyAddress
                0x000000002000076c                mscRfAssertEFM
 .ram.__stub    0x0000000020000770       0x18 linker stubs
                0x0000000020000788                . = ALIGN (0x4)
                0x0000000020000788                PROVIDE (__preinit_array_start = .)
 *(.preinit_array)
                0x0000000020000788                PROVIDE (__preinit_array_end = .)
                0x0000000020000788                . = ALIGN (0x4)
                0x0000000020000788                PROVIDE (__init_array_start = .)
 *(SORT_BY_NAME(.init_array.*))
 *(.init_array)
 .init_array    0x0000000020000788        0x4 /usr/lib/gcc/arm-none-eabi/10.3.1/thumb/v7e-m+fp/hard/crtbegin.o
                0x000000002000078c                PROVIDE (__init_array_end = .)
                0x000000002000078c                . = ALIGN (0x4)
                0x000000002000078c                PROVIDE (__fini_array_start = .)
 *(SORT_BY_NAME(.fini_array.*))
 *(.fini_array)
 .fini_array    0x000000002000078c        0x4 /usr/lib/gcc/arm-none-eabi/10.3.1/thumb/v7e-m+fp/hard/crtbegin.o
                0x0000000020000790                PROVIDE (__fini_array_end = .)
 *(.jcr*)
                0x0000000020000790                . = ALIGN (0x4)
                0x0000000020000790                __data_end__ = .

.tm_clone_table
                0x0000000020000790        0x0 load address 0x000000000002e864
 .tm_clone_table
                0x0000000020000790        0x0 /usr/lib/gcc/arm-none-eabi/10.3.1/thumb/v7e-m+fp/hard/crtbegin.o
 .tm_clone_table
                0x0000000020000790        0x0 /usr/lib/gcc/arm-none-eabi/10.3.1/thumb/v7e-m+fp/hard/crtend.o

.igot.plt       0x0000000020000790        0x0 load address 0x000000000002e864
 .igot.plt      0x0000000020000790        0x0 /usr/lib/gcc/arm-none-eabi/10.3.1/thumb/v7e-m+fp/hard/crtbegin.o

.bss            0x0000000020000800     0x3990 load address 0x000000000002e900
                0x0000000020000800                . = ALIGN (0x4)
                0x0000000020000800                __bss_start__ = .
 *(.bss*)
 .bss           0x0000000020000800       0x1c /usr/lib/gcc/arm-none-eabi/10.3.1/thumb/v7e-m+fp/hard/crtbegin.o
 .bss.agcFilter
                0x000000002000081c       0x18 ./objects/audioConfig.o
 .bss.agcFilterCoefficients
                0x0000000020000834        0xc ./objects/audioConfig.o
 .bss.cancel    0x0000000020000840        0x1 ./objects/audioConfig.o
 *fill*         0x0000000020000841        0x3 
 .bss.carrierFilter
                0x0000000020000844       0x18 ./objects/audioConfig.o
 .bss.carrierFilterCoefficients
                0x000000002000085c        0xc ./objects/audioConfig.o
 .bss.channel1Filter
                0x0000000020000868       0x18 ./objects/audioConfig.o
 .bss.channel2Filter
                0x0000000020000880       0x18 ./objects/audioConfig.o
 .bss.channelFilterCoefficients
                0x0000000020000898       0x14 ./objects/audioConfig.o
 .bss.configSample
                0x00000000200008ac        0x2 ./objects/audioConfig.o
 .bss.configSampleReady
                0x00000000200008ae        0x1 ./objects/audioConfig.o
 *fill*         0x00000000200008af        0x1 
 .bss.omegaT    0x00000000200008b0        0x4 ./objects/audioConfig.o
 .bss.receivedBytes
                0x00000000200008b4       0x10 ./objects/audioConfig.o
 .bss.bw        0x00000000200008c4        0x4 ./objects/audioMoth.o
 .bss.cb        0x00000000200008c8        0xc ./objects/audioMoth.o
 .bss.delayTimmerRunning
                0x00000000200008d4        0x1 ./objects/audioMoth.o
 .bss.enterBootloader
                0x00000000200008d5        0x1 ./objects/audioMoth.o
 *fill*         0x00000000200008d6        0x2 
 .bss.fatfs     0x00000000200008d8      0x23c ./objects/audioMoth.o
 *fill*         0x0000000020000b14        0x4 
 .bss.file      0x0000000020000b18      0x250 ./objects/audioMoth.o
 .bss.numberOfSamplesPerTransfer
                0x0000000020000d68        0x2 ./objects/audioMoth.o
 *fill*         0x0000000020000d6a        0x2 
 .bss.receiveBuffer
                0x0000000020000d6c       0x80 ./objects/audioMoth.o
 .bss.stationId
                0x0000000020000dec        0x1 ./objects/audioMoth.o
                0x0000000020000dec                stationId
 *fill*         0x0000000020000ded        0x3 
 .bss.transmitBuffer
                0x0000000020000df0       0x80 ./objects/audioMoth.o
 .bss.botcoeffs
                0x0000000020000e70       0x18 ./objects/butterworth.o
 .bss.spoles    0x0000000020000e88       0x10 ./objects/butterworth.o
 .bss.topcoeffs