Archive member included to satisfy reference by file (symbol)

/usr/lib/gcc/arm-none-eabi/10.3.1/../../../arm-none-eabi/lib/thumb/v7e-m+fp/hard/libm.a(lib_a-csqrt.o)
                              ./objects/butterworth.o (csqrt)
/usr/lib/gcc/arm-none-eabi/10.3.1/../../../arm-none-eabi/lib/thumb/v7e-m+fp/hard/libm.a(lib_a-s_cos.o)
                              ./objects/biquad.o (cos)
/usr/lib/gcc/arm-none-eabi/10.3.1/../../../arm-none-eabi/lib/thumb/v7e-m+fp/hard/libm.a(lib_a-s_fabs.o)
                              /usr/lib/gcc/arm-none-eabi/10.3.1/../../../arm-none-eabi/lib/thumb/v7e-m+fp/hard/libm.a(lib_a-csqrt.o) (fabs)
/usr/lib/gcc/arm-none-eabi/10.3.1/../../../arm-none-eabi/lib/thumb/v7e-m+fp/hard/libm.a(lib_a-sf_cos.o)
                              ./objects/biquad.o (cosf)
/usr/lib/gcc/arm-none-eabi/10.3.1/../../../arm-none-eabi/lib/thumb/v7e-m+fp/hard/libm.a(lib_a-sf_round.o)
                              ./objects/gpsutilities.o (roundf)
/usr/lib/gcc/arm-none-eabi/10.3.1/../../../arm-none-eabi/lib/thumb/v7e-m+fp/hard/libm.a(lib_a-sf_sin.o)
                              ./objects/biquad.o (sinf)
/usr/lib/gcc/arm-none-eabi/10.3.1/../../../arm-none-eabi/lib/thumb/v7e-m+fp/hard/libm.a(lib_a-sf_tan.o)
                              ./objects/butterworth.o (tanf)
/usr/lib/gcc/arm-none-eabi/10.3.1/../../../arm-none-eabi/lib/thumb/v7e-m+fp/hard/libm.a(lib_a-w_sqrt.o)
                              /usr/lib/gcc/arm-none-eabi/10.3.1/../../../arm-none-eabi/lib/thumb/v7e-m+fp/hard/libm.a(lib_a-csqrt.o) (sqrt)
/usr/lib/gcc/arm-none-eabi/10.3.1/../../../arm-none-eabi/lib/thumb/v7e-m+fp/hard/libm.a(lib_a-wf_acos.o)
                              ./objects/gpsutilities.o (acosf)
/usr/lib/gcc/arm-none-eabi/10.3.1/../../../arm-none-eabi/lib/thumb/v7e-m+fp/hard/libm.a(lib_a-wf_hypot.o)
                              ./objects/butterworth.o (hypotf)
/usr/lib/gcc/arm-none-eabi/10.3.1/../../../arm-none-eabi/lib/thumb/v7e-m+fp/hard/libm.a(lib_a-wf_pow.o)
                              ./objects/main.o (powf)
/usr/lib/gcc/arm-none-eabi/10.3.1/../../../arm-none-eabi/lib/thumb/v7e-m+fp/hard/libm.a(lib_a-wf_sinh.o)
                              ./objects/biquad.o (sinhf)
/usr/lib/gcc/arm-none-eabi/10.3.1/../../../arm-none-eabi/lib/thumb/v7e-m+fp/hard/libm.a(lib_a-wf_sqrt.o)
                              ./objects/butterworth.o (sqrtf)
/usr/lib/gcc/arm-none-eabi/10.3.1/../../../arm-none-eabi/lib/thumb/v7e-m+fp/hard/libm.a(lib_a-cabs.o)
                              /usr/lib/gcc/arm-none-eabi/10.3.1/../../../arm-none-eabi/lib/thumb/v7e-m+fp/hard/libm.a(lib_a-csqrt.o) (cabs)
/usr/lib/gcc/arm-none-eabi/10.3.1/../../../arm-none-eabi/lib/thumb/v7e-m+fp/hard/libm.a(lib_a-cimag.o)
                              /usr/lib/gcc/arm-none-eabi/10.3.1/../../../arm-none-eabi/lib/thumb/v7e-m+fp/hard/libm.a(lib_a-csqrt.o) (cimag)
/usr/lib/gcc/arm-none-eabi/10.3.1/../../../arm-none-eabi/lib/thumb/v7e-m+fp/hard/libm.a(lib_a-creal.o)
                              /usr/lib/gcc/arm-none-eabi/10.3.1/../../../arm-none-eabi/lib/thumb/v7e-m+fp/hard/libm.a(lib_a-csqrt.o) (creal)
/usr/lib/gcc/arm-none-eabi/10.3.1/../../../arm-none-eabi/lib/thumb/v7e-m+fp/hard/libm.a(lib_a-e_rem_pio2.o)
                              /usr/lib/gcc/arm-none-eabi/10.3.1/../../../arm-none-eabi/lib/thumb/v7e-m+fp/hard/libm.a(lib_a-s_cos.o) (__ieee754_rem_pio2)
/usr/lib/gcc/arm-none-eabi/10.3.1/../../../arm-none-eabi/lib/thumb/v7e-m+fp/hard/libm.a(lib_a-e_sqrt.o)
                              /usr/lib/gcc/arm-none-eabi/10.3.1/../../../arm-none-eabi/lib/thumb/v7e-m+fp/hard/libm.a(lib_a-w_sqrt.o) (__ieee754_sqrt)
/usr/lib/gcc/arm-none-eabi/10.3.1/../../../arm-none-eabi/lib/thumb/v7e-m+fp/hard/libm.a(lib_a-ef_acos.o)
                              /usr/lib/gcc/arm-none-eabi/10.3.1/../../../arm-none-eabi/lib/thumb/v7e-m+fp/hard/libm.a(lib_a-wf_acos.o) (__ieee754_acosf)
/usr/lib/gcc/arm-none-eabi/10.3.1/../../../arm-none-eabi/lib/thumb/v7e-m+fp/hard/libm.a(lib_a-ef_hypot.o)
                              /usr/lib/gcc/arm-none-eabi/10.3.1/../../../arm-none-eabi/lib/thumb/v7e-m+fp/hard/libm.a(lib_a-wf_hypot.o) (__ieee754_hypotf)
/usr/lib/gcc/arm-none-eabi/10.3.1/../../../arm-none-eabi/lib/thumb/v7e-m+fp/hard/libm.a(lib_a-ef_pow.o)
                              /usr/lib/gcc/arm-none-eabi/10.3.1/../../../arm-none-eabi/lib/thumb/v7e-m+fp/hard/libm.a(lib_a-wf_pow.o) (__ieee754_powf)
/usr/lib/gcc/arm-none-eabi/10.3.1/../../../arm-none-eabi/lib/thumb/v7e-m+fp/hard/libm.a(lib_a-ef_rem_pio2.o)
                              /usr/lib/gcc/arm-none-eabi/10.3.1/../../../arm-none-eabi/lib/thumb/v7e-m+fp/hard/libm.a(lib_a-sf_cos.o) (__ieee754_rem_pio2f)
/usr/lib/gcc/arm-none-eabi/10.3.1/../../../arm-none-eabi/lib/thumb/v7e-m+fp/hard/libm.a(lib_a-ef_sinh.o)
                              /usr/lib/gcc/arm-none-eabi/10.3.1/../../../arm-none-eabi/lib/thumb/v7e-m+fp/hard/libm.a(lib_a-wf_sinh.o) (__ieee754_sinhf)
[...]
Memory Configuration

Name             Origin             Length             Attributes
FLASH            0x0000000000004000 0x000000000003c000 xr
RAM              0x0000000020000000 0x0000000000008000 xrw
*default*        0x0000000000000000 0xffffffffffffffff

Linker script and memory map

LOAD /usr/lib/gcc/arm-none-eabi/10.3.1/thumb/v7e-m+fp/hard/crti.o
LOAD /usr/lib/gcc/arm-none-eabi/10.3.1/thumb/v7e-m+fp/hard/crtbegin.o
LOAD /usr/lib/gcc/arm-none-eabi/10.3.1/../../../arm-none-eabi/lib/thumb/v7e-m+fp/hard/crt0.o
LOAD ./objects/audioConfig.o
LOAD ./objects/audioMoth.o
LOAD ./objects/biquad.o
LOAD ./objects/butterworth.o
LOAD ./objects/digitalFilter.o
LOAD ./objects/diskio.o
LOAD ./objects/dmactrl.o
LOAD ./objects/em_acmp.o
LOAD ./objects/em_adc.o
LOAD ./objects/em_aes.o
LOAD ./objects/em_assert.o
LOAD ./objects/em_burtc.o
LOAD ./objects/em_can.o
LOAD ./objects/em_cmu.o
LOAD ./objects/em_core.o
LOAD ./objects/em_cryotimer.o
LOAD ./objects/em_crypto.o
LOAD ./objects/em_csen.o
LOAD ./objects/em_dac.o
LOAD ./objects/em_dbg.o
LOAD ./objects/em_dma.o
LOAD ./objects/em_ebi.o
LOAD ./objects/em_emu.o
LOAD ./objects/em_gpcrc.o
LOAD ./objects/em_gpio.o
LOAD ./objects/em_i2c.o
LOAD ./objects/em_idac.o
LOAD ./objects/em_lcd.o
LOAD ./objects/em_ldma.o
LOAD ./objects/em_lesense.o
LOAD ./objects/em_letimer.o
LOAD ./objects/em_leuart.o
LOAD ./objects/em_mpu.o
LOAD ./objects/em_msc.o
LOAD ./objects/em_opamp.o
LOAD ./objects/em_pcnt.o
LOAD ./objects/em_prs.o
LOAD ./objects/em_qspi.o
LOAD ./objects/em_rmu.o
LOAD ./objects/em_rtc.o
LOAD ./objects/em_rtcc.o
LOAD ./objects/em_system.o
LOAD ./objects/em_timer.o
LOAD ./objects/em_usart.o
LOAD ./objects/em_usbd.o
LOAD ./objects/em_usbdch9.o
LOAD ./objects/em_usbdep.o
LOAD ./objects/em_usbdint.o
LOAD ./objects/em_usbhal.o
LOAD ./objects/em_usbtimer.o
LOAD ./objects/em_vcmp.o
LOAD ./objects/em_vdac.o
LOAD ./objects/em_wdog.o
LOAD ./objects/ff.o
LOAD ./objects/ffunicode.o
LOAD ./objects/gps.o
LOAD ./objects/gpsinterface.o
LOAD ./objects/gpsutilities.o
LOAD ./objects/main.o
LOAD ./objects/microsd.o
LOAD ./objects/nmeaparser.o
LOAD ./objects/startup_efm32wg.o
LOAD ./objects/sunrise.o
LOAD ./objects/system_efm32wg.o
LOAD /usr/lib/gcc/arm-none-eabi/10.3.1/../../../arm-none-eabi/lib/thumb/v7e-m+fp/hard/libm.a
START GROUP
LOAD /usr/lib/gcc/arm-none-eabi/10.3.1/thumb/v7e-m+fp/hard/libgcc.a
LOAD /usr/lib/gcc/arm-none-eabi/10.3.1/../../../arm-none-eabi/lib/thumb/v7e-m+fp/hard/libc_nano.a
LOAD /usr/lib/gcc/arm-none-eabi/10.3.1/../../../arm-none-eabi/lib/thumb/v7e-m+fp/hard/libnosys.a
END GROUP
START GROUP
LOAD /usr/lib/gcc/arm-none-eabi/10.3.1/thumb/v7e-m+fp/hard/libgcc.a
LOAD /usr/lib/gcc/arm-none-eabi/10.3.1/../../../arm-none-eabi/lib/thumb/v7e-m+fp/hard/libc_nano.a
END GROUP
START GROUP
LOAD /usr/lib/gcc/arm-none-eabi/10.3.1/thumb/v7e-m+fp/hard/libgcc.a
LOAD /usr/lib/gcc/arm-none-eabi/10.3.1/../../../arm-none-eabi/lib/thumb/v7e-m+fp/hard/libc_nano.a
END GROUP
LOAD /usr/lib/gcc/arm-none-eabi/10.3.1/thumb/v7e-m+fp/hard/crtend.o
LOAD /usr/lib/gcc/arm-none-eabi/10.3.1/thumb/v7e-m+fp/hard/crtn.o

.text           0x0000000000004000    0x2a2ec
 *(.vectors)
 .vectors       0x0000000000004000       0xe0 ./objects/startup_efm32wg.o
                0x0000000000004000                __Vectors
                0x00000000000040e0                __Vectors_End = .
                0x00000000000040e0                __Vectors_Size = (__Vectors_End - __Vectors)
                0x0000000020004190                __end__ = .
 *(.text*)
 .text          0x00000000000040e0       0x88 /usr/lib/gcc/arm-none-eabi/10.3.1/thumb/v7e-m+fp/hard/crtbegin.o
 .text          0x0000000000004168       0x70 /usr/lib/gcc/arm-none-eabi/10.3.1/../../../arm-none-eabi/lib/thumb/v7e-m+fp/hard/crt0.o
                0x0000000000004168                _stack_init
                0x0000000000004170                _mainCRTStartup
                0x0000000000004170                _start
 .text.AudioMoth_handleMicrophoneInterrupt
                0x00000000000041d8       0x14 ./objects/audioConfig.o
                0x00000000000041d8                AudioMoth_handleMicrophoneInterrupt
 .text.AudioConfig_enableAudioConfiguration
                0x00000000000041ec       0x8c ./objects/audioConfig.o
                0x00000000000041ec                AudioConfig_enableAudioConfiguration
 .text.AudioConfig_disableAudioConfiguration
                0x0000000000004278        0x4 ./objects/audioConfig.o
                0x0000000000004278                AudioConfig_disableAudioConfiguration
 .text.AudioConfig_listenForAudioConfigurationTone
                0x000000000000427c      0x228 ./objects/audioConfig.o
                0x000000000000427c                AudioConfig_listenForAudioConfigurationTone
 .text.AudioConfig_listenForAudioConfigurationPackets
                0x00000000000044a4      0x734 ./objects/audioConfig.o
                0x00000000000044a4                AudioConfig_listenForAudioConfigurationPackets
 .text.AudioConfig_cancelAudioConfiguration
                0x0000000000004bd8        0xc ./objects/audioConfig.o
                0x0000000000004bd8                AudioConfig_cancelAudioConfiguration
 .text.setupGPIO
                0x0000000000004be4      0x53c ./objects/audioMoth.o
 .text.transferComplete
                0x0000000000005120       0x40 ./objects/audioMoth.o
 .text.dataSentHIDCallback
                0x0000000000005160       0x1c ./objects/audioMoth.o
                0x0000000000005160                dataSentHIDCallback
 .text.dataSentWebUSBCallback
                0x000000000000517c       0x1c ./objects/audioMoth.o
                0x000000000000517c                dataSentWebUSBCallback
 .text.setupCmd
                0x0000000000005198       0xd0 ./objects/audioMoth.o
                0x0000000000005198                setupCmd
 .text.stateChange
                0x0000000000005268       0x44 ./objects/audioMoth.o
                0x0000000000005268                stateChange
 .text.AudioMoth_delay.part.0
                0x00000000000052ac       0xc8 ./objects/audioMoth.o
 .text.AudioMoth_getExtendedBatteryState.part.0
                0x0000000000005374       0xf4 ./objects/audioMoth.o
 .text.AudioMoth_initialise
                0x0000000000005468      0x2f8 ./objects/audioMoth.o
                0x0000000000005468                AudioMoth_initialise
 .text.AudioMoth_isInitialPowerUp
                0x0000000000005760       0x1c ./objects/audioMoth.o
                0x0000000000005760                AudioMoth_isInitialPowerUp
 .text.AudioMoth_hasInvertedOutput
                0x000000000000577c       0x18 ./objects/audioMoth.o
                0x000000000000577c                AudioMoth_hasInvertedOutput
 .text.AudioMoth_getClockFrequency
                0x0000000000005794        0x8 ./objects/audioMoth.o
                0x0000000000005794                AudioMoth_getClockFrequency
 .text.AudioMoth_setClockDivider
                0x000000000000579c       0x1c ./objects/audioMoth.o
                0x000000000000579c                AudioMoth_setClockDivider
 .text.RTC_IRQHandler
                0x00000000000057b8       0x1c ./objects/audioMoth.o
                0x00000000000057b8                RTC_IRQHandler
 .text.GPIO_EVEN_IRQHandler
                0x00000000000057d4       0x34 ./objects/audioMoth.o
                0x00000000000057d4                GPIO_EVEN_IRQHandler
 .text.ADC0_IRQHandler
                0x0000000000005808       0x28 ./objects/audioMoth.o
                0x0000000000005808                ADC0_IRQHandler
 .text.TIMER1_IRQHandler
                0x0000000000005830       0x1c ./objects/audioMoth.o
                0x0000000000005830                TIMER1_IRQHandler
 .text.AudioMoth_startMicrophoneSamples
                0x000000000000584c       0x68 ./objects/audioMoth.o
                0x000000000000584c                AudioMoth_startMicrophoneSamples
 .text.AudioMoth_initialiseMicrophoneInterrupts
                0x00000000000058b4       0x20 ./objects/audioMoth.o
                0x00000000000058b4                AudioMoth_initialiseMicrophoneInterrupts
 .text.AudioMoth_initialiseDirectMemoryAccess
                0x00000000000058d4       0xac ./objects/audioMoth.o
                0x00000000000058d4                AudioMoth_initialiseDirectMemoryAccess
 .text.AudioMoth_enableMicrophone
                0x0000000000005980      0x2cc ./objects/audioMoth.o
                0x0000000000005980                AudioMoth_enableMicrophone
 .text.AudioMoth_disableMicrophone
                0x0000000000005c4c       0xc4 ./objects/audioMoth.o
                0x0000000000005c4c                AudioMoth_disableMicrophone
 .text.AudioMoth_enableExternalSRAM
                0x0000000000005d10      0x1ec ./objects/audioMoth.o
                0x0000000000005d10                AudioMoth_enableExternalSRAM
 .text.AudioMoth_delay
                0x0000000000005efc        0x8 ./objects/audioMoth.o
                0x0000000000005efc                AudioMoth_delay
 .text.AudioMoth_sleep
                0x0000000000005f04       0x14 ./objects/audioMoth.o
                0x0000000000005f04                AudioMoth_sleep
 .text.AudioMoth_deepSleep
                0x0000000000005f18        0x8 ./objects/audioMoth.o
                0x0000000000005f18                AudioMoth_deepSleep
 .text.AudioMoth_powerDownAndWakeMilliseconds
                0x0000000000005f20       0x50 ./objects/audioMoth.o
                0x0000000000005f20                AudioMoth_powerDownAndWakeMilliseconds
 .text.AudioMoth_handleUSB
                0x0000000000005f70      0x1dc ./objects/audioMoth.o
                0x0000000000005f70                AudioMoth_handleUSB
 .text.AudioMoth_enableSupplyMonitor
                0x000000000000614c       0x44 ./objects/audioMoth.o
                0x000000000000614c                AudioMoth_enableSupplyMonitor
 .text.AudioMoth_disableSupplyMonitor
                0x0000000000006190       0x18 ./objects/audioMoth.o
                0x0000000000006190                AudioMoth_disableSupplyMonitor
 .text.AudioMoth_setSupplyMonitorThreshold
                0x00000000000061a8       0x40 ./objects/audioMoth.o
                0x00000000000061a8                AudioMoth_setSupplyMonitorThreshold
 .text.AudioMoth_isSupplyAboveThreshold
                0x00000000000061e8        0xc ./objects/audioMoth.o
                0x00000000000061e8                AudioMoth_isSupplyAboveThreshold
 .text.AudioMoth_getSupplyVoltage
                0x00000000000061f4       0x94 ./objects/audioMoth.o
                0x00000000000061f4                AudioMoth_getSupplyVoltage
 .text.dataReceivedWebUSBCallback
                0x0000000000006288      0x204 ./objects/audioMoth.o
                0x0000000000006288                dataReceivedWebUSBCallback
 .text.dataReceivedHIDCallback
                0x000000000000648c      0x204 ./objects/audioMoth.o
                0x000000000000648c                dataReceivedHIDCallback
 .text.AudioMoth_getExtendedBatteryState
                0x0000000000006690       0x18 ./objects/audioMoth.o
                0x0000000000006690                AudioMoth_getExtendedBatteryState
 .text.AudioMoth_getBatteryState
                0x00000000000066a8       0x30 ./objects/audioMoth.o
                0x00000000000066a8                AudioMoth_getBatteryState
 .text.AudioMoth_enableTemperature
                0x00000000000066d8       0x6c ./objects/audioMoth.o
                0x00000000000066d8                AudioMoth_enableTemperature
 .text.AudioMoth_disableTemperature
                0x0000000000006744       0x1c ./objects/audioMoth.o
                0x0000000000006744                AudioMoth_disableTemperature
 .text.AudioMoth_getTemperature
                0x0000000000006760       0x60 ./objects/audioMoth.o
                0x0000000000006760                AudioMoth_getTemperature
 .text.AudioMoth_getSwitchPosition
                0x00000000000067c0       0x40 ./objects/audioMoth.o
                0x00000000000067c0                AudioMoth_getSwitchPosition
 .text.AudioMoth_hasTimeBeenSet
                0x0000000000006800       0x1c ./objects/audioMoth.o
                0x0000000000006800                AudioMoth_hasTimeBeenSet
 .text.AudioMoth_setTime
                0x000000000000681c       0x6c ./objects/audioMoth.o
                0x000000000000681c                AudioMoth_setTime
 .text.AudioMoth_getTime
                0x0000000000006888       0x98 ./objects/audioMoth.o
                0x0000000000006888                AudioMoth_getTime
 .text.AudioMoth_startRealTimeClock
                0x0000000000006920       0x8c ./objects/audioMoth.o
                0x0000000000006920                AudioMoth_startRealTimeClock
 .text.AudioMoth_checkAndHandleTimeOverflow
                0x00000000000069ac       0x1c ./objects/audioMoth.o
                0x00000000000069ac                AudioMoth_checkAndHandleTimeOverflow
 .text.get_fattime
                0x00000000000069c8       0xb8 ./objects/audioMoth.o
                0x00000000000069c8                get_fattime
 .text.AudioMoth_setRedLED
                0x0000000000006a80        0xc ./objects/audioMoth.o
                0x0000000000006a80                AudioMoth_setRedLED
 .text.AudioMoth_setBothLED
                0x0000000000006a8c       0x24 ./objects/audioMoth.o
                0x0000000000006a8c                AudioMoth_setBothLED
 .text.AudioMoth_setGreenLED
                0x0000000000006ab0        0xc ./objects/audioMoth.o
                0x0000000000006ab0                AudioMoth_setGreenLED
 .text.AudioMoth_enableFileSystem
                0x0000000000006abc       0x60 ./objects/audioMoth.o
                0x0000000000006abc                AudioMoth_enableFileSystem
 .text.AudioMoth_openFile
                0x0000000000006b1c       0x18 ./objects/audioMoth.o
                0x0000000000006b1c                AudioMoth_openFile
 .text.AudioMoth_appendFile
                0x0000000000006b34       0x34 ./objects/audioMoth.o
                0x0000000000006b34                AudioMoth_appendFile
 .text.AudioMoth_seekInFile
                0x0000000000006b68       0x18 ./objects/audioMoth.o
                0x0000000000006b68                AudioMoth_seekInFile
 .text.AudioMoth_writeToFile
                0x0000000000006b80       0x2c ./objects/audioMoth.o
                0x0000000000006b80                AudioMoth_writeToFile
 .text.AudioMoth_renameFile
                0x0000000000006bac       0x10 ./objects/audioMoth.o
                0x0000000000006bac                AudioMoth_renameFile
 .text.AudioMoth_closeFile
                0x0000000000006bbc       0x14 ./objects/audioMoth.o
                0x0000000000006bbc                AudioMoth_closeFile
 .text.AudioMoth_doesDirectoryExist
                0x0000000000006bd0       0x10 ./objects/audioMoth.o
                0x0000000000006bd0                AudioMoth_doesDirectoryExist
 .text.AudioMoth_makeDirectory
                0x0000000000006be0       0x10 ./objects/audioMoth.o
                0x0000000000006be0                AudioMoth_makeDirectory
 .text.Biquad_designLowPassFilter
                0x0000000000006bf0       0xe8 ./objects/biquad.o
                0x0000000000006bf0                Biquad_designLowPassFilter
 .text.Biquad_initialise
                0x0000000000006cd8       0x10 ./objects/biquad.o
                0x0000000000006cd8                Biquad_initialise
 .text.Biquad_applyFilter
                0x0000000000006ce8       0x68 ./objects/biquad.o
                0x0000000000006ce8                Biquad_applyFilter
 .text.expand.constprop.0
                0x0000000000006d50      0x1c4 ./objects/butterworth.o
 .text.expand.constprop.1
                0x0000000000006f14       0xac ./objects/butterworth.o
 .text.Butterworth_designLowPassFilter
                0x0000000000006fc0      0x190 ./objects/butterworth.o
                0x0000000000006fc0                Butterworth_designLowPassFilter
 .text.Butterworth_designBandPassFilter
                0x0000000000007150      0x430 ./objects/butterworth.o
                0x0000000000007150                Butterworth_designBandPassFilter
 .text.Butterworth_initialise
                0x0000000000007580       0x10 ./objects/butterworth.o
                0x0000000000007580                Butterworth_initialise
 .text.Butterworth_applyLowPassFilter
                0x0000000000007590       0x34 ./objects/butterworth.o
                0x0000000000007590                Butterworth_applyLowPassFilter
 .text.Butterworth_applyBandPassFilter
                0x00000000000075c4       0x4c ./objects/butterworth.o
                0x00000000000075c4                Butterworth_applyBandPassFilter
 .text.expand.constprop.0
                0x0000000000007610      0x1c4 ./objects/digitalFilter.o
 .text.expand.constprop.1
                0x00000000000077d4       0xac ./objects/digitalFilter.o
 .text.designFilter
                0x0000000000007880      0x590 ./objects/digitalFilter.o
 .text.DigitalFilter_setAdditionalGain
                0x0000000000007e10       0x14 ./objects/digitalFilter.o
                0x0000000000007e10                DigitalFilter_setAdditionalGain
 .text.DigitalFilter_applyFilter
                0x0000000000007e24      0x6fc ./objects/digitalFilter.o
                0x0000000000007e24                DigitalFilter_applyFilter
 .text.DigitalFilter_applyFrequencyTrigger
                0x0000000000008520      0x2a8 ./objects/digitalFilter.o
                0x0000000000008520                DigitalFilter_applyFrequencyTrigger
 .text.DigitalFilter_designHighPassFilter
                0x00000000000087c8       0x10 ./objects/digitalFilter.o
                0x00000000000087c8                DigitalFilter_designHighPassFilter
 .text.DigitalFilter_designBandPassFilter
                0x00000000000087d8       0x54 ./objects/digitalFilter.o
                0x00000000000087d8                DigitalFilter_designBandPassFilter
 .text.DigitalFilter_setAmplitudeThreshold
                0x000000000000882c        0xc ./objects/digitalFilter.o
                0x000000000000882c                DigitalFilter_setAmplitudeThreshold
 .text.DigitalFilter_setFrequencyTrigger
                0x0000000000008838       0xec ./objects/digitalFilter.o
                0x0000000000008838                DigitalFilter_setFrequencyTrigger
 .text.disk_initialize
                0x0000000000008924      0x140 ./objects/diskio.o
                0x0000000000008924                disk_initialize
 .text.disk_status
                0x0000000000008a64       0x10 ./objects/diskio.o
                0x0000000000008a64                disk_status
 .text.disk_read
                0x0000000000008a74       0x8c ./objects/diskio.o
                0x0000000000008a74                disk_read
 .text.disk_write
                0x0000000000008b00       0xbc ./objects/diskio.o
                0x0000000000008b00                disk_write
 .text.disk_ioctl
                0x0000000000008bbc      0x218 ./objects/diskio.o
                0x0000000000008bbc                disk_ioctl
 .text.ACMP_Disable
                0x0000000000008dd4        0xc ./objects/em_acmp.o
                0x0000000000008dd4                ACMP_Disable
 .text.ACMP_Enable
                0x0000000000008de0        0xc ./objects/em_acmp.o
                0x0000000000008de0                ACMP_Enable
 .text.ACMP_ChannelSet
                0x0000000000008dec       0x10 ./objects/em_acmp.o
                0x0000000000008dec                ACMP_ChannelSet
 .text.ACMP_Init
                0x0000000000008dfc       0x5c ./objects/em_acmp.o
                0x0000000000008dfc                ACMP_Init
 .text.ADC_Init
                0x0000000000008e58       0x70 ./objects/em_adc.o
                0x0000000000008e58                ADC_Init
 .text.ADC_InitSingle
                0x0000000000008ec8       0xec ./objects/em_adc.o
                0x0000000000008ec8                ADC_InitSingle
 .text.ADC_PrescaleCalc
                0x0000000000008fb4       0x3c ./objects/em_adc.o
                0x0000000000008fb4                ADC_PrescaleCalc
 .text.ADC_Reset
                0x0000000000008ff0       0x80 ./objects/em_adc.o
                0x0000000000008ff0                ADC_Reset
 .text.ADC_TimebaseCalc
                0x0000000000009070       0x3c ./objects/em_adc.o
                0x0000000000009070                ADC_TimebaseCalc
 .text.BURTC_Init
                0x00000000000090ac       0x80 ./objects/em_burtc.o
                0x00000000000090ac                BURTC_Init
 .text.BURTC_CompareSet
                0x000000000000912c       0x20 ./objects/em_burtc.o
                0x000000000000912c                BURTC_CompareSet
 .text.lfClkGet
                0x000000000000914c      0x154 ./objects/em_cmu.o
 .text.CMU_ClockDivSet
                0x00000000000092a0      0x334 ./objects/em_cmu.o
                0x00000000000092a0                CMU_ClockDivSet
 .text.CMU_ClockEnable
                0x00000000000095d4       0xc4 ./objects/em_cmu.o
                0x00000000000095d4                CMU_ClockEnable
 .text.CMU_ClockFreqGet
                0x0000000000009698      0x1ec ./objects/em_cmu.o
                0x0000000000009698                CMU_ClockFreqGet
 .text.CMU_ClockSelectGet
                0x0000000000009884       0xc4 ./objects/em_cmu.o
                0x0000000000009884                CMU_ClockSelectGet
 .text.CMU_ClockSelectSet
                0x0000000000009948      0x31c ./objects/em_cmu.o
                0x0000000000009948                CMU_ClockSelectSet
 .text.CMU_OscillatorEnable
                0x0000000000009c64       0x50 ./objects/em_cmu.o
                0x0000000000009c64                CMU_OscillatorEnable
 .text.CORE_AtomicDisableIrq
                0x0000000000009cb4        0x4 ./objects/em_core.o
                0x0000000000009cb4                CORE_AtomicDisableIrq
 .text.CORE_AtomicEnableIrq
                0x0000000000009cb8        0x4 ./objects/em_core.o
                0x0000000000009cb8                CORE_AtomicEnableIrq
 .text.CORE_EnterAtomic
                0x0000000000009cbc        0x8 ./objects/em_core.o
                0x0000000000009cbc                CORE_EnterAtomic
 .text.CORE_ExitAtomic
                0x0000000000009cc4        0x8 ./objects/em_core.o
                0x0000000000009cc4                CORE_ExitAtomic
 .text.DMA_IRQHandler
                0x0000000000009ccc       0x80 ./objects/em_dma.o
                0x0000000000009ccc                DMA_IRQHandler
 .text.DMA_ActivatePingPong
                0x0000000000009d4c       0xfc ./objects/em_dma.o
                0x0000000000009d4c                DMA_ActivatePingPong
 .text.DMA_CfgChannel
                0x0000000000009e48       0x58 ./objects/em_dma.o
                0x0000000000009e48                DMA_CfgChannel
 .text.DMA_CfgDescr
                0x0000000000009ea0       0x40 ./objects/em_dma.o
                0x0000000000009ea0                DMA_CfgDescr
 .text.DMA_Init
                0x0000000000009ee0       0x90 ./objects/em_dma.o
                0x0000000000009ee0                DMA_Init
 .text.DMA_RefreshPingPong
                0x0000000000009f70       0x80 ./objects/em_dma.o
                0x0000000000009f70                DMA_RefreshPingPong
 .text.DMA_Reset
                0x0000000000009ff0       0x68 ./objects/em_dma.o
                0x0000000000009ff0                DMA_Reset
 .text.EBI_Init
                0x000000000000a058      0x66c ./objects/em_ebi.o
                0x000000000000a058                EBI_Init
 .text.EMU_EnterEM2
                0x000000000000a6c4       0xe4 ./objects/em_emu.o
                0x000000000000a6c4                EMU_EnterEM2
 .text.EMU_EnterEM4
                0x000000000000a7a8       0x30 ./objects/em_emu.o
                0x000000000000a7a8                EMU_EnterEM4
 .text.EMU_EM4Init
                0x000000000000a7d8       0x30 ./objects/em_emu.o
                0x000000000000a7d8                EMU_EM4Init
 .text.GPIO_ExtIntConfig
                0x000000000000a808       0x78 ./objects/em_gpio.o
                0x000000000000a808                GPIO_ExtIntConfig
 .text.GPIO_PinModeSet
                0x000000000000a880       0xa0 ./objects/em_gpio.o
                0x000000000000a880                GPIO_PinModeSet
 .text.MSC_Init
                0x000000000000a920       0x74 ./objects/em_msc.o
                0x000000000000a920                MSC_Init
 .text.OPAMP_Enable
                0x000000000000a994      0x240 ./objects/em_opamp.o
                0x000000000000a994                OPAMP_Enable
 .text.PRS_SourceSignalSet
                0x000000000000abd4       0x20 ./objects/em_prs.o
                0x000000000000abd4                PRS_SourceSignalSet
 .text.RMU_ResetControl
                0x000000000000abf4       0x20 ./objects/em_rmu.o
                0x000000000000abf4                RMU_ResetControl
 .text.RMU_ResetCauseClear
                0x000000000000ac14       0x44 ./objects/em_rmu.o
                0x000000000000ac14                RMU_ResetCauseClear
 .text.RMU_ResetCauseGet
                0x000000000000ac58      0x11c ./objects/em_rmu.o
                0x000000000000ac58                RMU_ResetCauseGet
 .text.RTC_CompareSet
                0x000000000000ad74       0x18 ./objects/em_rtc.o
                0x000000000000ad74                RTC_CompareSet
 .text.RTC_Init
                0x000000000000ad8c       0x1c ./objects/em_rtc.o
                0x000000000000ad8c                RTC_Init
 .text.RTC_Reset
                0x000000000000ada8       0x18 ./objects/em_rtc.o
                0x000000000000ada8                RTC_Reset
 .text.SYSTEM_GetCalibrationValue
                0x000000000000adc0       0x2c ./objects/em_system.o
                0x000000000000adc0                SYSTEM_GetCalibrationValue
 .text.TIMER_Init
                0x000000000000adec       0x70 ./objects/em_timer.o
                0x000000000000adec                TIMER_Init
 .text.TIMER_InitCC
                0x000000000000ae5c       0x54 ./objects/em_timer.o
                0x000000000000ae5c                TIMER_InitCC
 .text.TIMER_Reset
                0x000000000000aeb0       0x4c ./objects/em_timer.o
                0x000000000000aeb0                TIMER_Reset
 .text.USART_BaudrateSyncSet
                0x000000000000aefc       0x24 ./objects/em_usart.o
                0x000000000000aefc                USART_BaudrateSyncSet
 .text.USART_Enable
                0x000000000000af20       0x10 ./objects/em_usart.o
                0x000000000000af20                USART_Enable
 .text.USART_InitAsync
                0x000000000000af30       0xd8 ./objects/em_usart.o
                0x000000000000af30                USART_InitAsync
 .text.USART_InitSync
                0x000000000000b008       0xb8 ./objects/em_usart.o
                0x000000000000b008                USART_InitSync
 .text.USART_Reset
                0x000000000000b0c0       0x54 ./objects/em_usart.o
                0x000000000000b0c0                USART_Reset
 .text.USART_Rx
                0x000000000000b114        0xc ./objects/em_usart.o
                0x000000000000b114                USART_Rx
 .text.USART_SpiTransfer
                0x000000000000b120       0x14 ./objects/em_usart.o
                0x000000000000b120                USART_SpiTransfer
 .text.USBD_AbortAllTransfers
                0x000000000000b134       0x1c ./objects/em_usbd.o
                0x000000000000b134                USBD_AbortAllTransfers
 .text.USBD_AbortTransfer
                0x000000000000b150       0xc0 ./objects/em_usbd.o
                0x000000000000b150                USBD_AbortTransfer
 .text.USBD_Disconnect
                0x000000000000b210       0x1c ./objects/em_usbd.o
                0x000000000000b210                USBD_Disconnect
 .text.USBD_GetUsbState
                0x000000000000b22c       0x10 ./objects/em_usbd.o
                0x000000000000b22c                USBD_GetUsbState
 .text.USBD_Init
                0x000000000000b23c      0x29c ./objects/em_usbd.o
                0x000000000000b23c                USBD_Init
 .text.USBD_Read
                0x000000000000b4d8      0x178 ./objects/em_usbd.o
                0x000000000000b4d8                USBD_Read
 .text.USBD_SafeToEnterEM2
                0x000000000000b650        0xc ./objects/em_usbd.o
                0x000000000000b650                USBD_SafeToEnterEM2
 .text.USBD_SetUsbState
                0x000000000000b65c       0x30 ./objects/em_usbd.o
                0x000000000000b65c                USBD_SetUsbState
 .text.USBD_Stop
                0x000000000000b68c       0x6c ./objects/em_usbd.o
                0x000000000000b68c                USBD_Stop
 .text.USBD_Write
                0x000000000000b6f8      0x17c ./objects/em_usbd.o
                0x000000000000b6f8                USBD_Write
 .text.USBDCH9_SetupCmd
                0x000000000000b874      0xd44 ./objects/em_usbdch9.o
                0x000000000000b874                USBDCH9_SetupCmd
 .text.USBDEP_Ep0Handler
                0x000000000000c5b8      0x308 ./objects/em_usbdep.o
                0x000000000000c5b8                USBDEP_Ep0Handler
 .text.USBDEP_EpHandler
                0x000000000000c8c0       0x6c ./objects/em_usbdep.o
                0x000000000000c8c0                USBDEP_EpHandler
 .text.RestoreEpCtrlRegisters
                0x000000000000c92c      0x160 ./objects/em_usbdint.o
 .text.UsbPowerUp.part.0
                0x000000000000ca8c      0x104 ./objects/em_usbdint.o
 .text.UsbPowerDown.part.0.isra.0
                0x000000000000cb90      0x1d8 ./objects/em_usbdint.o
 .text.USB_IRQHandler
                0x000000000000cd68      0x5c8 ./objects/em_usbdint.o
                0x000000000000cd68                USB_IRQHandler
 .text.USBDHAL_CoreInit
                0x000000000000d330      0x398 ./objects/em_usbhal.o
                0x000000000000d330                USBDHAL_CoreInit
 .text.USBDHAL_Disconnect
                0x000000000000d6c8       0x1c ./objects/em_usbhal.o
                0x000000000000d6c8                USBDHAL_Disconnect
 .text.USBDHAL_AbortEpIn
                0x000000000000d6e4       0xd4 ./objects/em_usbhal.o
                0x000000000000d6e4                USBDHAL_AbortEpIn
 .text.USBDHAL_AbortEpOut
                0x000000000000d7b8      0x110 ./objects/em_usbhal.o
                0x000000000000d7b8                USBDHAL_AbortEpOut
 .text.USBDHAL_AbortAllEps
                0x000000000000d8c8      0x700 ./objects/em_usbhal.o
                0x000000000000d8c8                USBDHAL_AbortAllEps
 .text.USBDHAL_AbortAllTransfers
                0x000000000000dfc8       0xc0 ./objects/em_usbhal.o
                0x000000000000dfc8                USBDHAL_AbortAllTransfers
 .text.USBTIMER_DelayMs
                0x000000000000e088       0x78 ./objects/em_usbtimer.o
                0x000000000000e088                USBTIMER_DelayMs
 .text.USBTIMER_DelayUs
                0x000000000000e100       0xbc ./objects/em_usbtimer.o
                0x000000000000e100                USBTIMER_DelayUs
 .text.USBTIMER_Init
                0x000000000000e1bc       0xc8 ./objects/em_usbtimer.o
                0x000000000000e1bc                USBTIMER_Init
 .text.VCMP_Init
                0x000000000000e284       0xec ./objects/em_vcmp.o
                0x000000000000e284                VCMP_Init
 .text.WDOGn_Enable
                0x000000000000e370       0x34 ./objects/em_wdog.o
                0x000000000000e370                WDOGn_Enable
 .text.WDOGn_Feed
                0x000000000000e3a4       0x18 ./objects/em_wdog.o
                0x000000000000e3a4                WDOGn_Feed
 .text.WDOGn_Init
                0x000000000000e3bc       0x48 ./objects/em_wdog.o
                0x000000000000e3bc                WDOGn_Init
 .text.sync_fs  0x000000000000e404       0xd4 ./objects/ff.o
 .text.init_alloc_info.isra.0
                0x000000000000e4d8       0x1c ./objects/ff.o
 .text.get_fileinfo
                0x000000000000e4f4      0x2dc ./objects/ff.o
 .text.move_window.part.0
                0x000000000000e7d0       0x64 ./objects/ff.o
 .text.put_fat.part.0
                0x000000000000e834      0x148 ./objects/ff.o
 .text.get_fat  0x000000000000e97c      0x140 ./objects/ff.o
 .text.dir_next.constprop.0
                0x000000000000eabc       0x94 ./objects/ff.o
 .text.load_xdir
                0x000000000000eb50      0x1f4 ./objects/ff.o
 .text.dir_clear
                0x000000000000ed44       0x90 ./objects/ff.o
 .text.check_fs
                0x000000000000edd4       0xf0 ./objects/ff.o
 .text.find_volume
                0x000000000000eec4      0x424 ./objects/ff.o
 .text.dir_read.constprop.0
                0x000000000000f2e8      0x460 ./objects/ff.o
 .text.dir_sdi  0x000000000000f748      0x224 ./objects/ff.o
 .text.store_xdir
                0x000000000000f96c      0x1ac ./objects/ff.o
 .text.dir_remove
                0x000000000000fb18      0x148 ./objects/ff.o
 .text.dir_find
                0x000000000000fc60      0x394 ./objects/ff.o
 .text.follow_path
                0x000000000000fff4      0x37c ./objects/ff.o
 .text.create_chain
                0x0000000000010370      0x420 ./objects/ff.o
 .text.dir_alloc
                0x0000000000010790      0x180 ./objects/ff.o
 .text.dir_register
                0x0000000000010910      0x8a4 ./objects/ff.o
 .text.remove_chain
                0x00000000000111b4      0x320 ./objects/ff.o
 .text.f_mount  0x00000000000114d4       0x64 ./objects/ff.o
                0x00000000000114d4                f_mount
 .text.f_open   0x0000000000011538      0x308 ./objects/ff.o
                0x0000000000011538                f_open
 .text.f_write  0x0000000000011840      0x2cc ./objects/ff.o
                0x0000000000011840                f_write
 .text.f_sync   0x0000000000011b0c      0x2b0 ./objects/ff.o
                0x0000000000011b0c                f_sync
 .text.f_close  0x0000000000011dbc       0x34 ./objects/ff.o
                0x0000000000011dbc                f_close
 .text.f_lseek  0x0000000000011df0      0x2c4 ./objects/ff.o
                0x0000000000011df0                f_lseek
 .text.f_stat   0x00000000000120b4       0x44 ./objects/ff.o
                0x00000000000120b4                f_stat
 .text.f_mkdir  0x00000000000120f8      0x1f8 ./objects/ff.o
                0x00000000000120f8                f_mkdir
 .text.f_rename
                0x00000000000122f0      0x284 ./objects/ff.o
                0x00000000000122f0                f_rename
 .text.ff_uni2oem
                0x0000000000012574      0x1e0 ./objects/ffunicode.o
                0x0000000000012574                ff_uni2oem
 .text.ff_oem2uni
                0x0000000000012754      0x1d0 ./objects/ffunicode.o
                0x0000000000012754                ff_oem2uni
 .text.ff_wtoupper
                0x0000000000012924       0xa8 ./objects/ffunicode.o
                0x0000000000012924                ff_wtoupper
 .text.GPIO_ODD_IRQHandler
                0x00000000000129cc       0x18 ./objects/gps.o
                0x00000000000129cc                GPIO_ODD_IRQHandler
 .text.GPSInterface_handleReceivedByte
                0x00000000000129e4       0x5c ./objects/gps.o
                0x00000000000129e4                GPSInterface_handleReceivedByte
 .text.GPSInterface_handlePulsePerSecond
                0x0000000000012a40       0x48 ./objects/gps.o
                0x0000000000012a40                GPSInterface_handlePulsePerSecond
 .text.GPSInterface_handleTick
                0x0000000000012a88       0x14 ./objects/gps.o
                0x0000000000012a88                GPSInterface_handleTick
 .text.GPS_powerUpGPS
                0x0000000000012a9c        0xc ./objects/gps.o
                0x0000000000012a9c                GPS_powerUpGPS
 .text.GPS_powerDownGPS
                0x0000000000012aa8        0xc ./objects/gps.o
                0x0000000000012aa8                GPS_powerDownGPS
 .text.GPS_enableGPSInterface
                0x0000000000012ab4        0x8 ./objects/gps.o
                0x0000000000012ab4                GPS_enableGPSInterface
 .text.GPS_disableGPSInterface
                0x0000000000012abc        0x4 ./objects/gps.o
                0x0000000000012abc                GPS_disableGPSInterface
 .text.GPS_enableMagneticSwitch
                0x0000000000012ac0       0x38 ./objects/gps.o
                0x0000000000012ac0                GPS_enableMagneticSwitch
 .text.GPS_isMagneticSwitchClosed
                0x0000000000012af8       0x14 ./objects/gps.o
                0x0000000000012af8                GPS_isMagneticSwitchClosed
 .text.GPS_setTimeFromGPS
                0x0000000000012b0c      0x320 ./objects/gps.o
                0x0000000000012b0c                GPS_setTimeFromGPS
 .text.GPS_cancelTimeSetting
                0x0000000000012e2c       0x1c ./objects/gps.o
                0x0000000000012e2c                GPS_cancelTimeSetting
 .text.UART1_RX_IRQHandler
                0x0000000000012e48       0x24 ./objects/gpsinterface.o
                0x0000000000012e48                UART1_RX_IRQHandler
 .text.TIMER2_IRQHandler
                0x0000000000012e6c       0x54 ./objects/gpsinterface.o
                0x0000000000012e6c                TIMER2_IRQHandler
 .text.GPSInterface_disable
                0x0000000000012ec0       0x60 ./objects/gpsinterface.o
                0x0000000000012ec0                GPSInterface_disable
 .text.GPSInterface_enable
                0x0000000000012f20      0x13c ./objects/gpsinterface.o
                0x0000000000012f20                GPSInterface_enable
 .text.GPSUtilities_getTime
                0x000000000001305c       0x98 ./objects/gpsutilities.o
                0x000000000001305c                GPSUtilities_getTime
 .text.startWaitingForMagneticSwitch
                0x00000000000130f4       0x3c ./objects/main.o
 .text.scheduleRecording
                0x0000000000013130      0x1fc ./objects/main.o
 .text.writeGPSLogMessage
                0x000000000001332c       0x54 ./objects/main.o
 .text.formatPercentage
                0x0000000000013380       0x4c ./objects/main.o
 .text.setTimeFromGPS
                0x00000000000133cc       0xc0 ./objects/main.o
 .text.generateFolderAndFilename.constprop.0
                0x000000000001348c       0x84 ./objects/main.o
 .text.copyToBackupDomain.constprop.1
                0x0000000000013510       0x98 ./objects/main.o
 .text.writeConfigurationToFile.constprop.0
                0x00000000000135a8      0x984 ./objects/main.o
 .text.enableFileSystem
                0x0000000000013f2c       0x2c ./objects/main.o
                0x0000000000013f2c                enableFileSystem
 .text.startup.main
                0x0000000000013f58     0x1928 ./objects/main.o
                0x0000000000013f58                main
 .text.AudioMoth_timezoneRequested
                0x0000000000015880       0x14 ./objects/main.o
                0x0000000000015880                AudioMoth_timezoneRequested
 .text.GPS_handleSetTime
                0x0000000000015894      0x224 ./objects/main.o
                0x0000000000015894                GPS_handleSetTime
 .text.GPS_handleGetTime
                0x0000000000015ab8        0x4 ./objects/main.o
                0x0000000000015ab8                GPS_handleGetTime
 .text.GPS_handleTickEvent
                0x0000000000015abc       0x8c ./objects/main.o
                0x0000000000015abc                GPS_handleTickEvent
 .text.GPS_handlePPSEvent
                0x0000000000015b48       0x64 ./objects/main.o
                0x0000000000015b48                GPS_handlePPSEvent
 .text.GPS_handleFixEvent
                0x0000000000015bac       0xc8 ./objects/main.o
                0x0000000000015bac                GPS_handleFixEvent
 .text.GPS_handleMessageEvent
                0x0000000000015c74       0x74 ./objects/main.o
                0x0000000000015c74                GPS_handleMessageEvent
 .text.GPS_handleMagneticSwitchInterrupt
                0x0000000000015ce8       0x10 ./objects/main.o
                0x0000000000015ce8                GPS_handleMagneticSwitchInterrupt
 .text.AudioMoth_handleMicrophoneChangeInterrupt
                0x0000000000015cf8        0xc ./objects/main.o
                0x0000000000015cf8                AudioMoth_handleMicrophoneChangeInterrupt
 .text.AudioMoth_handleSwitchInterrupt
                0x0000000000015d04       0x1c ./objects/main.o
                0x0000000000015d04                AudioMoth_handleSwitchInterrupt
 .text.AudioMoth_handleDirectMemoryAccessInterrupt
                0x0000000000015d20       0xa4 ./objects/main.o
                0x0000000000015d20                AudioMoth_handleDirectMemoryAccessInterrupt
 .text.AudioMoth_usbFirmwareVersionRequested
                0x0000000000015dc4        0xc ./objects/main.o
                0x0000000000015dc4                AudioMoth_usbFirmwareVersionRequested
 .text.AudioMoth_usbFirmwareDescriptionRequested
                0x0000000000015dd0        0xc ./objects/main.o
                0x0000000000015dd0                AudioMoth_usbFirmwareDescriptionRequested
 .text.AudioMoth_usbApplicationPacketRequested
                0x0000000000015ddc       0x6c ./objects/main.o
                0x0000000000015ddc                AudioMoth_usbApplicationPacketRequested
 .text.AudioMoth_usbApplicationPacketReceived
                0x0000000000015e48      0x228 ./objects/main.o
                0x0000000000015e48                AudioMoth_usbApplicationPacketReceived
 .text.AudioConfig_handleAudioConfigurationEvent
                0x0000000000016070       0xa0 ./objects/main.o
                0x0000000000016070                AudioConfig_handleAudioConfigurationEvent
 .text.AudioConfig_handleAudioConfigurationPacket
                0x0000000000016110       0xcc ./objects/main.o
                0x0000000000016110                AudioConfig_handleAudioConfigurationPacket
 .text.MICROSD_Init
                0x00000000000161dc       0x9c ./objects/microsd.o
                0x00000000000161dc                MICROSD_Init
 .text.MICROSD_DoubleSpiClkFast
                0x0000000000016278        0xc ./objects/microsd.o
                0x0000000000016278                MICROSD_DoubleSpiClkFast
 .text.MICROSD_XferSpi
                0x0000000000016284       0x1c ./objects/microsd.o
                0x0000000000016284                MICROSD_XferSpi
 .text.MICROSD_Deselect
                0x00000000000162a0       0x24 ./objects/microsd.o
                0x00000000000162a0                MICROSD_Deselect
 .text.MICROSD_Select
                0x00000000000162c4       0x60 ./objects/microsd.o
                0x00000000000162c4                MICROSD_Select
 .text.MICROSD_PowerOn
                0x0000000000016324        0xc ./objects/microsd.o
                0x0000000000016324                MICROSD_PowerOn
 .text.MICROSD_PowerOff
                0x0000000000016330       0x80 ./objects/microsd.o
                0x0000000000016330                MICROSD_PowerOff
 .text.MICROSD_BlockRx
                0x00000000000163b0       0xc0 ./objects/microsd.o
                0x00000000000163b0                MICROSD_BlockRx
 .text.MICROSD_BlockTx
                0x0000000000016470       0xf0 ./objects/microsd.o
                0x0000000000016470                MICROSD_BlockTx
 .text.MICROSD_SendCmd
                0x0000000000016560      0x150 ./objects/microsd.o
                0x0000000000016560                MICROSD_SendCmd
 .text.MICROSD_SpiClkSlow
                0x00000000000166b0       0x20 ./objects/microsd.o
                0x00000000000166b0                MICROSD_SpiClkSlow
 .text.MICROSD_SpiClkFast
                0x00000000000166d0       0x40 ./objects/microsd.o
                0x00000000000166d0                MICROSD_SpiClkFast
 .text.MICROSD_TimeOutSet
                0x0000000000016710       0x18 ./objects/microsd.o
                0x0000000000016710                MICROSD_TimeOutSet
 .text.MICROSD_TimeOutElapsed
                0x0000000000016728       0x10 ./objects/microsd.o
                0x0000000000016728                MICROSD_TimeOutElapsed
 .text.RMC45    0x0000000000016738       0x5c ./objects/nmeaparser.o
                0x0000000000016738                RMC45
 .text.DEFAULT01
                0x0000000000016794       0x78 ./objects/nmeaparser.o
                0x0000000000016794                DEFAULT01
 .text.RMC46    0x000000000001680c       0x5c ./objects/nmeaparser.o
                0x000000000001680c                RMC46
 .text.RMC53    0x0000000000016868       0x58 ./objects/nmeaparser.o
                0x0000000000016868                RMC53
 .text.RMC00    0x00000000000168c0       0x28 ./objects/nmeaparser.o
                0x00000000000168c0                RMC00
 .text.DEFAULT00
                0x00000000000168e8       0x28 ./objects/nmeaparser.o
                0x00000000000168e8                DEFAULT00
 .text.RMC01    0x0000000000016910       0x40 ./objects/nmeaparser.o
                0x0000000000016910                RMC01
 .text.RMC42    0x0000000000016950       0x40 ./objects/nmeaparser.o
                0x0000000000016950                RMC42
 .text.RMC04    0x0000000000016990       0x40 ./objects/nmeaparser.o
                0x0000000000016990                RMC04
 .text.RMC44    0x00000000000169d0       0x40 ./objects/nmeaparser.o
                0x00000000000169d0                RMC44
 .text.RMC24    0x0000000000016a10       0x40 ./objects/nmeaparser.o
                0x0000000000016a10                RMC24
 .text.RMC29    0x0000000000016a50       0x40 ./objects/nmeaparser.o
                0x0000000000016a50                RMC29
 .text.RMC31    0x0000000000016a90       0x40 ./objects/nmeaparser.o
                0x0000000000016a90                RMC31
 .text.RMC19    0x0000000000016ad0       0x40 ./objects/nmeaparser.o
                0x0000000000016ad0                RMC19
 .text.RMC37    0x0000000000016b10       0x40 ./objects/nmeaparser.o
                0x0000000000016b10                RMC37
 .text.RMC17    0x0000000000016b50       0x40 ./objects/nmeaparser.o
                0x0000000000016b50                RMC17
 .text.RMC13    0x0000000000016b90       0x40 ./objects/nmeaparser.o
                0x0000000000016b90                RMC13
 .text.RMC06    0x0000000000016bd0       0x40 ./objects/nmeaparser.o
                0x0000000000016bd0                RMC06
 .text.RMC05    0x0000000000016c10       0x40 ./objects/nmeaparser.o
                0x0000000000016c10                RMC05
 .text.RMC03    0x0000000000016c50       0x40 ./objects/nmeaparser.o
                0x0000000000016c50                RMC03
 .text.RMC18    0x0000000000016c90       0x44 ./objects/nmeaparser.o
                0x0000000000016c90                RMC18
 .text.RMC02    0x0000000000016cd4       0x50 ./objects/nmeaparser.o
                0x0000000000016cd4                RMC02
 .text.RMC07    0x0000000000016d24       0x4c ./objects/nmeaparser.o
                0x0000000000016d24                RMC07
 .text.RMC49    0x0000000000016d70       0x4c ./objects/nmeaparser.o
                0x0000000000016d70                RMC49
 .text.RMC22    0x0000000000016dbc       0x4c ./objects/nmeaparser.o
                0x0000000000016dbc                RMC22
 .text.RMC09    0x0000000000016e08       0x4c ./objects/nmeaparser.o
                0x0000000000016e08                RMC09
 .text.RMC11    0x0000000000016e54       0x4c ./objects/nmeaparser.o
                0x0000000000016e54                RMC11
 .text.RMC47    0x0000000000016ea0       0x4c ./objects/nmeaparser.o
                0x0000000000016ea0                RMC47
 .text.RMC35    0x0000000000016eec       0x4c ./objects/nmeaparser.o
                0x0000000000016eec                RMC35
 .text.RMC14    0x0000000000016f38       0x54 ./objects/nmeaparser.o
                0x0000000000016f38                RMC14
 .text.RMC38    0x0000000000016f8c       0x54 ./objects/nmeaparser.o
                0x0000000000016f8c                RMC38
 .text.RMC25    0x0000000000016fe0       0x50 ./objects/nmeaparser.o
                0x0000000000016fe0                RMC25
 .text.RMC12    0x0000000000017030       0x4c ./objects/nmeaparser.o
                0x0000000000017030                RMC12
 .text.RMC16    0x000000000001707c       0x50 ./objects/nmeaparser.o
                0x000000000001707c                RMC16
 .text.RMC41    0x00000000000170cc       0x50 ./objects/nmeaparser.o
                0x00000000000170cc                RMC41
 .text.RMC23    0x000000000001711c       0x4c ./objects/nmeaparser.o
                0x000000000001711c                RMC23
 .text.RMC08    0x0000000000017168       0x4c ./objects/nmeaparser.o
                0x0000000000017168                RMC08
 .text.RMC10    0x00000000000171b4       0x4c ./objects/nmeaparser.o
                0x00000000000171b4                RMC10
 .text.RMC21    0x0000000000017200       0x4c ./objects/nmeaparser.o
                0x0000000000017200                RMC21
 .text.RMC36    0x000000000001724c       0x4c ./objects/nmeaparser.o
                0x000000000001724c                RMC36
 .text.RMC54    0x0000000000017298       0x54 ./objects/nmeaparser.o
                0x0000000000017298                RMC54
 .text.RMC34    0x00000000000172ec       0x4c ./objects/nmeaparser.o
                0x00000000000172ec                RMC34
 .text.RMC33    0x0000000000017338       0x50 ./objects/nmeaparser.o
                0x0000000000017338                RMC33
 .text.RMC52    0x0000000000017388       0x50 ./objects/nmeaparser.o
                0x0000000000017388                RMC52
 .text.RMC48    0x00000000000173d8       0x4c ./objects/nmeaparser.o
                0x00000000000173d8                RMC48
 .text.RMC50    0x0000000000017424       0x4c ./objects/nmeaparser.o
                0x0000000000017424                RMC50
 .text.RMC51    0x0000000000017470       0x54 ./objects/nmeaparser.o
                0x0000000000017470                RMC51
 .text.DEFAULT02
                0x00000000000174c4       0x54 ./objects/nmeaparser.o
                0x00000000000174c4                DEFAULT02
 .text.RMC28    0x0000000000017518       0x4c ./objects/nmeaparser.o
                0x0000000000017518                RMC28
 .text.RMC55    0x0000000000017564       0x6c ./objects/nmeaparser.o
                0x0000000000017564                RMC55
 .text.DEFAULT03
                0x00000000000175d0       0x6c ./objects/nmeaparser.o
                0x00000000000175d0                DEFAULT03
 .text.RMC26    0x000000000001763c       0x54 ./objects/nmeaparser.o
                0x000000000001763c                RMC26
 .text.RMC27    0x0000000000017690       0x50 ./objects/nmeaparser.o
                0x0000000000017690                RMC27
 .text.RMC15    0x00000000000176e0       0x54 ./objects/nmeaparser.o
                0x00000000000176e0                RMC15
 .text.RMC39    0x0000000000017734       0x58 ./objects/nmeaparser.o
                0x0000000000017734                RMC39
 .text.RMC40    0x000000000001778c       0x54 ./objects/nmeaparser.o
                0x000000000001778c                RMC40
 .text.RMC43    0x00000000000177e0       0x5c ./objects/nmeaparser.o
                0x00000000000177e0                RMC43
 .text.RMC32    0x000000000001783c       0x68 ./objects/nmeaparser.o
                0x000000000001783c                RMC32
 .text.RMC20    0x00000000000178a4       0x64 ./objects/nmeaparser.o
                0x00000000000178a4                RMC20
 .text.RMC30    0x0000000000017908       0x5c ./objects/nmeaparser.o
                0x0000000000017908                RMC30
 .text.NMEAParser_parseRMC
                0x0000000000017964       0x20 ./objects/nmeaparser.o
                0x0000000000017964                NMEAParser_parseRMC
 .text.NMEAParser_parseDEFAULT
                0x0000000000017984       0x20 ./objects/nmeaparser.o
                0x0000000000017984                NMEAParser_parseDEFAULT
 .text          0x00000000000179a4       0x30 ./objects/startup_efm32wg.o
                0x00000000000179a4                Reset_Handler
                0x00000000000179d0                DebugMon_Handler
                0x00000000000179d0                USART0_TX_IRQHandler
                0x00000000000179d0                I2C0_IRQHandler
                0x00000000000179d0                HardFault_Handler
                0x00000000000179d0                LEUART1_IRQHandler
                0x00000000000179d0                SysTick_Handler
                0x00000000000179d0                USART1_RX_IRQHandler
                0x00000000000179d0                PendSV_Handler
                0x00000000000179d0                NMI_Handler
                0x00000000000179d0                I2C1_IRQHandler
                0x00000000000179d0                TIMER3_IRQHandler
                0x00000000000179d0                USART1_TX_IRQHandler
                0x00000000000179d0                MSC_IRQHandler
                0x00000000000179d0                UsageFault_Handler
                0x00000000000179d0                LEUART0_IRQHandler
                0x00000000000179d0                FPUEH_IRQHandler
                0x00000000000179d0                UART0_TX_IRQHandler
                0x00000000000179d0                UART1_TX_IRQHandler
                0x00000000000179d0                TIMER0_IRQHandler
                0x00000000000179d0                LCD_IRQHandler
                0x00000000000179d0                PCNT2_IRQHandler
                0x00000000000179d0                UART0_RX_IRQHandler
                0x00000000000179d0                LETIMER0_IRQHandler
                0x00000000000179d0                USART2_RX_IRQHandler
                0x00000000000179d0                Default_Handler
                0x00000000000179d0                EMU_IRQHandler
                0x00000000000179d0                PCNT0_IRQHandler
                0x00000000000179d0                BURTC_IRQHandler
                0x00000000000179d0                PCNT1_IRQHandler
                0x00000000000179d0                ACMP0_IRQHandler
                0x00000000000179d0                USART0_RX_IRQHandler
                0x00000000000179d0                MemManage_Handler
                0x00000000000179d0                SVC_Handler
                0x00000000000179d0                DAC0_IRQHandler
                0x00000000000179d0                CMU_IRQHandler
                0x00000000000179d0                EBI_IRQHandler
                0x00000000000179d0                LESENSE_IRQHandler
                0x00000000000179d0                AES_IRQHandler
                0x00000000000179d0                VCMP_IRQHandler
                0x00000000000179d0                BusFault_Handler
                0x00000000000179d0                USART2_TX_IRQHandler
 .text.SystemCoreClockGet
                0x00000000000179d4       0xe0 ./objects/system_efm32wg.o
                0x00000000000179d4                SystemCoreClockGet
 .text.SystemMaxCoreClockGet
                0x0000000000017ab4        0x8 ./objects/system_efm32wg.o
                0x0000000000017ab4                SystemMaxCoreClockGet
 .text.SystemHFClockGet
                0x0000000000017abc       0xd0 ./objects/system_efm32wg.o
                0x0000000000017abc                SystemHFClockGet
 .text.SystemHFXOClockGet
                0x0000000000017b8c        0xc ./objects/system_efm32wg.o
                0x0000000000017b8c                SystemHFXOClockGet
 .text.SystemInit
                0x0000000000017b98       0x14 ./objects/system_efm32wg.o
                0x0000000000017b98                SystemInit
 .text.SystemLFRCOClockGet
                0x0000000000017bac        0x8 ./objects/system_efm32wg.o
                0x0000000000017bac                SystemLFRCOClockGet
 .text.SystemULFRCOClockGet
                0x0000000000017bb4        0x8 ./objects/system_efm32wg.o
                0x0000000000017bb4                SystemULFRCOClockGet
 .text.SystemLFXOClockGet
                0x0000000000017bbc        0xc ./objects/system_efm32wg.o
                0x0000000000017bbc                SystemLFXOClockGet
 .text          0x0000000000017bc8      0x37c /usr/lib/gcc/arm-none-eabi/10.3.1/../../../arm-none-eabi/lib/thumb/v7e-m+fp/hard/libm.a(lib_a-csqrt.o)
                0x0000000000017bc8                csqrt
 *fill*         0x0000000000017f44        0x4 
 .text          0x0000000000017f48       0x90 /usr/lib/gcc/arm-none-eabi/10.3.1/../../../arm-none-eabi/lib/thumb/v7e-m+fp/hard/libm.a(lib_a-s_cos.o)
                0x0000000000017f48                cos
 .text          0x0000000000017fd8       0x14 /usr/lib/gcc/arm-none-eabi/10.3.1/../../../arm-none-eabi/lib/thumb/v7e-m+fp/hard/libm.a(lib_a-s_fabs.o)
                0x0000000000017fd8                fabs
 .text          0x0000000000017fec       0x70 /usr/lib/gcc/arm-none-eabi/10.3.1/../../../arm-none-eabi/lib/thumb/v7e-m+fp/hard/libm.a(lib_a-sf_cos.o)
                0x0000000000017fec                cosf
 .text          0x000000000001805c       0x74 /usr/lib/gcc/arm-none-eabi/10.3.1/../../../arm-none-eabi/lib/thumb/v7e-m+fp/hard/libm.a(lib_a-sf_sin.o)
                0x000000000001805c                sinf
 .text          0x00000000000180d0       0x54 /usr/lib/gcc/arm-none-eabi/10.3.1/../../../arm-none-eabi/lib/thumb/v7e-m+fp/hard/libm.a(lib_a-sf_tan.o)
                0x00000000000180d0                tanf
 .text          0x0000000000018124       0x74 /usr/lib/gcc/arm-none-eabi/10.3.1/../../../arm-none-eabi/lib/thumb/v7e-m+fp/hard/libm.a(lib_a-w_sqrt.o)
                0x0000000000018124                sqrt
 .text          0x0000000000018198       0x60 /usr/lib/gcc/arm-none-eabi/10.3.1/../../../arm-none-eabi/lib/thumb/v7e-m+fp/hard/libm.a(lib_a-wf_hypot.o)
                0x0000000000018198                hypotf
 .text          0x00000000000181f8      0x140 /usr/lib/gcc/arm-none-eabi/10.3.1/../../../arm-none-eabi/lib/thumb/v7e-m+fp/hard/libm.a(lib_a-wf_pow.o)
                0x00000000000181f8                powf
 .text          0x0000000000018338       0x6c /usr/lib/gcc/arm-none-eabi/10.3.1/../../../arm-none-eabi/lib/thumb/v7e-m+fp/hard/libm.a(lib_a-wf_sinh.o)
                0x0000000000018338                sinhf
 .text          0x00000000000183a4       0x50 /usr/lib/gcc/arm-none-eabi/10.3.1/../../../arm-none-eabi/lib/thumb/v7e-m+fp/hard/libm.a(lib_a-wf_sqrt.o)
                0x00000000000183a4                sqrtf
 .text          0x00000000000183f4       0x54 /usr/lib/gcc/arm-none-eabi/10.3.1/../../../arm-none-eabi/lib/thumb/v7e-m+fp/hard/libm.a(lib_a-cabs.o)
                0x00000000000183f4                cabs
 .text          0x0000000000018448        0xc /usr/lib/gcc/arm-none-eabi/10.3.1/../../../arm-none-eabi/lib/thumb/v7e-m+fp/hard/libm.a(lib_a-cimag.o)
                0x0000000000018448                cimag
 .text          0x0000000000018454        0x4 /usr/lib/gcc/arm-none-eabi/10.3.1/../../../arm-none-eabi/lib/thumb/v7e-m+fp/hard/libm.a(lib_a-creal.o)
                0x0000000000018454                creal
 .text          0x0000000000018458      0x44c /usr/lib/gcc/arm-none-eabi/10.3.1/../../../arm-none-eabi/lib/thumb/v7e-m+fp/hard/libm.a(lib_a-e_rem_pio2.o)
                0x0000000000018458                __ieee754_rem_pio2
 .text          0x00000000000188a4      0x198 /usr/lib/gcc/arm-none-eabi/10.3.1/../../../arm-none-eabi/lib/thumb/v7e-m+fp/hard/libm.a(lib_a-e_sqrt.o)
                0x00000000000188a4                __ieee754_sqrt
 .text          0x0000000000018a3c      0x134 /usr/lib/gcc/arm-none-eabi/10.3.1/../../../arm-none-eabi/lib/thumb/v7e-m+fp/hard/libm.a(lib_a-ef_hypot.o)
                0x0000000000018a3c                __ieee754_hypotf
 .text          0x0000000000018b70      0x5f4 /usr/lib/gcc/arm-none-eabi/10.3.1/../../../arm-none-eabi/lib/thumb/v7e-m+fp/hard/libm.a(lib_a-ef_pow.o)
                0x0000000000018b70                __ieee754_powf
 .text          0x0000000000019164      0x264 /usr/lib/gcc/arm-none-eabi/10.3.1/../../../arm-none-eabi/lib/thumb/v7e-m+fp/hard/libm.a(lib_a-ef_rem_pio2.o)
                0x0000000000019164                __ieee754_rem_pio2f
 .text          0x00000000000193c8       0xf8 /usr/lib/gcc/arm-none-eabi/10.3.1/../../../arm-none-eabi/lib/thumb/v7e-m+fp/hard/libm.a(lib_a-ef_sinh.o)
                0x00000000000193c8                __ieee754_sinhf
 .text          0x00000000000194c0        0x8 /usr/lib/gcc/arm-none-eabi/10.3.1/../../../arm-none-eabi/lib/thumb/v7e-m+fp/hard/libm.a(lib_a-ef_sqrt.o)
                0x00000000000194c0                __ieee754_sqrtf
 .text          0x00000000000194c8      0x27c /usr/lib/gcc/arm-none-eabi/10.3.1/../../../arm-none-eabi/lib/thumb/v7e-m+fp/hard/libm.a(lib_a-k_cos.o)
                0x00000000000194c8                __kernel_cos
 *fill*         0x0000000000019744        0x4 
 .text          0x0000000000019748      0x850 /usr/lib/gcc/arm-none-eabi/10.3.1/../../../arm-none-eabi/lib/thumb/v7e-m+fp/hard/libm.a(lib_a-k_rem_pio2.o)
                0x0000000000019748                __kernel_rem_pio2
 .text          0x0000000000019f98      0x17c /usr/lib/gcc/arm-none-eabi/10.3.1/../../../arm-none-eabi/lib/thumb/v7e-m+fp/hard/libm.a(lib_a-k_sin.o)
                0x0000000000019f98                __kernel_sin
 .text          0x000000000001a114      0x104 /usr/lib/gcc/arm-none-eabi/10.3.1/../../../arm-none-eabi/lib/thumb/v7e-m+fp/hard/libm.a(lib_a-kf_cos.o)
                0x000000000001a114                __kernel_cosf
 .text          0x000000000001a218      0x674 /usr/lib/gcc/arm-none-eabi/10.3.1/../../../arm-none-eabi/lib/thumb/v7e-m+fp/hard/libm.a(lib_a-kf_rem_pio2.o)
                0x000000000001a218                __kernel_rem_pio2f
 .text          0x000000000001a88c       0x90 /usr/lib/gcc/arm-none-eabi/10.3.1/../../../arm-none-eabi/lib/thumb/v7e-m+fp/hard/libm.a(lib_a-kf_sin.o)
                0x000000000001a88c                __kernel_sinf
 .text          0x000000000001a91c      0x1c0 /usr/lib/gcc/arm-none-eabi/10.3.1/../../../arm-none-eabi/lib/thumb/v7e-m+fp/hard/libm.a(lib_a-kf_tan.o)
                0x000000000001a91c                __kernel_tanf
 *fill*         0x000000000001aadc        0x4 
 .text          0x000000000001aae0      0x108 /usr/lib/gcc/arm-none-eabi/10.3.1/../../../arm-none-eabi/lib/thumb/v7e-m+fp/hard/libm.a(lib_a-s_floor.o)
                0x000000000001aae0                floor
 .text          0x000000000001abe8      0x124 /usr/lib/gcc/arm-none-eabi/10.3.1/../../../arm-none-eabi/lib/thumb/v7e-m+fp/hard/libm.a(lib_a-s_scalbn.o)
                0x000000000001abe8                scalbn
 .text          0x000000000001ad0c      0x274 /usr/lib/gcc/arm-none-eabi/10.3.1/../../../arm-none-eabi/lib/thumb/v7e-m+fp/hard/libm.a(lib_a-sf_expm1.o)
                0x000000000001ad0c                expm1f
 .text          0x000000000001af80       0x10 /usr/lib/gcc/arm-none-eabi/10.3.1/../../../arm-none-eabi/lib/thumb/v7e-m+fp/hard/libm.a(lib_a-sf_fabs.o)
                0x000000000001af80                fabsf
 .text          0x000000000001af90       0x1c /usr/lib/gcc/arm-none-eabi/10.3.1/../../../arm-none-eabi/lib/thumb/v7e-m+fp/hard/libm.a(lib_a-sf_finite.o)
                0x000000000001af90                finitef
 .text          0x000000000001afac       0x8c /usr/lib/gcc/arm-none-eabi/10.3.1/../../../arm-none-eabi/lib/thumb/v7e-m+fp/hard/libm.a(lib_a-sf_floor.o)
                0x000000000001afac                floorf
 .text          0x000000000001b038        0xc /usr/lib/gcc/arm-none-eabi/10.3.1/../../../arm-none-eabi/lib/thumb/v7e-m+fp/hard/libm.a(lib_a-sf_nan.o)
                0x000000000001b038                nanf
 .text          0x000000000001b044       0xbc /usr/lib/gcc/arm-none-eabi/10.3.1/../../../arm-none-eabi/lib/thumb/v7e-m+fp/hard/libm.a(lib_a-sf_rint.o)
                0x000000000001b044                rintf
 .text          0x000000000001b100       0xe4 /usr/lib/gcc/arm-none-eabi/10.3.1/../../../arm-none-eabi/lib/thumb/v7e-m+fp/hard/libm.a(lib_a-sf_scalbn.o)
                0x000000000001b100                scalbnf
 *fill*         0x000000000001b1e4        0x4 
 .text          0x000000000001b1e8       0x7c /usr/lib/gcc/arm-none-eabi/10.3.1/../../../arm-none-eabi/lib/thumb/v7e-m+fp/hard/libm.a(lib_a-w_hypot.o)
                0x000000000001b1e8                hypot
 .text          0x000000000001b264      0x25c /usr/lib/gcc/arm-none-eabi/10.3.1/../../../arm-none-eabi/lib/thumb/v7e-m+fp/hard/libm.a(lib_a-e_hypot.o)
                0x000000000001b264                __ieee754_hypot
 .text          0x000000000001b4c0      0x1dc /usr/lib/gcc/arm-none-eabi/10.3.1/../../../arm-none-eabi/lib/thumb/v7e-m+fp/hard/libm.a(lib_a-ef_exp.o)
                0x000000000001b4c0                __ieee754_expf
 .text          0x000000000001b69c       0x78 /usr/lib/gcc/arm-none-eabi/10.3.1/../../../arm-none-eabi/lib/thumb/v7e-m+fp/hard/libm.a(lib_a-math_errf.o)
                0x000000000001b6d4                __math_oflowf
                0x000000000001b6d8                __math_divzerof
                0x000000000001b6f8                __math_invalidf
 .text          0x000000000001b714       0x18 /usr/lib/gcc/arm-none-eabi/10.3.1/../../../arm-none-eabi/lib/thumb/v7e-m+fp/hard/libm.a(lib_a-s_finite.o)
                0x000000000001b714                finite
 .text          0x000000000001b72c      0x378 /usr/lib/gcc/arm-none-eabi/10.3.1/thumb/v7e-m+fp/hard/libgcc.a(_arm_addsubdf3.o)
                0x000000000001b72c                __aeabi_drsub
                0x000000000001b734                __aeabi_dsub
                0x000000000001b734                __subdf3
                0x000000000001b738                __adddf3
                0x000000000001b738                __aeabi_dadd
                0x000000000001b9b0                __aeabi_ui2d
                0x000000000001b9b0                __floatunsidf
                0x000000000001b9d0                __floatsidf
                0x000000000001b9d0                __aeabi_i2d
                0x000000000001b9f4                __extendsfdf2
                0x000000000001b9f4                __aeabi_f2d
                0x000000000001ba38                __aeabi_ul2d
                0x000000000001ba38                __floatundidf
                0x000000000001ba48                __floatdidf
                0x000000000001ba48                __aeabi_l2d
 .text          0x000000000001baa4      0x424 /usr/lib/gcc/arm-none-eabi/10.3.1/thumb/v7e-m+fp/hard/libgcc.a(_arm_muldivdf3.o)
                0x000000000001baa4                __aeabi_dmul
                0x000000000001baa4                __muldf3
                0x000000000001bcf8                __aeabi_ddiv
                0x000000000001bcf8                __divdf3
 .text          0x000000000001bec8      0x110 /usr/lib/gcc/arm-none-eabi/10.3.1/thumb/v7e-m+fp/hard/libgcc.a(_arm_cmpdf2.o)
                0x000000000001bec8                __gtdf2
                0x000000000001bec8                __gedf2
                0x000000000001bed0                __ltdf2
                0x000000000001bed0                __ledf2
                0x000000000001bed8                __cmpdf2
                0x000000000001bed8                __eqdf2
                0x000000000001bed8                __nedf2
                0x000000000001bf54                __aeabi_cdrcmple
                0x000000000001bf64                __aeabi_cdcmple
                0x000000000001bf64                __aeabi_cdcmpeq
                0x000000000001bf74                __aeabi_dcmpeq
                0x000000000001bf88                __aeabi_dcmplt
                0x000000000001bf9c                __aeabi_dcmple
                0x000000000001bfb0                __aeabi_dcmpge
                0x000000000001bfc4                __aeabi_dcmpgt
 .text          0x000000000001bfd8       0x2c /usr/lib/gcc/arm-none-eabi/10.3.1/thumb/v7e-m+fp/hard/libgcc.a(_arm_unorddf2.o)
                0x000000000001bfd8                __aeabi_dcmpun
                0x000000000001bfd8                __unorddf2
 .text          0x000000000001c004       0x50 /usr/lib/gcc/arm-none-eabi/10.3.1/thumb/v7e-m+fp/hard/libgcc.a(_arm_fixdfsi.o)
                0x000000000001c004                __fixdfsi
                0x000000000001c004                __aeabi_d2iz
 .text          0x000000000001c054       0xa0 /usr/lib/gcc/arm-none-eabi/10.3.1/thumb/v7e-m+fp/hard/libgcc.a(_arm_truncdfsf2.o)
                0x000000000001c054                __aeabi_d2f
                0x000000000001c054                __truncdfsf2
 .text          0x000000000001c0f4       0xa0 /usr/lib/gcc/arm-none-eabi/10.3.1/thumb/v7e-m+fp/hard/libgcc.a(_aeabi_ldivmod.o)
                0x000000000001c0f4                __aeabi_ldivmod
 .text          0x000000000001c194       0x30 /usr/lib/gcc/arm-none-eabi/10.3.1/thumb/v7e-m+fp/hard/libgcc.a(_aeabi_uldivmod.o)
                0x000000000001c194                __aeabi_uldivmod
 .text          0x000000000001c1c4      0x2c0 /usr/lib/gcc/arm-none-eabi/10.3.1/thumb/v7e-m+fp/hard/libgcc.a(_mulsc3.o)
                0x000000000001c1c4                __mulsc3
 .text          0x000000000001c484      0x22c /usr/lib/gcc/arm-none-eabi/10.3.1/thumb/v7e-m+fp/hard/libgcc.a(_divsc3.o)
                0x000000000001c484                __divsc3
 .text          0x000000000001c6b0      0x2d0 /usr/lib/gcc/arm-none-eabi/10.3.1/thumb/v7e-m+fp/hard/libgcc.a(_udivmoddi4.o)
                0x000000000001c6b0                __udivmoddi4
 .text          0x000000000001c980        0x4 /usr/lib/gcc/arm-none-eabi/10.3.1/thumb/v7e-m+fp/hard/libgcc.a(_dvmd_tls.o)
                0x000000000001c980                __aeabi_ldiv0
                0x000000000001c980                __aeabi_idiv0
 .text          0x000000000001c984        0xc /usr/lib/gcc/arm-none-eabi/10.3.1/../../../arm-none-eabi/lib/thumb/v7e-m+fp/hard/libc_nano.a(lib_a-atexit.o)
                0x000000000001c984                atexit
 .text          0x000000000001c990        0xc /usr/lib/gcc/arm-none-eabi/10.3.1/../../../arm-none-eabi/lib/thumb/v7e-m+fp/hard/libc_nano.a(lib_a-errno.o)
                0x000000000001c990                __errno
 .text          0x000000000001c99c       0x28 /usr/lib/gcc/arm-none-eabi/10.3.1/../../../arm-none-eabi/lib/thumb/v7e-m+fp/hard/libc_nano.a(lib_a-exit.o)
                0x000000000001c99c                exit
 .text          0x000000000001c9c4       0x2c /usr/lib/gcc/arm-none-eabi/10.3.1/../../../arm-none-eabi/lib/thumb/v7e-m+fp/hard/libc_nano.a(lib_a-fini.o)
                0x000000000001c9c4                __libc_fini_array
 .text          0x000000000001c9f0      0x1d4 /usr/lib/gcc/arm-none-eabi/10.3.1/../../../arm-none-eabi/lib/thumb/v7e-m+fp/hard/libc_nano.a(lib_a-gmtime_r.o)
                0x000000000001c9f0                gmtime_r
 .text          0x000000000001cbc4       0x48 /usr/lib/gcc/arm-none-eabi/10.3.1/../../../arm-none-eabi/lib/thumb/v7e-m+fp/hard/libc_nano.a(lib_a-init.o)
                0x000000000001cbc4                __libc_init_array
 .text          0x000000000001cc0c       0x20 /usr/lib/gcc/arm-none-eabi/10.3.1/../../../arm-none-eabi/lib/thumb/v7e-m+fp/hard/libc_nano.a(lib_a-malloc.o)
                0x000000000001cc0c                malloc
                0x000000000001cc1c                free
 .text          0x000000000001cc2c       0x64 /usr/lib/gcc/arm-none-eabi/10.3.1/../../../arm-none-eabi/lib/thumb/v7e-m+fp/hard/libc_nano.a(lib_a-memcmp.o)
                0x000000000001cc2c                memcmp
 .text          0x000000000001cc90      0x134 /usr/lib/gcc/arm-none-eabi/10.3.1/../../../arm-none-eabi/lib/thumb/v7e-m+fp/hard/libc_nano.a(lib_a-memcpy.o)
                0x000000000001cc90                memcpy
 .text          0x000000000001cdc4       0xa4 /usr/lib/gcc/arm-none-eabi/10.3.1/../../../arm-none-eabi/lib/thumb/v7e-m+fp/hard/libc_nano.a(lib_a-memset.o)
                0x000000000001cdc4                memset
 .text          0x000000000001ce68       0xc4 /usr/lib/gcc/arm-none-eabi/10.3.1/../../../arm-none-eabi/lib/thumb/v7e-m+fp/hard/libc_nano.a(lib_a-nano-freer.o)
                0x000000000001ce68                _free_r
 .text          0x000000000001cf2c       0xb4 /usr/lib/gcc/arm-none-eabi/10.3.1/../../../arm-none-eabi/lib/thumb/v7e-m+fp/hard/libc_nano.a(lib_a-nano-mallocr.o)
                0x000000000001cf2c                _malloc_r
 .text          0x000000000001cfe0       0x24 /usr/lib/gcc/arm-none-eabi/10.3.1/../../../arm-none-eabi/lib/thumb/v7e-m+fp/hard/libc_nano.a(lib_a-sbrkr.o)
                0x000000000001cfe0                _sbrk_r
 .text          0x000000000001d004       0x78 /usr/lib/gcc/arm-none-eabi/10.3.1/../../../arm-none-eabi/lib/thumb/v7e-m+fp/hard/libc_nano.a(lib_a-sprintf.o)
                0x000000000001d004                _siprintf_r
                0x000000000001d004                _sprintf_r
                0x000000000001d03c                sprintf
                0x000000000001d03c                siprintf
 .text          0x000000000001d07c       0x40 /usr/lib/gcc/arm-none-eabi/10.3.1/../../../arm-none-eabi/lib/thumb/v7e-m+fp/hard/libc_nano.a(lib_a-strcat.o)
                0x000000000001d07c                strcat
 .text          0x000000000001d0bc       0xbc /usr/lib/gcc/arm-none-eabi/10.3.1/../../../arm-none-eabi/lib/thumb/v7e-m+fp/hard/libc_nano.a(lib_a-strcpy.o)
                0x000000000001d0bc                strcpy
 .text          0x000000000001d178       0x64 /usr/lib/gcc/arm-none-eabi/10.3.1/../../../arm-none-eabi/lib/thumb/v7e-m+fp/hard/libc_nano.a(lib_a-strncpy.o)
                0x000000000001d178                strncpy
 .text          0x000000000001d1dc       0xac /usr/lib/gcc/arm-none-eabi/10.3.1/../../../arm-none-eabi/lib/thumb/v7e-m+fp/hard/libc_nano.a(lib_a-__atexit.o)
                0x000000000001d1dc                __register_exitproc
 .text          0x000000000001d288       0xc8 /usr/lib/gcc/arm-none-eabi/10.3.1/../../../arm-none-eabi/lib/thumb/v7e-m+fp/hard/libc_nano.a(lib_a-__call_atexit.o)
                0x000000000001d288                __call_exitprocs
 .text          0x000000000001d350        0x8 /usr/lib/gcc/arm-none-eabi/10.3.1/../../../arm-none-eabi/lib/thumb/v7e-m+fp/hard/libc_nano.a(lib_a-mlock.o)
                0x000000000001d350                __malloc_lock
                0x000000000001d354                __malloc_unlock
 .text          0x000000000001d358      0x3f0 /usr/lib/gcc/arm-none-eabi/10.3.1/../../../arm-none-eabi/lib/thumb/v7e-m+fp/hard/libc_nano.a(lib_a-nano-svfprintf.o)
                0x000000000001d358                __ssputs_r
                0x000000000001d41c                __ssprint_r
                0x000000000001d514                _svfprintf_r
                0x000000000001d514                _svfiprintf_r
 .text          0x000000000001d748      0x3dc /usr/lib/gcc/arm-none-eabi/10.3.1/../../../arm-none-eabi/lib/thumb/v7e-m+fp/hard/libc_nano.a(lib_a-nano-vfprintf_i.o)
                0x000000000001d748                _printf_common
                0x000000000001d874                _printf_i
 *fill*         0x000000000001db24        0xc 
 .text          0x000000000001db30       0xa0 /usr/lib/gcc/arm-none-eabi/10.3.1/../../../arm-none-eabi/lib/thumb/v7e-m+fp/hard/libc_nano.a(lib_a-memchr.o)
                0x000000000001db30                memchr
 .text          0x000000000001dbd0       0xf8 /usr/lib/gcc/arm-none-eabi/10.3.1/../../../arm-none-eabi/lib/thumb/v7e-m+fp/hard/libc_nano.a(lib_a-memmove.o)
                0x000000000001dbd0                memmove
 .text          0x000000000001dcc8       0x50 /usr/lib/gcc/arm-none-eabi/10.3.1/../../../arm-none-eabi/lib/thumb/v7e-m+fp/hard/libc_nano.a(lib_a-nano-reallocr.o)
                0x000000000001dcc8                _realloc_r
 .text          0x000000000001dd18       0x14 /usr/lib/gcc/arm-none-eabi/10.3.1/../../../arm-none-eabi/lib/thumb/v7e-m+fp/hard/libc_nano.a(lib_a-nano-msizer.o)
                0x000000000001dd18                _malloc_usable_size_r
 .text          0x000000000001dd2c       0x1c /usr/lib/gcc/arm-none-eabi/10.3.1/../../../arm-none-eabi/lib/thumb/v7e-m+fp/hard/libnosys.a(sbrk.o)
                0x000000000001dd2c                _sbrk
 .text          0x000000000001dd48        0x4 /usr/lib/gcc/arm-none-eabi/10.3.1/../../../arm-none-eabi/lib/thumb/v7e-m+fp/hard/libnosys.a(_exit.o)
                0x000000000001dd48                _exit
 *(.init)
 .init          0x000000000001dd4c        0x4 /usr/lib/gcc/arm-none-eabi/10.3.1/thumb/v7e-m+fp/hard/crti.o
                0x000000000001dd4c                _init
 .init          0x000000000001dd50        0x8 /usr/lib/gcc/arm-none-eabi/10.3.1/thumb/v7e-m+fp/hard/crtn.o
 *(.fini)
 .fini          0x000000000001dd58        0x4 /usr/lib/gcc/arm-none-eabi/10.3.1/thumb/v7e-m+fp/hard/crti.o
                0x000000000001dd58                _fini
 .fini          0x000000000001dd5c        0x8 /usr/lib/gcc/arm-none-eabi/10.3.1/thumb/v7e-m+fp/hard/crtn.o
 *fill*         0x000000000001dd64        0x4 
 .fini.__stub   0x000000000001dd68        0x8 linker stubs
 *crtbegin.o(.ctors)
 *crtbegin?.o(.ctors)
 *(EXCLUDE_FILE(*crtend.o *crtend?.o) .ctors)
 *(SORT_BY_NAME(.ctors.*))
 *(.ctors)
 *crtbegin.o(.dtors)
 *crtbegin?.o(.dtors)
 *(EXCLUDE_FILE(*crtend.o *crtend?.o) .dtors)
 *(SORT_BY_NAME(.dtors.*))
 *(.dtors)
 *(.rodata*)
 .rodata.hammingConversion
                0x000000000001dd70       0x80 ./objects/audioConfig.o
 .rodata.sineTable
                0x000000000001ddf0      0x400 ./objects/audioConfig.o
 .rodata.handleUSBPacket.str1.4
                0x000000000001e1f0        0xe ./objects/audioMoth.o
 .rodata.AudioMoth_enableFileSystem.str1.4
                0x000000000001e1fe        0xe ./objects/audioMoth.o
                                          0x1 (size before relaxing)
 *fill*         0x000000000001e1fe        0x2 
 .rodata        0x000000000001e200       0xb0 ./objects/audioMoth.o
 .rodata.BOS_Descriptor
                0x000000000001e2b0       0x39 ./objects/audioMoth.o
 *fill*         0x000000000001e2e9        0x3 
 .rodata.HID_Descriptor
                0x000000000001e2ec        0x9 ./objects/audioMoth.o
 *fill*         0x000000000001e2f5        0x3 
 .rodata.HID_ReportDescriptor
                0x000000000001e2f8       0x1c ./objects/audioMoth.o
 .rodata.MICROSOFT_Descriptor
                0x000000000001e314       0xb2 ./objects/audioMoth.o
 *fill*         0x000000000001e3c6        0x2 
 .rodata.URL_Descriptor
                0x000000000001e3c8       0x1b ./objects/audioMoth.o
 *fill*         0x000000000001e3e3        0x1 
 .rodata.bufferingMultiplier
                0x000000000001e3e4        0x5 ./objects/audioMoth.o
 *fill*         0x000000000001e3e9        0x3 
 .rodata.callbacks
                0x000000000001e3ec       0x14 ./objects/audioMoth.o
 .rodata.configDesc
                0x000000000001e400       0x40 ./objects/audioMoth.o
 .rodata.deviceDesc
                0x000000000001e440       0x12 ./objects/audioMoth.o
 *fill*         0x000000000001e452        0x2 
 .rodata.iManufacturer
                0x000000000001e454       0x34 ./objects/audioMoth.o
 .rodata.iProduct
                0x000000000001e488       0x16 ./objects/audioMoth.o
 *fill*         0x000000000001e49e        0x2 
 .rodata.iSerialNumber
                0x000000000001e4a0        0xc ./objects/audioMoth.o
 .rodata.initstruct
                0x000000000001e4ac       0x1c ./objects/audioMoth.o
 .rodata.langID
                0x000000000001e4c8        0x4 ./objects/audioMoth.o
 .rodata.strings
                0x000000000001e4cc       0x10 ./objects/audioMoth.o
 .rodata        0x000000000001e4dc       0x18 ./objects/butterworth.o
 .rodata        0x000000000001e4f4       0x18 ./objects/digitalFilter.o
 .rodata.CSWTCH.31
                0x000000000001e50c        0x3 ./objects/em_cmu.o
 *fill*         0x000000000001e50f        0x1 
 .rodata.CSWTCH.45
                0x000000000001e510       0x14 ./objects/em_cmu.o
 .rodata.CSWTCH.46
                0x000000000001e524       0x14 ./objects/em_cmu.o
 .rodata.CSWTCH.47
                0x000000000001e538       0x14 ./objects/em_cmu.o
 .rodata.follow_path.str1.4
                0x000000000001e54c       0x13 ./objects/ff.o
 *fill*         0x000000000001e55f        0x1 
 .rodata.LfnOfs
                0x000000000001e560        0xd ./objects/ff.o
 *fill*         0x000000000001e56d        0x3 
 .rodata.cvt1.1
                0x000000000001e570      0x1f2 ./objects/ffunicode.o
 *fill*         0x000000000001e762        0x2 
 .rodata.cvt2.0
                0x000000000001e764       0xbc ./objects/ffunicode.o
 .rodata.oem2uni932
                0x000000000001e820     0x7378 ./objects/ffunicode.o
 .rodata.uni2oem932
                0x0000000000025b98     0x7378 ./objects/ffunicode.o
 .rodata        0x000000000002cf10       0x18 ./objects/gpsinterface.o
 .rodata.daysByMonth
                0x000000000002cf28       0x30 ./objects/gpsutilities.o
 .rodata.writeGPSLogMessage.str1.4
                0x000000000002cf58       0x2d ./objects/main.o
 *fill*         0x000000000002cf85        0x3 
 .rodata.formatPercentage.str1.4
                0x000000000002cf88        0xc ./objects/main.o
 .rodata.setTimeFromGPS.str1.4
                0x000000000002cf94       0xbf ./objects/main.o
 *fill*         0x000000000002d053        0x1 
 .rodata.generateFolderAndFilename.constprop.0.str1.4
                0x000000000002d054       0x33 ./objects/main.o
 *fill*         0x000000000002d087        0x1 
 .rodata.writeConfigurationToFile.constprop.0.str1.4
                0x000000000002d088      0x581 ./objects/main.o
                                        0x585 (size before relaxing)
 *fill*         0x000000000002d609        0x3 
 .rodata.main.str1.4
                0x000000000002d60c      0x2f5 ./objects/main.o
                                        0x2f9 (size before relaxing)
 *fill*         0x000000000002d901        0x3 
 .rodata.GPS_handleSetTime.str1.4
                0x000000000002d904      0x119 ./objects/main.o
 *fill*         0x000000000002da1d        0x3 
 .rodata.GPS_handlePPSEvent.str1.4
                0x000000000002da20       0x22 ./objects/main.o
 *fill*         0x000000000002da42        0x2 
 .rodata.GPS_handleFixEvent.str1.4
                0x000000000002da44       0x64 ./objects/main.o
 .rodata.GPS_handleMessageEvent.str1.4
                0x000000000002daa8       0x1c ./objects/main.o
 .rodata.str1.4
                0x000000000002dac4       0x45 ./objects/main.o
                                         0x55 (size before relaxing)
 *fill*         0x000000000002db09        0x3 
 .rodata.defaultConfigSettings
                0x000000000002db0c       0x3e ./objects/main.o
 *fill*         0x000000000002db4a        0x2 
 .rodata.gainSettings.3
                0x000000000002db4c       0x14 ./objects/main.o
 .rodata.gainSettings.7
                0x000000000002db60       0x14 ./objects/main.o
 .rodata        0x000000000002db74       0x18 ./objects/microsd.o
 .rodata.DEFAULTfunctions
                0x000000000002db8c       0x10 ./objects/nmeaparser.o
                0x000000000002db8c                DEFAULTfunctions
 .rodata.RMCfunctions
                0x000000000002db9c       0xe0 ./objects/nmeaparser.o
                0x000000000002db9c                RMCfunctions
 .rodata        0x000000000002dc7c      0x188 /usr/lib/gcc/arm-none-eabi/10.3.1/../../../arm-none-eabi/lib/thumb/v7e-m+fp/hard/libm.a(lib_a-e_rem_pio2.o)
 .rodata.str1.4
                0x000000000002de04        0x1 /usr/lib/gcc/arm-none-eabi/10.3.1/../../../arm-none-eabi/lib/thumb/v7e-m+fp/hard/libm.a(lib_a-ef_pow.o)
 .rodata        0x000000000002de04      0x398 /usr/lib/gcc/arm-none-eabi/10.3.1/../../../arm-none-eabi/lib/thumb/v7e-m+fp/hard/libm.a(lib_a-ef_rem_pio2.o)
 *fill*         0x000000000002e19c        0x4 
 .rodata        0x000000000002e1a0       0x50 /usr/lib/gcc/arm-none-eabi/10.3.1/../../../arm-none-eabi/lib/thumb/v7e-m+fp/hard/libm.a(lib_a-k_rem_pio2.o)
 .rodata        0x000000000002e1f0       0x38 /usr/lib/gcc/arm-none-eabi/10.3.1/../../../arm-none-eabi/lib/thumb/v7e-m+fp/hard/libm.a(lib_a-kf_rem_pio2.o)
 .rodata        0x000000000002e228        0x8 /usr/lib/gcc/arm-none-eabi/10.3.1/../../../arm-none-eabi/lib/thumb/v7e-m+fp/hard/libm.a(lib_a-sf_rint.o)
 .rodata        0x000000000002e230       0x18 /usr/lib/gcc/arm-none-eabi/10.3.1/../../../arm-none-eabi/lib/thumb/v7e-m+fp/hard/libm.a(lib_a-ef_exp.o)
 .rodata        0x000000000002e248        0x4 /usr/lib/gcc/arm-none-eabi/10.3.1/../../../arm-none-eabi/lib/thumb/v7e-m+fp/hard/libc_nano.a(lib_a-impure.o)
                0x000000000002e248                _global_impure_ptr
 .rodata.str1.4
                0x000000000002e24c       0x13 /usr/lib/gcc/arm-none-eabi/10.3.1/../../../arm-none-eabi/lib/thumb/v7e-m+fp/hard/libc_nano.a(lib_a-nano-svfprintf.o)
 *fill*         0x000000000002e25f        0x1 
 .rodata.str1.4
                0x000000000002e260       0x25 /usr/lib/gcc/arm-none-eabi/10.3.1/../../../arm-none-eabi/lib/thumb/v7e-m+fp/hard/libc_nano.a(lib_a-nano-vfprintf_i.o)
 *fill*         0x000000000002e285        0x3 
 .rodata        0x000000000002e288       0x60 /usr/lib/gcc/arm-none-eabi/10.3.1/../../../arm-none-eabi/lib/thumb/v7e-m+fp/hard/libc_nano.a(lib_a-findfp.o)
                0x000000000002e288                __sf_fake_stderr
                0x000000000002e2a8                __sf_fake_stdout
                0x000000000002e2c8                __sf_fake_stdin
 *(.eh_frame*)
 .eh_frame      0x000000000002e2e8        0x0 /usr/lib/gcc/arm-none-eabi/10.3.1/thumb/v7e-m+fp/hard/crtbegin.o
 .eh_frame      0x000000000002e2e8        0x4 /usr/lib/gcc/arm-none-eabi/10.3.1/thumb/v7e-m+fp/hard/crtend.o

.glue_7         0x000000000002e2ec        0x0
 .glue_7        0x000000000002e2ec        0x0 linker stubs

.glue_7t        0x000000000002e2ec        0x0
 .glue_7t       0x000000000002e2ec        0x0 linker stubs

.vfp11_veneer   0x000000000002e2ec        0x0
 .vfp11_veneer  0x000000000002e2ec        0x0 linker stubs

.v4_bx          0x000000000002e2ec        0x0
 .v4_bx         0x000000000002e2ec        0x0 linker stubs

.iplt           0x000000000002e2ec        0x0
 .iplt          0x000000000002e2ec        0x0 /usr/lib/gcc/arm-none-eabi/10.3.1/thumb/v7e-m+fp/hard/crtbegin.o

.ARM.extab
 *(.ARM.extab* .gnu.linkonce.armextab.*)
                0x000000000002e2ec                __exidx_start = .

.ARM.exidx      0x000000000002e2ec        0x8
 *(.ARM.exidx* .gnu.linkonce.armexidx.*)
 .ARM.exidx     0x000000000002e2ec        0x8 /usr/lib/gcc/arm-none-eabi/10.3.1/../../../arm-none-eabi/lib/thumb/v7e-m+fp/hard/crt0.o
                                         0x10 (size before relaxing)
 .ARM.exidx     0x000000000002e2f4        0x0 /usr/lib/gcc/arm-none-eabi/10.3.1/thumb/v7e-m+fp/hard/libgcc.a(_udivmoddi4.o)
                                          0x8 (size before relaxing)
                0x000000000002e2f4                __exidx_end = .
                0x000000000002e2f4                __etext = .

.rel.dyn        0x000000000002e2f4        0x0
 .rel.iplt      0x000000000002e2f4        0x0 /usr/lib/gcc/arm-none-eabi/10.3.1/thumb/v7e-m+fp/hard/crtbegin.o

.data           0x0000000020000000      0x790 load address 0x000000000002e2f4
                0x0000000020000000                __data_start__ = .
 *(vtable)
 *(.data*)
 .data.opamp1LowGainRange.3
                0x0000000020000000       0x14 ./objects/audioMoth.o
 .data.opamp1NormalGainRange.2
                0x0000000020000014       0x14 ./objects/audioMoth.o
 .data.opamp2LowGainRange.1
                0x0000000020000028       0x14 ./objects/audioMoth.o
 .data.opamp2NormalGainRange.0
                0x000000002000003c       0x14 ./objects/audioMoth.o
 .data.stat     0x0000000020000050        0x1 ./objects/diskio.o
 *fill*         0x0000000020000051        0x3 
 .data.dev      0x0000000020000054        0x4 ./objects/em_usbd.o
                0x0000000020000054                dev
 .data.firmwareDescription
                0x0000000020000058       0x20 ./objects/main.o
 .data.firmwareVersion
                0x0000000020000078        0x3 ./objects/main.o
 *fill*         0x000000002000007b        0x1 
 .data.gpsTickEventCount
                0x000000002000007c        0x4 ./objects/main.o
 .data.gpsTickEventModulo
                0x0000000020000080        0x4 ./objects/main.o
 .data.wavHeader
                0x0000000020000084      0x1e8 ./objects/main.o
 .data.SystemCoreClock
                0x000000002000026c        0x4 ./objects/system_efm32wg.o
                0x000000002000026c                SystemCoreClock
 .data.SystemHFXOClock
                0x0000000020000270        0x4 ./objects/system_efm32wg.o
 .data.SystemLFXOClock
                0x0000000020000274        0x4 ./objects/system_efm32wg.o
 .data          0x0000000020000278        0x1 /usr/lib/gcc/arm-none-eabi/10.3.1/../../../arm-none-eabi/lib/thumb/v7e-m+fp/hard/libm.a(lib_a-s_lib_ver.o)
                0x0000000020000278                __fdlib_version
 *fill*         0x0000000020000279        0x3 
 .data          0x000000002000027c       0x64 /usr/lib/gcc/arm-none-eabi/10.3.1/../../../arm-none-eabi/lib/thumb/v7e-m+fp/hard/libc_nano.a(lib_a-impure.o)
                0x000000002000027c                _impure_ptr
                0x00000000200002e0                . = ALIGN (0x4)
 *(.ram)
 .ram           0x00000000200002e0       0x4c ./objects/audioMoth.o
                0x00000000200002e0                AudioMoth_writeToFlashUserDataPage
 .ram           0x000000002000032c      0x444 ./objects/em_msc.o
                0x000000002000032c                MSC_WriteWord
                0x000000002000040c                MSC_WriteWordFast
                0x0000000020000528                MSC_ErasePage
                0x00000000200005a0                MSC_MassErase
                0x00000000200005c8                MSC_LoadWriteData
                0x0000000020000668                MSC_WriteWordI
                0x000000002000071c                MSC_LoadVerifyAddress
                0x000000002000076c                mscRfAssertEFM
 .ram.__stub    0x0000000020000770       0x18 linker stubs
                0x0000000020000788                . = ALIGN (0x4)
                0x0000000020000788                PROVIDE (__preinit_array_start = .)
 *(.preinit_array)
                0x0000000020000788                PROVIDE (__preinit_array_end = .)
                0x0000000020000788                . = ALIGN (0x4)
                0x0000000020000788                PROVIDE (__init_array_start = .)
 *(SORT_BY_NAME(.init_array.*))
 *(.init_array)
 .init_array    0x0000000020000788        0x4 /usr/lib/gcc/arm-none-eabi/10.3.1/thumb/v7e-m+fp/hard/crtbegin.o
                0x000000002000078c                PROVIDE (__init_array_end = .)
                0x000000002000078c                . = ALIGN (0x4)
                0x000000002000078c                PROVIDE (__fini_array_start = .)
 *(SORT_BY_NAME(.fini_array.*))
 *(.fini_array)
 .fini_array    0x000000002000078c        0x4 /usr/lib/gcc/arm-none-eabi/10.3.1/thumb/v7e-m+fp/hard/crtbegin.o
                0x0000000020000790                PROVIDE (__fini_array_end = .)
 *(.jcr*)
                0x0000000020000790                . = ALIGN (0x4)
                0x0000000020000790                __data_end__ = .

.tm_clone_table
                0x0000000020000790        0x0 load address 0x000000000002ea84
 .tm_clone_table
                0x0000000020000790        0x0 /usr/lib/gcc/arm-none-eabi/10.3.1/thumb/v7e-m+fp/hard/crtbegin.o
 .tm_clone_table
                0x0000000020000790        0x0 /usr/lib/gcc/arm-none-eabi/10.3.1/thumb/v7e-m+fp/hard/crtend.o

.igot.plt       0x0000000020000790        0x0 load address 0x000000000002ea84
 .igot.plt      0x0000000020000790        0x0 /usr/lib/gcc/arm-none-eabi/10.3.1/thumb/v7e-m+fp/hard/crtbegin.o

.bss            0x0000000020000800     0x3990 load address 0x000000000002eb00
                0x0000000020000800                . = ALIGN (0x4)
                0x0000000020000800                __bss_start__ = .
 *(.bss*)
 .bss           0x0000000020000800       0x1c /usr/lib/gcc/arm-none-eabi/10.3.1/thumb/v7e-m+fp/hard/crtbegin.o
 .bss.agcFilter
                0x000000002000081c       0x18 ./objects/audioConfig.o
 .bss.agcFilterCoefficients
                0x0000000020000834        0xc ./objects/audioConfig.o
 .bss.cancel    0x0000000020000840        0x1 ./objects/audioConfig.o
 *fill*         0x0000000020000841        0x3 
 .bss.carrierFilter
                0x0000000020000844       0x18 ./objects/audioConfig.o
 .bss.carrierFilterCoefficients
                0x000000002000085c        0xc ./objects/audioConfig.o
 .bss.channel1Filter
                0x0000000020000868       0x18 ./objects/audioConfig.o
 .bss.channel2Filter
                0x0000000020000880       0x18 ./objects/audioConfig.o
 .bss.channelFilterCoefficients
                0x0000000020000898       0x14 ./objects/audioConfig.o
 .bss.configSample
                0x00000000200008ac        0x2 ./objects/audioConfig.o
 .bss.configSampleReady
                0x00000000200008ae        0x1 ./objects/audioConfig.o
 *fill*         0x00000000200008af        0x1 
 .bss.omegaT    0x00000000200008b0        0x4 ./objects/audioConfig.o
 .bss.receivedBytes
                0x00000000200008b4       0x10 ./objects/audioConfig.o
 .bss.bw        0x00000000200008c4        0x4 ./objects/audioMoth.o
 .bss.cb        0x00000000200008c8        0xc ./objects/audioMoth.o
 .bss.delayTimmerRunning
                0x00000000200008d4        0x1 ./objects/audioMoth.o
 .bss.enterBootloader
                0x00000000200008d5        0x1 ./objects/audioMoth.o
 *fill*         0x00000000200008d6        0x2 
 .bss.fatfs     0x00000000200008d8      0x23c ./objects/audioMoth.o
 *fill*         0x0000000020000b14        0x4 
 .bss.file      0x0000000020000b18      0x250 ./objects/audioMoth.o
 .bss.numberOfSamplesPerTransfer
                0x0000000020000d68        0x2 ./objects/audioMoth.o
 *fill*         0x0000000020000d6a        0x2 
 .bss.receiveBuffer
                0x0000000020000d6c       0x80 ./objects/audioMoth.o
 .bss.stationId
                0x0000000020000dec        0x1 ./objects/audioMoth.o
                0x0000000020000dec                stationId
 *fill*         0x0000000020000ded        0x3 
 .bss.transmitBuffer
                0x0000000020000df0       0x80 ./objects/audioMoth.o
 .bss.botcoeffs
                0x0000000020000e70       0x18 ./objects/butterworth.o